Archive member included to satisfy reference by file (symbol)

/usr/lib/gcc/arm-none-eabi/6.2.0/../../../../arm-none-eabi/lib/armv6-m/libc_nano.a(lib_a-atexit.o)
                              /usr/lib/gcc/arm-none-eabi/6.2.0/../../../../arm-none-eabi/lib/armv6-m/crt0.o (atexit)
/usr/lib/gcc/arm-none-eabi/6.2.0/../../../../arm-none-eabi/lib/armv6-m/libc_nano.a(lib_a-exit.o)
                              /usr/lib/gcc/arm-none-eabi/6.2.0/../../../../arm-none-eabi/lib/armv6-m/crt0.o (exit)
/usr/lib/gcc/arm-none-eabi/6.2.0/../../../../arm-none-eabi/lib/armv6-m/libc_nano.a(lib_a-fini.o)
                              /usr/lib/gcc/arm-none-eabi/6.2.0/../../../../arm-none-eabi/lib/armv6-m/crt0.o (__libc_fini_array)
/usr/lib/gcc/arm-none-eabi/6.2.0/../../../../arm-none-eabi/lib/armv6-m/libc_nano.a(lib_a-impure.o)
                              /usr/lib/gcc/arm-none-eabi/6.2.0/../../../../arm-none-eabi/lib/armv6-m/libc_nano.a(lib_a-exit.o) (_global_impure_ptr)
/usr/lib/gcc/arm-none-eabi/6.2.0/../../../../arm-none-eabi/lib/armv6-m/libc_nano.a(lib_a-init.o)
                              /usr/lib/gcc/arm-none-eabi/6.2.0/../../../../arm-none-eabi/lib/armv6-m/crt0.o (__libc_init_array)
/usr/lib/gcc/arm-none-eabi/6.2.0/../../../../arm-none-eabi/lib/armv6-m/libc_nano.a(lib_a-memcpy-stub.o)
                              build/stm32f0xx_hal_rcc.o (memcpy)
/usr/lib/gcc/arm-none-eabi/6.2.0/../../../../arm-none-eabi/lib/armv6-m/libc_nano.a(lib_a-memset.o)
                              /usr/lib/gcc/arm-none-eabi/6.2.0/../../../../arm-none-eabi/lib/armv6-m/crt0.o (memset)
/usr/lib/gcc/arm-none-eabi/6.2.0/../../../../arm-none-eabi/lib/armv6-m/libc_nano.a(lib_a-__atexit.o)
                              /usr/lib/gcc/arm-none-eabi/6.2.0/../../../../arm-none-eabi/lib/armv6-m/libc_nano.a(lib_a-atexit.o) (__register_exitproc)
/usr/lib/gcc/arm-none-eabi/6.2.0/../../../../arm-none-eabi/lib/armv6-m/libc_nano.a(lib_a-__call_atexit.o)
                              /usr/lib/gcc/arm-none-eabi/6.2.0/../../../../arm-none-eabi/lib/armv6-m/libc_nano.a(lib_a-__atexit.o) (__call_exitprocs)
/usr/lib/gcc/arm-none-eabi/6.2.0/../../../../arm-none-eabi/lib/armv6-m/libnosys.a(_exit.o)
                              /usr/lib/gcc/arm-none-eabi/6.2.0/../../../../arm-none-eabi/lib/armv6-m/libc_nano.a(lib_a-exit.o) (_exit)
/usr/lib/gcc/arm-none-eabi/6.2.0/armv6-m/libgcc.a(_udivsi3.o)
                              build/main.o (__aeabi_uidiv)
/usr/lib/gcc/arm-none-eabi/6.2.0/armv6-m/libgcc.a(_divsi3.o)
                              build/u8g_polygon.o (__aeabi_idiv)
/usr/lib/gcc/arm-none-eabi/6.2.0/armv6-m/libgcc.a(_dvmd_tls.o)
                              /usr/lib/gcc/arm-none-eabi/6.2.0/armv6-m/libgcc.a(_udivsi3.o) (__aeabi_idiv0)

Allocating common symbols
Common symbol       size              file

hUsbDeviceFS        0x224             build/usb_device.o
hi2c1               0x4c              build/main.o
u8g_vs_width        0x1               build/u8g_virtual_screen.o
uwTick              0x4               build/stm32f0xx_hal.o
pFlash              0x20              build/stm32f0xx_hal_flash.o
UserRxBufferFS      0x4               build/usbd_cdc_if.o
u8g_vs_height       0x1               build/u8g_virtual_screen.o
u8g_pb_dev_gprof_buf
                    0x80              build/u8g_dev_gprof.o
u8g_vs_list         0x20              build/u8g_virtual_screen.o
UserTxBufferFS      0x4               build/usbd_cdc_if.o
u8g_write_flip_disc_matrix
                    0x4               build/u8g_dev_flipdisc_2x7.o
u8g_vs_current      0x1               build/u8g_virtual_screen.o
hpcd_USB_FS         0x220             build/usbd_conf.o
husart1             0x48              build/main.o
USBD_StrDesc        0x200             build/usbd_desc.o
u8g_pg              0x4c              build/u8g_polygon.o

Discarded input sections

 .text          0x0000000000000000        0x0 /usr/lib/gcc/arm-none-eabi/6.2.0/armv6-m/crti.o
 .data          0x0000000000000000        0x0 /usr/lib/gcc/arm-none-eabi/6.2.0/armv6-m/crti.o
 .bss           0x0000000000000000        0x0 /usr/lib/gcc/arm-none-eabi/6.2.0/armv6-m/crti.o
 .text          0x0000000000000000        0x0 /usr/lib/gcc/arm-none-eabi/6.2.0/armv6-m/crtbegin.o
 .data          0x0000000000000000        0x0 /usr/lib/gcc/arm-none-eabi/6.2.0/armv6-m/crtbegin.o
 .bss           0x0000000000000000        0x0 /usr/lib/gcc/arm-none-eabi/6.2.0/armv6-m/crtbegin.o
 .data.__dso_handle
                0x0000000000000000        0x4 /usr/lib/gcc/arm-none-eabi/6.2.0/armv6-m/crtbegin.o
 .text          0x0000000000000000       0x6c /usr/lib/gcc/arm-none-eabi/6.2.0/../../../../arm-none-eabi/lib/armv6-m/crt0.o
 .data          0x0000000000000000        0x0 /usr/lib/gcc/arm-none-eabi/6.2.0/../../../../arm-none-eabi/lib/armv6-m/crt0.o
 .bss           0x0000000000000000        0x0 /usr/lib/gcc/arm-none-eabi/6.2.0/../../../../arm-none-eabi/lib/armv6-m/crt0.o
[...]
Memory Configuration

Name             Origin             Length             Attributes
RAM              0x0000000020000000 0x0000000000004000 xrw
FLASH            0x0000000008000000 0x0000000000020000 xr
*default*        0x0000000000000000 0xffffffffffffffff

Linker script and memory map

LOAD /usr/lib/gcc/arm-none-eabi/6.2.0/armv6-m/crti.o
LOAD /usr/lib/gcc/arm-none-eabi/6.2.0/armv6-m/crtbegin.o
LOAD /usr/lib/gcc/arm-none-eabi/6.2.0/../../../../arm-none-eabi/lib/armv6-m/crt0.o
LOAD build/usb_device.o
LOAD build/usbd_conf.o
LOAD build/usbd_desc.o
LOAD build/usbd_cdc_if.o
LOAD build/stm32f0xx_it.o
LOAD build/stm32f0xx_hal_msp.o
LOAD build/main.o
LOAD build/stm32f0xx_hal_pcd.o
LOAD build/stm32f0xx_hal_pcd_ex.o
LOAD build/stm32f0xx_hal_i2c.o
LOAD build/stm32f0xx_hal_i2c_ex.o
LOAD build/stm32f0xx_hal_tim.o
LOAD build/stm32f0xx_hal_tim_ex.o
LOAD build/stm32f0xx_hal_usart.o
LOAD build/stm32f0xx_hal_rcc.o
LOAD build/stm32f0xx_hal_rcc_ex.o
LOAD build/stm32f0xx_hal.o
LOAD build/stm32f0xx_hal_gpio.o
LOAD build/stm32f0xx_hal_dma.o
LOAD build/stm32f0xx_hal_cortex.o
LOAD build/stm32f0xx_hal_pwr.o
LOAD build/stm32f0xx_hal_pwr_ex.o
LOAD build/stm32f0xx_hal_flash.o
LOAD build/stm32f0xx_hal_flash_ex.o
LOAD build/system_stm32f0xx.o
LOAD build/u8g_arm.o
LOAD build/u8g_bitmap.o
LOAD build/u8g_circle.o
LOAD build/u8g_clip.o
LOAD build/u8g_com_api.o
LOAD build/u8g_com_api_16gr.o
LOAD build/u8g_com_i2c.o
LOAD build/u8g_com_io.o
LOAD build/u8g_com_msp430_hw_spi.o
LOAD build/u8g_com_null.o
LOAD build/u8g_com_raspberrypi_hw_spi.o
LOAD build/u8g_com_raspberrypi_ssd_i2c.o
LOAD build/u8g_com_std_sw_spi.o
LOAD build/u8g_cursor.o
LOAD build/u8g_delay.o
LOAD build/u8g_dev_a2_micro_printer.o
LOAD build/u8g_dev_flipdisc_2x7.o
LOAD build/u8g_dev_gprof.o
LOAD build/u8g_dev_ht1632.o
LOAD build/u8g_dev_ili9325d_320x240.o
LOAD build/u8g_dev_ks0108_128x64.o
LOAD build/u8g_dev_lc7981_160x80.o
LOAD build/u8g_dev_lc7981_240x128.o
LOAD build/u8g_dev_lc7981_240x64.o
LOAD build/u8g_dev_lc7981_320x64.o
LOAD build/u8g_dev_ld7032_60x32.o
LOAD build/u8g_dev_null.o
LOAD build/u8g_dev_pcd8544_84x48.o
LOAD build/u8g_dev_pcf8812_96x65.o
LOAD build/u8g_dev_sbn1661_122x32.o
LOAD build/u8g_dev_ssd1306_128x32.o
LOAD build/u8g_dev_ssd1306_128x64.o
LOAD build/u8g_dev_ssd1306_64x48.o
LOAD build/u8g_dev_ssd1309_128x64.o
LOAD build/u8g_dev_ssd1322_nhd31oled_bw.o
LOAD build/u8g_dev_ssd1322_nhd31oled_gr.o
LOAD build/u8g_dev_ssd1325_nhd27oled_bw.o
LOAD build/u8g_dev_ssd1325_nhd27oled_bw_new.o
LOAD build/u8g_dev_ssd1325_nhd27oled_gr.o
LOAD build/u8g_dev_ssd1325_nhd27oled_gr_new.o
LOAD build/u8g_dev_ssd1327_96x96_gr.o
LOAD build/u8g_dev_ssd1351_128x128.o
LOAD build/u8g_dev_ssd1353_160x128.o
LOAD build/u8g_dev_st7565_64128n.o
LOAD build/u8g_dev_st7565_dogm128.o
LOAD build/u8g_dev_st7565_dogm132.o
LOAD build/u8g_dev_st7565_lm6059.o
LOAD build/u8g_dev_st7565_lm6063.o
LOAD build/u8g_dev_st7565_nhd_c12832.o
LOAD build/u8g_dev_st7565_nhd_c12864.o
LOAD build/u8g_dev_st7687_c144mvgd.o
LOAD build/u8g_dev_st7920_128x64.o
LOAD build/u8g_dev_st7920_192x32.o
LOAD build/u8g_dev_st7920_202x32.o
LOAD build/u8g_dev_t6963_128x128.o
LOAD build/u8g_dev_t6963_128x64.o
LOAD build/u8g_dev_t6963_240x128.o
LOAD build/u8g_dev_t6963_240x64.o
LOAD build/u8g_dev_tls8204_84x48.o
LOAD build/u8g_dev_uc1601_c128032.o
LOAD build/u8g_dev_uc1608_240x128.o
LOAD build/u8g_dev_uc1608_240x64.o
LOAD build/u8g_dev_uc1610_dogxl160.o
LOAD build/u8g_dev_uc1611_dogm240.o
LOAD build/u8g_dev_uc1611_dogxl240.o
LOAD build/u8g_dev_uc1701_dogs102.o
LOAD build/u8g_dev_uc1701_mini12864.o
LOAD build/u8g_ellipse.o
LOAD build/u8g_font.o
LOAD build/u8g_font_data.o
LOAD build/u8g_line.o
LOAD build/u8g_ll_api.o
LOAD build/u8g_page.o
LOAD build/u8g_pb.o
LOAD build/u8g_pb14v1.o
LOAD build/u8g_pb16h1.o
LOAD build/u8g_pb16h2.o
LOAD build/u8g_pb16v1.o
LOAD build/u8g_pb16v2.o
LOAD build/u8g_pb32h1.o
LOAD build/u8g_pb8h1.o
LOAD build/u8g_pb8h1f.o
LOAD build/u8g_pb8h2.o
LOAD build/u8g_pb8h8.o
LOAD build/u8g_pb8v1.o
LOAD build/u8g_pb8v2.o
LOAD build/u8g_pbxh16.o
LOAD build/u8g_pbxh24.o
LOAD build/u8g_polygon.o
LOAD build/u8g_rect.o
LOAD build/u8g_rot.o
LOAD build/u8g_scale.o
LOAD build/u8g_state.o
LOAD build/u8g_u16toa.o
LOAD build/u8g_u8toa.o
LOAD build/u8g_virtual_screen.o
LOAD build/usbd_core.o
LOAD build/usbd_ctlreq.o
LOAD build/usbd_ioreq.o
LOAD build/usbd_cdc.o
LOAD build/startup_stm32f072xb.o
LOAD /usr/lib/gcc/arm-none-eabi/6.2.0/../../../../arm-none-eabi/lib/armv6-m/libc_nano.a
LOAD /usr/lib/gcc/arm-none-eabi/6.2.0/../../../../arm-none-eabi/lib/armv6-m/libm.a
LOAD /usr/lib/gcc/arm-none-eabi/6.2.0/../../../../arm-none-eabi/lib/armv6-m/libnosys.a
START GROUP
LOAD /usr/lib/gcc/arm-none-eabi/6.2.0/armv6-m/libgcc.a
LOAD /usr/lib/gcc/arm-none-eabi/6.2.0/../../../../arm-none-eabi/lib/armv6-m/libc_nano.a
END GROUP
START GROUP
LOAD /usr/lib/gcc/arm-none-eabi/6.2.0/armv6-m/libgcc.a
LOAD /usr/lib/gcc/arm-none-eabi/6.2.0/../../../../arm-none-eabi/lib/armv6-m/libc_nano.a
END GROUP
LOAD /usr/lib/gcc/arm-none-eabi/6.2.0/armv6-m/crtend.o
LOAD /usr/lib/gcc/arm-none-eabi/6.2.0/armv6-m/crtn.o
                0x0000000020004000                _estack = 0x20004000
                0x0000000000000200                _Min_Heap_Size = 0x200
                0x0000000000000400                _Min_Stack_Size = 0x400

.isr_vector     0x0000000008000000       0xc0
                0x0000000008000000                . = ALIGN (0x4)
 *(.isr_vector)
 .isr_vector    0x0000000008000000       0xc0 build/startup_stm32f072xb.o
                0x0000000008000000                g_pfnVectors
                0x00000000080000c0                . = ALIGN (0x4)

.text           0x00000000080000c0     0x7eb0
                0x00000000080000c0                . = ALIGN (0x4)
 *(.text)
 .text          0x00000000080000c0       0x9c /usr/lib/gcc/arm-none-eabi/6.2.0/armv6-m/libgcc.a(_udivsi3.o)
                0x00000000080000c0                __udivsi3
                0x00000000080000c0                __aeabi_uidiv
                0x0000000008000148                __aeabi_uidivmod
 .text          0x000000000800015c        0x4 /usr/lib/gcc/arm-none-eabi/6.2.0/armv6-m/libgcc.a(_dvmd_tls.o)
                0x000000000800015c                __aeabi_ldiv0
                0x000000000800015c                __aeabi_idiv0
 *(.text*)
 .text.__do_global_dtors_aux
                0x0000000008000160       0x28 /usr/lib/gcc/arm-none-eabi/6.2.0/armv6-m/crtbegin.o
 .text.frame_dummy
                0x0000000008000188       0x38 /usr/lib/gcc/arm-none-eabi/6.2.0/armv6-m/crtbegin.o
 .text.MX_USB_DEVICE_Init
                0x00000000080001c0       0x48 build/usb_device.o
                0x00000000080001c0                MX_USB_DEVICE_Init
 .text.HAL_PCD_MspInit
                0x0000000008000208       0x50 build/usbd_conf.o
                0x0000000008000208                HAL_PCD_MspInit
 .text.HAL_PCD_SetupStageCallback
                0x0000000008000258       0x26 build/usbd_conf.o
                0x0000000008000258                HAL_PCD_SetupStageCallback
 .text.HAL_PCD_DataOutStageCallback
                0x000000000800027e       0x42 build/usbd_conf.o
                0x000000000800027e                HAL_PCD_DataOutStageCallback
 .text.HAL_PCD_DataInStageCallback
                0x00000000080002c0       0x3c build/usbd_conf.o
                0x00000000080002c0                HAL_PCD_DataInStageCallback
 .text.HAL_PCD_SOFCallback
                0x00000000080002fc       0x1e build/usbd_conf.o
                0x00000000080002fc                HAL_PCD_SOFCallback
 .text.HAL_PCD_ResetCallback
                0x000000000800031a       0x58 build/usbd_conf.o
                0x000000000800031a                HAL_PCD_ResetCallback
 *fill*         0x0000000008000372        0x2 
 .text.HAL_PCD_SuspendCallback
                0x0000000008000374       0x38 build/usbd_conf.o
                0x0000000008000374                HAL_PCD_SuspendCallback
 .text.HAL_PCD_ResumeCallback
                0x00000000080003ac       0x3c build/usbd_conf.o
                0x00000000080003ac                HAL_PCD_ResumeCallback
 .text.USBD_LL_Init
                0x00000000080003e8       0xcc build/usbd_conf.o
                0x00000000080003e8                USBD_LL_Init
 .text.USBD_LL_Start
                0x00000000080004b4       0x20 build/usbd_conf.o
                0x00000000080004b4                USBD_LL_Start
 .text.USBD_LL_OpenEP
                0x00000000080004d4       0x44 build/usbd_conf.o
                0x00000000080004d4                USBD_LL_OpenEP
 .text.USBD_LL_CloseEP
                0x0000000008000518       0x2c build/usbd_conf.o
                0x0000000008000518                USBD_LL_CloseEP
 .text.USBD_LL_StallEP
                0x0000000008000544       0x2c build/usbd_conf.o
                0x0000000008000544                USBD_LL_StallEP
 .text.USBD_LL_ClearStallEP
                0x0000000008000570       0x2c build/usbd_conf.o
                0x0000000008000570                USBD_LL_ClearStallEP
 .text.USBD_LL_IsStallEP
                0x000000000800059c       0x62 build/usbd_conf.o
                0x000000000800059c                USBD_LL_IsStallEP
 .text.USBD_LL_SetUSBAddress
                0x00000000080005fe       0x2c build/usbd_conf.o
                0x00000000080005fe                USBD_LL_SetUSBAddress
 .text.USBD_LL_Transmit
                0x000000000800062a       0x44 build/usbd_conf.o
                0x000000000800062a                USBD_LL_Transmit
 .text.USBD_LL_PrepareReceive
                0x000000000800066e       0x44 build/usbd_conf.o
                0x000000000800066e                USBD_LL_PrepareReceive
 .text.USBD_LL_GetRxDataSize
                0x00000000080006b2       0x2c build/usbd_conf.o
                0x00000000080006b2                USBD_LL_GetRxDataSize
 *fill*         0x00000000080006de        0x2 
 .text.USBD_static_malloc
                0x00000000080006e0       0x18 build/usbd_conf.o
                0x00000000080006e0                USBD_static_malloc
 .text.USBD_static_free
                0x00000000080006f8       0x10 build/usbd_conf.o
                0x00000000080006f8                USBD_static_free
 .text.SystemClockConfig_Resume
                0x0000000008000708        0xe build/usbd_conf.o
 *fill*         0x0000000008000716        0x2 
 .text.USBD_FS_DeviceDescriptor
                0x0000000008000718       0x24 build/usbd_desc.o
                0x0000000008000718                USBD_FS_DeviceDescriptor
 .text.USBD_FS_LangIDStrDescriptor
                0x000000000800073c       0x24 build/usbd_desc.o
                0x000000000800073c                USBD_FS_LangIDStrDescriptor
 .text.USBD_FS_ProductStrDescriptor
                0x0000000008000760       0x44 build/usbd_desc.o
                0x0000000008000760                USBD_FS_ProductStrDescriptor
 .text.USBD_FS_ManufacturerStrDescriptor
                0x00000000080007a4       0x2c build/usbd_desc.o
                0x00000000080007a4                USBD_FS_ManufacturerStrDescriptor
 .text.USBD_FS_SerialStrDescriptor
                0x00000000080007d0       0x44 build/usbd_desc.o
                0x00000000080007d0                USBD_FS_SerialStrDescriptor
 .text.USBD_FS_ConfigStrDescriptor
                0x0000000008000814       0x44 build/usbd_desc.o
                0x0000000008000814                USBD_FS_ConfigStrDescriptor
 .text.USBD_FS_InterfaceStrDescriptor
                0x0000000008000858       0x44 build/usbd_desc.o
                0x0000000008000858                USBD_FS_InterfaceStrDescriptor
 .text.CDC_Init_FS
                0x000000000800089c       0x30 build/usbd_cdc_if.o
 .text.CDC_DeInit_FS
                0x00000000080008cc        0xc build/usbd_cdc_if.o
 .text.CDC_Control_FS
                0x00000000080008d8       0x38 build/usbd_cdc_if.o
 .text.CDC_Receive_FS
                0x0000000008000910       0x2c build/usbd_cdc_if.o
 .text.NMI_Handler
                0x000000000800093c        0xa build/stm32f0xx_it.o
                0x000000000800093c                NMI_Handler
 .text.HardFault_Handler
                0x0000000008000946        0x6 build/stm32f0xx_it.o
                0x0000000008000946                HardFault_Handler
 .text.SVC_Handler
                0x000000000800094c        0xa build/stm32f0xx_it.o
                0x000000000800094c                SVC_Handler
 .text.PendSV_Handler
                0x0000000008000956        0xa build/stm32f0xx_it.o
                0x0000000008000956                PendSV_Handler
 .text.SysTick_Handler
                0x0000000008000960       0x12 build/stm32f0xx_it.o
                0x0000000008000960                SysTick_Handler
 *fill*         0x0000000008000972        0x2 
 .text.USB_IRQHandler
                0x0000000008000974       0x18 build/stm32f0xx_it.o
                0x0000000008000974                USB_IRQHandler
 .text.HAL_MspInit
                0x000000000800098c       0x54 build/stm32f0xx_hal_msp.o
                0x000000000800098c                HAL_MspInit
 .text.HAL_I2C_MspInit
                0x00000000080009e0       0x90 build/stm32f0xx_hal_msp.o
                0x00000000080009e0                HAL_I2C_MspInit
 .text.HAL_USART_MspInit
                0x0000000008000a70       0xb4 build/stm32f0xx_hal_msp.o
                0x0000000008000a70                HAL_USART_MspInit
 .text.next_led
                0x0000000008000b24       0x9c build/main.o
 .text.draw     0x0000000008000bc0       0x48 build/main.o
                0x0000000008000bc0                draw
 .text.main     0x0000000008000c08       0x70 build/main.o
                0x0000000008000c08                main
 .text.SystemClock_Config
                0x0000000008000c78       0xd4 build/main.o
                0x0000000008000c78                SystemClock_Config
 .text.MX_I2C1_Init
                0x0000000008000d4c       0x70 build/main.o
 .text.MX_USART1_Init
                0x0000000008000dbc       0x5c build/main.o
 .text.MX_GPIO_Init
                0x0000000008000e18       0xa8 build/main.o
 .text.Error_Handler
                0x0000000008000ec0        0x6 build/main.o
                0x0000000008000ec0                Error_Handler
 .text.HAL_PCD_Init
                0x0000000008000ec6      0x1e0 build/stm32f0xx_hal_pcd.o
                0x0000000008000ec6                HAL_PCD_Init
 *fill*         0x00000000080010a6        0x2 
 .text.HAL_PCD_Start
                0x00000000080010a8       0x30 build/stm32f0xx_hal_pcd.o
                0x00000000080010a8                HAL_PCD_Start
 .text.HAL_PCD_IRQHandler
                0x00000000080010d8      0x250 build/stm32f0xx_hal_pcd.o
                0x00000000080010d8                HAL_PCD_IRQHandler
 .text.HAL_PCD_SetAddress
                0x0000000008001328       0x5a build/stm32f0xx_hal_pcd.o
                0x0000000008001328                HAL_PCD_SetAddress
 *fill*         0x0000000008001382        0x2 
 .text.HAL_PCD_EP_Open
                0x0000000008001384      0x6f4 build/stm32f0xx_hal_pcd.o
                0x0000000008001384                HAL_PCD_EP_Open
 .text.HAL_PCD_EP_Close
                0x0000000008001a78      0x3d4 build/stm32f0xx_hal_pcd.o
                0x0000000008001a78                HAL_PCD_EP_Close
 .text.HAL_PCD_EP_Receive
                0x0000000008001e4c      0x32c build/stm32f0xx_hal_pcd.o
                0x0000000008001e4c                HAL_PCD_EP_Receive
 .text.HAL_PCD_EP_GetRxCount
                0x0000000008002178       0x34 build/stm32f0xx_hal_pcd.o
                0x0000000008002178                HAL_PCD_EP_GetRxCount
 .text.HAL_PCD_EP_Transmit
                0x00000000080021ac      0x398 build/stm32f0xx_hal_pcd.o
                0x00000000080021ac                HAL_PCD_EP_Transmit
 .text.HAL_PCD_EP_SetStall
                0x0000000008002544      0x164 build/stm32f0xx_hal_pcd.o
                0x0000000008002544                HAL_PCD_EP_SetStall
 .text.HAL_PCD_EP_ClrStall
                0x00000000080026a8      0x1bc build/stm32f0xx_hal_pcd.o
                0x00000000080026a8                HAL_PCD_EP_ClrStall
 .text.PCD_WritePMA
                0x0000000008002864       0x88 build/stm32f0xx_hal_pcd.o
                0x0000000008002864                PCD_WritePMA
 .text.PCD_ReadPMA
                0x00000000080028ec       0x62 build/stm32f0xx_hal_pcd.o
                0x00000000080028ec                PCD_ReadPMA
 *fill*         0x000000000800294e        0x2 
 .text.PCD_EP_ISR_Handler
                0x0000000008002950      0x6f0 build/stm32f0xx_hal_pcd.o
 .text.HAL_PCDEx_PMAConfig
                0x0000000008003040       0x9e build/stm32f0xx_hal_pcd_ex.o
                0x0000000008003040                HAL_PCDEx_PMAConfig
 *fill*         0x00000000080030de        0x2 
 .text.HAL_I2C_Init
                0x00000000080030e0      0x124 build/stm32f0xx_hal_i2c.o
                0x00000000080030e0                HAL_I2C_Init
 .text.HAL_I2C_Master_Transmit
                0x0000000008003204      0x228 build/stm32f0xx_hal_i2c.o
                0x0000000008003204                HAL_I2C_Master_Transmit
 .text.I2C_Flush_TXDR
                0x000000000800342c       0x44 build/stm32f0xx_hal_i2c.o
 .text.I2C_WaitOnFlagUntilTimeout
                0x0000000008003470       0x72 build/stm32f0xx_hal_i2c.o
 .text.I2C_WaitOnTXISFlagUntilTimeout
                0x00000000080034e2       0x7e build/stm32f0xx_hal_i2c.o
 .text.I2C_WaitOnSTOPFlagUntilTimeout
                0x0000000008003560       0x78 build/stm32f0xx_hal_i2c.o
 .text.I2C_IsAcknowledgeFailed
                0x00000000080035d8       0xbc build/stm32f0xx_hal_i2c.o
 .text.I2C_TransferConfig
                0x0000000008003694       0x70 build/stm32f0xx_hal_i2c.o
 .text.HAL_I2CEx_ConfigAnalogFilter
                0x0000000008003704       0x98 build/stm32f0xx_hal_i2c_ex.o
                0x0000000008003704                HAL_I2CEx_ConfigAnalogFilter
 .text.HAL_I2CEx_EnableFastModePlus
                0x000000000800379c       0x3c build/stm32f0xx_hal_i2c_ex.o
                0x000000000800379c                HAL_I2CEx_EnableFastModePlus
 .text.HAL_USART_Init
                0x00000000080037d8       0xa0 build/stm32f0xx_hal_usart.o
                0x00000000080037d8                HAL_USART_Init
 .text.USART_SetConfig
                0x0000000008003878      0x2ac build/stm32f0xx_hal_usart.o
 .text.USART_CheckIdleState
                0x0000000008003b24       0x94 build/stm32f0xx_hal_usart.o
 .text.USART_WaitOnFlagUntilTimeout
                0x0000000008003bb8      0x134 build/stm32f0xx_hal_usart.o
 .text.HAL_RCC_OscConfig
                0x0000000008003cec      0x6bc build/stm32f0xx_hal_rcc.o
                0x0000000008003cec                HAL_RCC_OscConfig
 .text.HAL_RCC_ClockConfig
                0x00000000080043a8      0x210 build/stm32f0xx_hal_rcc.o
                0x00000000080043a8                HAL_RCC_ClockConfig
 .text.HAL_RCC_GetSysClockFreq
                0x00000000080045b8      0x104 build/stm32f0xx_hal_rcc.o
                0x00000000080045b8                HAL_RCC_GetSysClockFreq
 .text.HAL_RCC_GetHCLKFreq
                0x00000000080046bc       0x14 build/stm32f0xx_hal_rcc.o
                0x00000000080046bc                HAL_RCC_GetHCLKFreq
 .text.HAL_RCC_GetPCLK1Freq
                0x00000000080046d0       0x2c build/stm32f0xx_hal_rcc.o
                0x00000000080046d0                HAL_RCC_GetPCLK1Freq
 .text.HAL_RCCEx_PeriphCLKConfig
                0x00000000080046fc      0x1fc build/stm32f0xx_hal_rcc_ex.o
                0x00000000080046fc                HAL_RCCEx_PeriphCLKConfig
 .text.HAL_Init
                0x00000000080048f8       0x28 build/stm32f0xx_hal.o
                0x00000000080048f8                HAL_Init
 .text.HAL_InitTick
                0x0000000008004920       0x38 build/stm32f0xx_hal.o
                0x0000000008004920                HAL_InitTick
 .text.HAL_IncTick
                0x0000000008004958       0x18 build/stm32f0xx_hal.o
                0x0000000008004958                HAL_IncTick
 .text.HAL_GetTick
                0x0000000008004970       0x14 build/stm32f0xx_hal.o
                0x0000000008004970                HAL_GetTick
 .text.HAL_Delay
                0x0000000008004984       0x2e build/stm32f0xx_hal.o
                0x0000000008004984                HAL_Delay
 *fill*         0x00000000080049b2        0x2 
 .text.HAL_GPIO_Init
                0x00000000080049b4      0x2f8 build/stm32f0xx_hal_gpio.o
                0x00000000080049b4                HAL_GPIO_Init
 .text.HAL_GPIO_WritePin
                0x0000000008004cac       0x3a build/stm32f0xx_hal_gpio.o
                0x0000000008004cac                HAL_GPIO_WritePin
 *fill*         0x0000000008004ce6        0x2 
 .text.NVIC_EnableIRQ
                0x0000000008004ce8       0x2c build/stm32f0xx_hal_cortex.o
 .text.NVIC_SetPriority
                0x0000000008004d14       0xdc build/stm32f0xx_hal_cortex.o
 .text.SysTick_Config
                0x0000000008004df0       0x48 build/stm32f0xx_hal_cortex.o
 .text.HAL_NVIC_SetPriority
                0x0000000008004e38       0x2c build/stm32f0xx_hal_cortex.o
                0x0000000008004e38                HAL_NVIC_SetPriority
 .text.HAL_NVIC_EnableIRQ
                0x0000000008004e64       0x20 build/stm32f0xx_hal_cortex.o
                0x0000000008004e64                HAL_NVIC_EnableIRQ
 .text.HAL_SYSTICK_Config
                0x0000000008004e84       0x1a build/stm32f0xx_hal_cortex.o
                0x0000000008004e84                HAL_SYSTICK_Config
 *fill*         0x0000000008004e9e        0x2 
 .text.HAL_SYSTICK_CLKSourceConfig
                0x0000000008004ea0       0x34 build/stm32f0xx_hal_cortex.o
                0x0000000008004ea0                HAL_SYSTICK_CLKSourceConfig
 .text.HAL_SYSTICK_IRQHandler
                0x0000000008004ed4        0xe build/stm32f0xx_hal_cortex.o
                0x0000000008004ed4                HAL_SYSTICK_IRQHandler
 .text.HAL_SYSTICK_Callback
                0x0000000008004ee2        0xa build/stm32f0xx_hal_cortex.o
                0x0000000008004ee2                HAL_SYSTICK_Callback
 .text.SystemInit
                0x0000000008004eec       0x88 build/system_stm32f0xx.o
                0x0000000008004eec                SystemInit
 .text.u8g_Delay
                0x0000000008004f74       0x1e build/u8g_arm.o
                0x0000000008004f74                u8g_Delay
 *fill*         0x0000000008004f92        0x2 
 .text.u8g_MicroDelay
                0x0000000008004f94       0x28 build/u8g_arm.o
                0x0000000008004f94                u8g_MicroDelay
 .text.u8g_10MicroDelay
                0x0000000008004fbc       0x28 build/u8g_arm.o
                0x0000000008004fbc                u8g_10MicroDelay
 .text.u8g_com_hw_i2c_fn
                0x0000000008004fe4      0x184 build/u8g_arm.o
                0x0000000008004fe4                u8g_com_hw_i2c_fn
 .text.u8g_IsBBXIntersection
                0x0000000008005168      0x178 build/u8g_clip.o
                0x0000000008005168                u8g_IsBBXIntersection
 .text.u8g_InitCom
                0x00000000080052e0       0x28 build/u8g_com_api.o
                0x00000000080052e0                u8g_InitCom
 .text.u8g_SetChipSelect
                0x0000000008005308       0x26 build/u8g_com_api.o
                0x0000000008005308                u8g_SetChipSelect
 .text.u8g_SetResetLow
                0x000000000800532e       0x20 build/u8g_com_api.o
                0x000000000800532e                u8g_SetResetLow
 .text.u8g_SetResetHigh
                0x000000000800534e       0x20 build/u8g_com_api.o
                0x000000000800534e                u8g_SetResetHigh
 .text.u8g_SetAddress
                0x000000000800536e       0x26 build/u8g_com_api.o
                0x000000000800536e                u8g_SetAddress
 .text.u8g_WriteByte
                0x0000000008005394       0x28 build/u8g_com_api.o
                0x0000000008005394                u8g_WriteByte
 .text.u8g_WriteSequence
                0x00000000080053bc       0x2c build/u8g_com_api.o
                0x00000000080053bc                u8g_WriteSequence
 .text.u8g_WriteEscSeqP
                0x00000000080053e8      0x180 build/u8g_com_api.o
                0x00000000080053e8                u8g_WriteEscSeqP
 .text.u8g_com_null_fn
                0x0000000008005568       0x40 build/u8g_com_null.o
                0x0000000008005568                u8g_com_null_fn
 .text.u8g_dev_ssd1306_128x64_fn
                0x00000000080055a8       0xe4 build/u8g_dev_ssd1306_128x64.o
                0x00000000080055a8                u8g_dev_ssd1306_128x64_fn
 .text.u8g_font_get_byte
                0x000000000800568c       0x24 build/u8g_font.o
 .text.u8g_font_get_word
                0x00000000080056b0       0x58 build/u8g_font.o
 .text.u8g_font_GetFormat
                0x0000000008005708       0x1c build/u8g_font.o
 .text.u8g_font_GetFontGlyphStructureSize
                0x0000000008005724       0x34 build/u8g_font.o
 .text.u8g_font_GetCapitalAHeight
                0x0000000008005758       0x1c build/u8g_font.o
                0x0000000008005758                u8g_font_GetCapitalAHeight
 .text.u8g_font_GetEncoding65Pos
                0x0000000008005774       0x1c build/u8g_font.o
                0x0000000008005774                u8g_font_GetEncoding65Pos
 .text.u8g_font_GetEncoding97Pos
                0x0000000008005790       0x1c build/u8g_font.o
                0x0000000008005790                u8g_font_GetEncoding97Pos
 .text.u8g_font_GetFontStartEncoding
                0x00000000080057ac       0x1c build/u8g_font.o
                0x00000000080057ac                u8g_font_GetFontStartEncoding
 .text.u8g_font_GetFontEndEncoding
                0x00000000080057c8       0x1c build/u8g_font.o
                0x00000000080057c8                u8g_font_GetFontEndEncoding
 .text.u8g_font_GetLowerGDescent
                0x00000000080057e4       0x1e build/u8g_font.o
                0x00000000080057e4                u8g_font_GetLowerGDescent
 .text.u8g_font_GetFontAscent
                0x0000000008005802       0x1e build/u8g_font.o
                0x0000000008005802                u8g_font_GetFontAscent
 .text.u8g_font_GetFontDescent
                0x0000000008005820       0x1e build/u8g_font.o
                0x0000000008005820                u8g_font_GetFontDescent
 .text.u8g_font_GetFontXAscent
                0x000000000800583e       0x1e build/u8g_font.o
                0x000000000800583e                u8g_font_GetFontXAscent
 .text.u8g_font_GetFontXDescent
                0x000000000800585c       0x1e build/u8g_font.o
                0x000000000800585c                u8g_font_GetFontXDescent
 .text.u8g_font_GetGlyphDataStart
                0x000000000800587a       0x22 build/u8g_font.o
 .text.u8g_CopyGlyphDataToCache
                0x000000000800589c       0xfe build/u8g_font.o
 .text.u8g_FillEmptyGlyphCache
                0x000000000800599a       0x30 build/u8g_font.o
 .text.u8g_GetGlyph
                0x00000000080059ca      0x1ac build/u8g_font.o
                0x00000000080059ca                u8g_GetGlyph
 .text.u8g_draw_glyph
                0x0000000008005b76      0x1b8 build/u8g_font.o
                0x0000000008005b76                u8g_draw_glyph
 .text.u8g_DrawStr
                0x0000000008005d2e       0xa8 build/u8g_font.o
                0x0000000008005d2e                u8g_DrawStr
 .text.u8g_UpdateRefHeight
                0x0000000008005dd6      0x112 build/u8g_font.o
                0x0000000008005dd6                u8g_UpdateRefHeight
 .text.u8g_font_calc_vref_font
                0x0000000008005ee8       0x12 build/u8g_font.o
                0x0000000008005ee8                u8g_font_calc_vref_font
 *fill*         0x0000000008005efa        0x2 
 .text.u8g_SetFontPosBaseline
                0x0000000008005efc       0x1c build/u8g_font.o
                0x0000000008005efc                u8g_SetFontPosBaseline
 .text.u8g_SetFont
                0x0000000008005f18       0x32 build/u8g_font.o
                0x0000000008005f18                u8g_SetFont
 .text.u8g_call_dev_fn
                0x0000000008005f4a       0x2c build/u8g_ll_api.o
                0x0000000008005f4a                u8g_call_dev_fn
 .text.u8g_InitLL
                0x0000000008005f76       0x44 build/u8g_ll_api.o
                0x0000000008005f76                u8g_InitLL
 .text.u8g_FirstPageLL
                0x0000000008005fba       0x44 build/u8g_ll_api.o
                0x0000000008005fba                u8g_FirstPageLL
 .text.u8g_NextPageLL
                0x0000000008005ffe       0x5c build/u8g_ll_api.o
                0x0000000008005ffe                u8g_NextPageLL
 .text.u8g_Draw8PixelLL
                0x000000000800605a       0x54 build/u8g_ll_api.o
                0x000000000800605a                u8g_Draw8PixelLL
 .text.u8g_GetWidthLL
                0x00000000080060ae       0x26 build/u8g_ll_api.o
                0x00000000080060ae                u8g_GetWidthLL
 .text.u8g_GetHeightLL
                0x00000000080060d4       0x26 build/u8g_ll_api.o
                0x00000000080060d4                u8g_GetHeightLL
 .text.u8g_GetModeLL
                0x00000000080060fa       0x20 build/u8g_ll_api.o
                0x00000000080060fa                u8g_GetModeLL
 .text.u8g_UpdateDimension
                0x000000000800611a       0x62 build/u8g_ll_api.o
                0x000000000800611a                u8g_UpdateDimension
 .text.u8g_init_data
                0x000000000800617c       0x78 build/u8g_ll_api.o
 .text.u8g_Begin
                0x00000000080061f4       0x30 build/u8g_ll_api.o
                0x00000000080061f4                u8g_Begin
 .text.u8g_InitComFn
                0x0000000008006224       0x34 build/u8g_ll_api.o
                0x0000000008006224                u8g_InitComFn
 .text.u8g_FirstPage
                0x0000000008006258       0x1e build/u8g_ll_api.o
                0x0000000008006258                u8g_FirstPage
 .text.u8g_NextPage
                0x0000000008006276       0x32 build/u8g_ll_api.o
                0x0000000008006276                u8g_NextPage
 .text.u8g_Draw8Pixel
                0x00000000080062a8       0x4a build/u8g_ll_api.o
                0x00000000080062a8                u8g_Draw8Pixel
 .text.u8g_SetColorIndex
                0x00000000080062f2       0x20 build/u8g_ll_api.o
                0x00000000080062f2                u8g_SetColorIndex
 .text.u8g_page_First
                0x0000000008006312       0x30 build/u8g_page.o
                0x0000000008006312                u8g_page_First
 .text.u8g_page_Next
                0x0000000008006342       0x62 build/u8g_page.o
                0x0000000008006342                u8g_page_Next
 .text.u8g_pb_Clear
                0x00000000080063a4       0x38 build/u8g_pb.o
                0x00000000080063a4                u8g_pb_Clear
 .text.u8g_pb_IsYIntersection
                0x00000000080063dc       0xde build/u8g_pb.o
                0x00000000080063dc                u8g_pb_IsYIntersection
 .text.u8g_pb_GetPageBox
                0x00000000080064ba       0x3c build/u8g_pb.o
                0x00000000080064ba                u8g_pb_GetPageBox
 .text.u8g_pb_Is8PixelVisible
                0x00000000080064f6       0x78 build/u8g_pb.o
                0x00000000080064f6                u8g_pb_Is8PixelVisible
 .text.u8g_pb_WriteBuffer
                0x000000000800656e       0x26 build/u8g_pb.o
                0x000000000800656e                u8g_pb_WriteBuffer
 .text.u8g_pb8v1_set_pixel
                0x0000000008006594       0x86 build/u8g_pb8v1.o
                0x0000000008006594                u8g_pb8v1_set_pixel
 .text.u8g_pb8v1_SetPixel
                0x000000000800661a       0x52 build/u8g_pb8v1.o
                0x000000000800661a                u8g_pb8v1_SetPixel
 .text.u8g_pb8v1_Set8PixelOpt2
                0x000000000800666c       0xd8 build/u8g_pb8v1.o
                0x000000000800666c                u8g_pb8v1_Set8PixelOpt2
 .text.u8g_dev_pb8v1_base_fn
                0x0000000008006744       0xb8 build/u8g_pb8v1.o
                0x0000000008006744                u8g_dev_pb8v1_base_fn
 .text.u8g_draw_hline
                0x00000000080067fc       0xb2 build/u8g_rect.o
                0x00000000080067fc                u8g_draw_hline
 .text.u8g_draw_box
                0x00000000080068ae       0x5e build/u8g_rect.o
                0x00000000080068ae                u8g_draw_box
 .text.u8g_DrawBox
                0x000000000800690c       0x66 build/u8g_rect.o
                0x000000000800690c                u8g_DrawBox
 .text.u8g_state_dummy_cb
                0x0000000008006972       0x14 build/u8g_state.o
                0x0000000008006972                u8g_state_dummy_cb
 .text.USBD_Init
                0x0000000008006986       0x62 build/usbd_core.o
                0x0000000008006986                USBD_Init
 .text.USBD_RegisterClass
                0x00000000080069e8       0x42 build/usbd_core.o
                0x00000000080069e8                USBD_RegisterClass
 .text.USBD_Start
                0x0000000008006a2a       0x1a build/usbd_core.o
                0x0000000008006a2a                USBD_Start
 .text.USBD_RunTestMode
                0x0000000008006a44       0x12 build/usbd_core.o
                0x0000000008006a44                USBD_RunTestMode
 .text.USBD_SetClassConfig
                0x0000000008006a56       0x50 build/usbd_core.o
                0x0000000008006a56                USBD_SetClassConfig
 .text.USBD_ClrClassConfig
                0x0000000008006aa6       0x2c build/usbd_core.o
                0x0000000008006aa6                USBD_ClrClassConfig
 *fill*         0x0000000008006ad2        0x2 
 .text.USBD_LL_SetupStage
                0x0000000008006ad4       0xb8 build/usbd_core.o
                0x0000000008006ad4                USBD_LL_SetupStage
 .text.USBD_LL_DataOutStage
                0x0000000008006b8c       0xd4 build/usbd_core.o
                0x0000000008006b8c                USBD_LL_DataOutStage
 .text.USBD_LL_DataInStage
                0x0000000008006c60      0x148 build/usbd_core.o
                0x0000000008006c60                USBD_LL_DataInStage
 .text.USBD_LL_Reset
                0x0000000008006da8       0x66 build/usbd_core.o
                0x0000000008006da8                USBD_LL_Reset
 .text.USBD_LL_SetSpeed
                0x0000000008006e0e       0x20 build/usbd_core.o
                0x0000000008006e0e                USBD_LL_SetSpeed
 .text.USBD_LL_Suspend
                0x0000000008006e2e       0x2c build/usbd_core.o
                0x0000000008006e2e                USBD_LL_Suspend
 .text.USBD_LL_Resume
                0x0000000008006e5a       0x22 build/usbd_core.o
                0x0000000008006e5a                USBD_LL_Resume
 .text.USBD_LL_SOF
                0x0000000008006e7c       0x3c build/usbd_core.o
                0x0000000008006e7c                USBD_LL_SOF
 .text.USBD_StdDevReq
                0x0000000008006eb8       0xa8 build/usbd_ctlreq.o
                0x0000000008006eb8                USBD_StdDevReq
 .text.USBD_StdItfReq
                0x0000000008006f60       0x7e build/usbd_ctlreq.o
                0x0000000008006f60                USBD_StdItfReq
 .text.USBD_StdEPReq
                0x0000000008006fde      0x22c build/usbd_ctlreq.o
                0x0000000008006fde                USBD_StdEPReq
 *fill*         0x000000000800720a        0x2 
 .text.USBD_GetDescriptor
                0x000000000800720c      0x214 build/usbd_ctlreq.o
 .text.USBD_SetAddress
                0x0000000008007420       0xa0 build/usbd_ctlreq.o
 .text.USBD_SetConfig
                0x00000000080074c0      0x138 build/usbd_ctlreq.o
 .text.USBD_GetConfig
                0x00000000080075f8       0x70 build/usbd_ctlreq.o
 .text.USBD_GetStatus
                0x0000000008007668       0x5e build/usbd_ctlreq.o
 .text.USBD_SetFeature
                0x00000000080076c6       0x3e build/usbd_ctlreq.o
 .text.USBD_ClrFeature
                0x0000000008007704       0x5e build/usbd_ctlreq.o
 .text.USBD_ParseSetupRequest
                0x0000000008007762       0x76 build/usbd_ctlreq.o
                0x0000000008007762                USBD_ParseSetupRequest
 .text.USBD_CtlError
                0x00000000080077d8       0x26 build/usbd_ctlreq.o
                0x00000000080077d8                USBD_CtlError
 .text.USBD_GetString
                0x00000000080077fe       0xac build/usbd_ctlreq.o
                0x00000000080077fe                USBD_GetString
 .text.USBD_GetLen
                0x00000000080078aa       0x3c build/usbd_ctlreq.o
 .text.USBD_CtlSendData
                0x00000000080078e6       0x40 build/usbd_ioreq.o
                0x00000000080078e6                USBD_CtlSendData
 .text.USBD_CtlContinueSendData
                0x0000000008007926       0x26 build/usbd_ioreq.o
                0x0000000008007926                USBD_CtlContinueSendData
 .text.USBD_CtlPrepareRx
                0x000000000800794c       0x48 build/usbd_ioreq.o
                0x000000000800794c                USBD_CtlPrepareRx
 .text.USBD_CtlContinueRx
                0x0000000008007994       0x26 build/usbd_ioreq.o
                0x0000000008007994                USBD_CtlContinueRx
 .text.USBD_CtlSendStatus
                0x00000000080079ba       0x28 build/usbd_ioreq.o
                0x00000000080079ba                USBD_CtlSendStatus
 .text.USBD_CtlReceiveStatus
                0x00000000080079e2       0x28 build/usbd_ioreq.o
                0x00000000080079e2                USBD_CtlReceiveStatus
 .text.USBD_CDC_Init
                0x0000000008007a0a       0xf2 build/usbd_cdc.o
 .text.USBD_CDC_DeInit
                0x0000000008007afc       0x72 build/usbd_cdc.o
 *fill*         0x0000000008007b6e        0x2 
 .text.USBD_CDC_Setup
                0x0000000008007b70       0xc8 build/usbd_cdc.o
 .text.USBD_CDC_DataIn
                0x0000000008007c38       0x3c build/usbd_cdc.o
 .text.USBD_CDC_DataOut
                0x0000000008007c74       0x6a build/usbd_cdc.o
 *fill*         0x0000000008007cde        0x2 
 .text.USBD_CDC_EP0_RxReady
                0x0000000008007ce0       0x64 build/usbd_cdc.o
 .text.USBD_CDC_GetFSCfgDesc
                0x0000000008007d44       0x1c build/usbd_cdc.o
 .text.USBD_CDC_GetHSCfgDesc
                0x0000000008007d60       0x1c build/usbd_cdc.o
 .text.USBD_CDC_GetOtherSpeedCfgDesc
                0x0000000008007d7c       0x1c build/usbd_cdc.o
 .text.USBD_CDC_GetDeviceQualifierDescriptor
                0x0000000008007d98       0x1c build/usbd_cdc.o
                0x0000000008007d98                USBD_CDC_GetDeviceQualifierDescriptor
 .text.USBD_CDC_RegisterInterface
                0x0000000008007db4       0x38 build/usbd_cdc.o
                0x0000000008007db4                USBD_CDC_RegisterInterface
 .text.USBD_CDC_SetTxBuffer
                0x0000000008007dec       0x38 build/usbd_cdc.o
                0x0000000008007dec                USBD_CDC_SetTxBuffer
 .text.USBD_CDC_SetRxBuffer
                0x0000000008007e24       0x28 build/usbd_cdc.o
                0x0000000008007e24                USBD_CDC_SetRxBuffer
 .text.USBD_CDC_ReceivePacket
                0x0000000008007e4c       0x5c build/usbd_cdc.o
                0x0000000008007e4c                USBD_CDC_ReceivePacket
 .text.Reset_Handler
                0x0000000008007ea8       0x50 build/startup_stm32f072xb.o
                0x0000000008007ea8                Reset_Handler
 .text.Default_Handler
                0x0000000008007ef8        0x2 build/startup_stm32f072xb.o
                0x0000000008007ef8                TIM1_CC_IRQHandler
                0x0000000008007ef8                TSC_IRQHandler
                0x0000000008007ef8                ADC1_COMP_IRQHandler
                0x0000000008007ef8                I2C1_IRQHandler
                0x0000000008007ef8                RCC_CRS_IRQHandler
                0x0000000008007ef8                SPI1_IRQHandler
                0x0000000008007ef8                TIM6_DAC_IRQHandler
                0x0000000008007ef8                USART3_4_IRQHandler
                0x0000000008007ef8                EXTI2_3_IRQHandler
                0x0000000008007ef8                I2C2_IRQHandler
                0x0000000008007ef8                TIM17_IRQHandler
                0x0000000008007ef8                CEC_CAN_IRQHandler
                0x0000000008007ef8                RTC_IRQHandler
                0x0000000008007ef8                PVD_VDDIO2_IRQHandler
                0x0000000008007ef8                DMA1_Channel4_5_6_7_IRQHandler
                0x0000000008007ef8                TIM16_IRQHandler
                0x0000000008007ef8                TIM3_IRQHandler
                0x0000000008007ef8                EXTI4_15_IRQHandler
                0x0000000008007ef8                DMA1_Channel1_IRQHandler
                0x0000000008007ef8                Default_Handler
                0x0000000008007ef8                TIM14_IRQHandler
                0x0000000008007ef8                TIM7_IRQHandler
                0x0000000008007ef8                TIM15_IRQHandler
                0x0000000008007ef8                EXTI0_1_IRQHandler
                0x0000000008007ef8                SPI2_IRQHandler
                0x0000000008007ef8                WWDG_IRQHandler
                0x0000000008007ef8                TIM2_IRQHandler
                0x0000000008007ef8                DMA1_Channel2_3_IRQHandler
                0x0000000008007ef8                USART2_IRQHandler
                0x0000000008007ef8                FLASH_IRQHandler
                0x0000000008007ef8                USART1_IRQHandler
                0x0000000008007ef8                TIM1_BRK_UP_TRG_COM_IRQHandler
 *fill*         0x0000000008007efa        0x2 
 .text.__libc_init_array
                0x0000000008007efc       0x48 /usr/lib/gcc/arm-none-eabi/6.2.0/../../../../arm-none-eabi/lib/armv6-m/libc_nano.a(lib_a-init.o)
                0x0000000008007efc                __libc_init_array
 .text.memcpy   0x0000000008007f44       0x12 /usr/lib/gcc/arm-none-eabi/6.2.0/../../../../arm-none-eabi/lib/armv6-m/libc_nano.a(lib_a-memcpy-stub.o)
                0x0000000008007f44                memcpy
 *(.glue_7)
 .glue_7        0x0000000008007f56        0x0 linker stubs
 *(.glue_7t)
 .glue_7t       0x0000000008007f56        0x0 linker stubs
 *(.eh_frame)
 *fill*         0x0000000008007f56        0x2 
 .eh_frame      0x0000000008007f58        0x0 /usr/lib/gcc/arm-none-eabi/6.2.0/armv6-m/crtbegin.o
 *(.init)
 .init          0x0000000008007f58        0x4 /usr/lib/gcc/arm-none-eabi/6.2.0/armv6-m/crti.o
                0x0000000008007f58                _init
 .init          0x0000000008007f5c        0x8 /usr/lib/gcc/arm-none-eabi/6.2.0/armv6-m/crtn.o
 *(.fini)
 .fini          0x0000000008007f64        0x4 /usr/lib/gcc/arm-none-eabi/6.2.0/armv6-m/crti.o
                0x0000000008007f64                _fini
 .fini          0x0000000008007f68        0x8 /usr/lib/gcc/arm-none-eabi/6.2.0/armv6-m/crtn.o
                0x0000000008007f70                . = ALIGN (0x4)
                0x0000000008007f70                _etext = .

.vfp11_veneer   0x0000000008007f70        0x0
 .vfp11_veneer  0x0000000008007f70        0x0 linker stubs

.v4_bx          0x0000000008007f70        0x0
 .v4_bx         0x0000000008007f70        0x0 linker stubs

.iplt           0x0000000008007f70        0x0
 .iplt          0x0000000008007f70        0x0 /usr/lib/gcc/arm-none-eabi/6.2.0/armv6-m/crtbegin.o

.rodata         0x0000000008007f70      0xd38
                0x0000000008007f70                . = ALIGN (0x4)
 *(.rodata)
 .rodata        0x0000000008007f70       0x56 build/usbd_desc.o
 *fill*         0x0000000008007fc6        0x2 
 .rodata        0x0000000008007fc8        0x7 build/main.o
 *fill*         0x0000000008007fcf        0x1 
 .rodata        0x0000000008007fd0       0x20 build/stm32f0xx_hal_rcc.o
 *(.rodata*)
 .rodata.CDC_Control_FS
                0x0000000008007ff0       0x90 build/usbd_cdc_if.o
 .rodata.AHBPrescTable
                0x0000000008008080       0x10 build/system_stm32f0xx.o
                0x0000000008008080                AHBPrescTable
 .rodata.APBPrescTable
                0x0000000008008090        0x8 build/system_stm32f0xx.o
                0x0000000008008090                APBPrescTable
 .rodata.u8g_com_hw_i2c_fn
                0x0000000008008098       0x20 build/u8g_arm.o
 .rodata.u8g_com_null_fn
                0x00000000080080b8       0x1c build/u8g_com_null.o
 .rodata.u8g_dev_ssd1306_128x64_adafruit2_init_seq
                0x00000000080080d4       0x26 build/u8g_dev_ssd1306_128x64.o
 *fill*         0x00000000080080fa        0x2 
 .rodata.u8g_dev_ssd1306_128x64_data_start
                0x00000000080080fc        0x8 build/u8g_dev_ssd1306_128x64.o
 .rodata.u8g_dev_ssd13xx_sleep_on
                0x0000000008008104        0x9 build/u8g_dev_ssd1306_128x64.o
 *fill*         0x000000000800810d        0x3 
 .rodata.u8g_dev_ssd13xx_sleep_off
                0x0000000008008110        0xb build/u8g_dev_ssd1306_128x64.o
 *fill*         0x000000000800811b        0x1 
 .rodata.u8g_dev_ssd1306_128x64_fn
                0x000000000800811c       0x30 build/u8g_dev_ssd1306_128x64.o
 .rodata.u8g_font_profont10
                0x000000000800814c      0xa00 build/u8g_font_data.o
                0x000000000800814c                u8g_font_profont10
 .rodata.u8g_dev_pb8v1_base_fn
                0x0000000008008b4c       0xfc build/u8g_pb8v1.o
 .rodata.USBD_StdDevReq
                0x0000000008008c48       0x28 build/usbd_ctlreq.o
 .rodata.USBD_GetDescriptor
                0x0000000008008c70       0x38 build/usbd_ctlreq.o
                0x0000000008008ca8                . = ALIGN (0x4)

.rel.dyn        0x0000000008008ca8        0x0
 .rel.iplt      0x0000000008008ca8        0x0 /usr/lib/gcc/arm-none-eabi/6.2.0/armv6-m/crtbegin.o

.ARM.extab
 *(.ARM.extab* .gnu.linkonce.armextab.*)

.ARM            0x0000000008008ca8        0x0
                0x0000000008008ca8                __exidx_start = .
 *(.ARM.exidx*)
                0x0000000008008ca8                __exidx_end = .

.preinit_array  0x0000000008008ca8        0x0
                0x0000000008008ca8                PROVIDE (__preinit_array_start, .)
 *(.preinit_array*)
                0x0000000008008ca8                PROVIDE (__preinit_array_end, .)

.init_array     0x0000000008008ca8        0x4
                0x0000000008008ca8                PROVIDE (__init_array_start, .)
 *(SORT(.init_array.*))
 *(.init_array*)
 .init_array    0x0000000008008ca8        0x4 /usr/lib/gcc/arm-none-eabi/6.2.0/armv6-m/crtbegin.o
                0x0000000008008cac                PROVIDE (__init_array_end, .)

.fini_array     0x0000000008008cac        0x4
                0x0000000008008cac                PROVIDE (__fini_array_start, .)
 *(SORT(.fini_array.*))
 *(.fini_array*)
 .fini_array    0x0000000008008cac        0x4 /usr/lib/gcc/arm-none-eabi/6.2.0/armv6-m/crtbegin.o
                0x0000000008008cb0                PROVIDE (__fini_array_end, .)
                0x0000000008008cb0                _sidata = LOADADDR (.data)

.data           0x0000000020000000      0x170 load address 0x0000000008008cb0
                0x0000000020000000                . = ALIGN (0x4)
                0x0000000020000000                _sdata = .
 *(.data)
 *(.data*)
 .data.FS_Desc  0x0000000020000000       0x1c build/usbd_desc.o
                0x0000000020000000                FS_Desc
 .data.USBD_FS_DeviceDesc
                0x000000002000001c       0x12 build/usbd_desc.o
                0x000000002000001c                USBD_FS_DeviceDesc
 *fill*         0x000000002000002e        0x2 
 .data.USBD_LangIDDesc
                0x0000000020000030        0x4 build/usbd_desc.o
                0x0000000020000030                USBD_LangIDDesc
 .data.USBD_Interface_fops_FS
                0x0000000020000034       0x10 build/usbd_cdc_if.o
                0x0000000020000034                USBD_Interface_fops_FS
 .data.SystemCoreClock
                0x0000000020000044        0x4 build/system_stm32f0xx.o
                0x0000000020000044                SystemCoreClock
 .data.u8g_dev_ssd1306_128x64_i2c_pb
                0x0000000020000048        0xc build/u8g_dev_ssd1306_128x64.o
                0x0000000020000048                u8g_dev_ssd1306_128x64_i2c_pb
 .data.u8g_dev_ssd1306_128x64_i2c
                0x0000000020000054        0xc build/u8g_dev_ssd1306_128x64.o
                0x0000000020000054                u8g_dev_ssd1306_128x64_i2c
 .data.USBD_CDC_DeviceQualifierDesc
                0x0000000020000060        0xa build/usbd_cdc.o
 *fill*         0x000000002000006a        0x2 
 .data.USBD_CDC
                0x000000002000006c       0x38 build/usbd_cdc.o
                0x000000002000006c                USBD_CDC
 .data.USBD_CDC_CfgHSDesc
                0x00000000200000a4       0x43 build/usbd_cdc.o
                0x00000000200000a4                USBD_CDC_CfgHSDesc
 *fill*         0x00000000200000e7        0x1 
 .data.USBD_CDC_CfgFSDesc
                0x00000000200000e8       0x43 build/usbd_cdc.o
                0x00000000200000e8                USBD_CDC_CfgFSDesc
 *fill*         0x000000002000012b        0x1 
 .data.USBD_CDC_OtherSpeedCfgDesc
                0x000000002000012c       0x43 build/usbd_cdc.o
                0x000000002000012c                USBD_CDC_OtherSpeedCfgDesc
                0x0000000020000170                . = ALIGN (0x4)
 *fill*         0x000000002000016f        0x1 
                0x0000000020000170                _edata = .

.jcr            0x0000000020000170        0x0 load address 0x0000000008008e20
 .jcr           0x0000000020000170        0x0 /usr/lib/gcc/arm-none-eabi/6.2.0/armv6-m/crtbegin.o

.igot.plt       0x0000000020000170        0x0 load address 0x0000000008008e20
 .igot.plt      0x0000000020000170        0x0 /usr/lib/gcc/arm-none-eabi/6.2.0/armv6-m/crtbegin.o
                0x0000000020000170                . = ALIGN (0x4)

.bss            0x0000000020000170      0x9ec load address 0x0000000008008e20
                0x0000000020000170                _sbss = .
                0x0000000020000170                __bss_start__ = _sbss
 *(.bss)
 *(.bss*)
 .bss.completed.8507
                0x0000000020000170        0x1 /usr/lib/gcc/arm-none-eabi/6.2.0/armv6-m/crtbegin.o
 *fill*         0x0000000020000171        0x3 
 .bss.object.8512
                0x0000000020000174       0x18 /usr/lib/gcc/arm-none-eabi/6.2.0/armv6-m/crtbegin.o
 .bss.mem.6978  0x000000002000018c      0x220 build/usbd_conf.o
 .bss.u8g       0x00000000200003ac       0x3c build/main.o
 .bss.i.8311    0x00000000200003e8        0x4 build/main.o
 .bss.i.8315    0x00000000200003ec        0x4 build/main.o
 .bss.control   0x00000000200003f0        0x1 build/u8g_arm.o
 *fill*         0x00000000200003f1        0x3 
 .bss.u8g_dev_ssd1306_128x64_i2c_buf
                0x00000000200003f4       0x80 build/u8g_dev_ssd1306_128x64.o
                0x00000000200003f4                u8g_dev_ssd1306_128x64_i2c_buf
 .bss.cfgidx.6909
                0x0000000020000474        0x1 build/usbd_ctlreq.o
 .bss.ifalt.6904
                0x0000000020000475        0x1 build/usbd_cdc.o
 *(COMMON)
 *fill*         0x0000000020000476        0x2 
 COMMON         0x0000000020000478      0x224 build/usb_device.o
                0x0000000020000478                hUsbDeviceFS
 COMMON         0x000000002000069c      0x220 build/usbd_conf.o
                0x000000002000069c                hpcd_USB_FS
 COMMON         0x00000000200008bc      0x200 build/usbd_desc.o
                0x00000000200008bc                USBD_StrDesc
 COMMON         0x0000000020000abc        0x8 build/usbd_cdc_if.o
                0x0000000020000abc                UserRxBufferFS
                0x0000000020000ac0                UserTxBufferFS
 COMMON         0x0000000020000ac4       0x94 build/main.o
                0x0000000020000ac4                hi2c1
                0x0000000020000b10                husart1
 COMMON         0x0000000020000b58        0x4 build/stm32f0xx_hal.o
                0x0000000020000b58                uwTick
                0x0000000020000b5c                . = ALIGN (0x4)
                0x0000000020000b5c                _ebss = .
                0x0000000020000b5c                __bss_end__ = _ebss

._user_heap_stack
                0x0000000020000b5c      0x604 load address 0x0000000008008e20
                0x0000000020000b60                . = ALIGN (0x8)
 *fill*         0x0000000020000b5c        0x4 
                [!provide]                        PROVIDE (end, .)
                [!provide]                        PROVIDE (_end, .)
                0x0000000020000d60                . = (. + _Min_Heap_Size)
 *fill*         0x0000000020000b60      0x200 
                0x0000000020001160                . = (. + _Min_Stack_Size)
 *fill*         0x0000000020000d60      0x400 
                0x0000000020001160                . = ALIGN (0x8)

/DISCARD/
 libc.a(*)
 libm.a(*)
 libgcc.a(*)

.ARM.attributes
                0x0000000000000000       0x28
 *(.ARM.attributes)
 .ARM.attributes
                0x0000000000000000       0x1e /usr/lib/gcc/arm-none-eabi/6.2.0/armv6-m/crti.o
 .ARM.attributes
                0x000000000000001e       0x2c /usr/lib/gcc/arm-none-eabi/6.2.0/armv6-m/crtbegin.o
 .ARM.attributes
                0x000000000000004a       0x31 build/usb_device.o
 .ARM.attributes
                0x000000000000007b       0x31 build/usbd_conf.o
 .ARM.attributes
                0x00000000000000ac       0x31 build/usbd_desc.o
 .ARM.attributes
                0x00000000000000dd       0x31 build/usbd_cdc_if.o
 .ARM.attributes
                0x000000000000010e       0x31 build/stm32f0xx_it.o
 .ARM.attributes
                0x000000000000013f       0x31 build/stm32f0xx_hal_msp.o
 .ARM.attributes
                0x0000000000000170       0x31 build/main.o
 .ARM.attributes
                0x00000000000001a1       0x31 build/stm32f0xx_hal_pcd.o
 .ARM.attributes
                0x00000000000001d2       0x31 build/stm32f0xx_hal_pcd_ex.o
 .ARM.attributes
                0x0000000000000203       0x31 build/stm32f0xx_hal_i2c.o
 .ARM.attributes
                0x0000000000000234       0x31 build/stm32f0xx_hal_i2c_ex.o
 .ARM.attributes
                0x0000000000000265       0x31 build/stm32f0xx_hal_usart.o
 .ARM.attributes
                0x0000000000000296       0x31 build/stm32f0xx_hal_rcc.o
 .ARM.attributes
                0x00000000000002c7       0x31 build/stm32f0xx_hal_rcc_ex.o
 .ARM.attributes
                0x00000000000002f8       0x31 build/stm32f0xx_hal.o
 .ARM.attributes
                0x0000000000000329       0x31 build/stm32f0xx_hal_gpio.o
 .ARM.attributes
                0x000000000000035a       0x31 build/stm32f0xx_hal_cortex.o
 .ARM.attributes
                0x000000000000038b       0x31 build/system_stm32f0xx.o
 .ARM.attributes
                0x00000000000003bc       0x31 build/u8g_arm.o
 .ARM.attributes
                0x00000000000003ed       0x31 build/u8g_clip.o
 .ARM.attributes
                0x000000000000041e       0x31 build/u8g_com_api.o
 .ARM.attributes
                0x000000000000044f       0x31 build/u8g_com_null.o
 .ARM.attributes
                0x0000000000000480       0x31 build/u8g_dev_ssd1306_128x64.o
 .ARM.attributes
                0x00000000000004b1       0x31 build/u8g_font.o
 .ARM.attributes
                0x00000000000004e2       0x31 build/u8g_font_data.o
 .ARM.attributes
                0x0000000000000513       0x31 build/u8g_ll_api.o
 .ARM.attributes
                0x0000000000000544       0x31 build/u8g_page.o
 .ARM.attributes
                0x0000000000000575       0x31 build/u8g_pb.o
 .ARM.attributes
                0x00000000000005a6       0x31 build/u8g_pb8v1.o
 .ARM.attributes
                0x00000000000005d7       0x31 build/u8g_rect.o
 .ARM.attributes
                0x0000000000000608       0x31 build/u8g_state.o
 .ARM.attributes
                0x0000000000000639       0x31 build/usbd_core.o
 .ARM.attributes
                0x000000000000066a       0x31 build/usbd_ctlreq.o
 .ARM.attributes
                0x000000000000069b       0x31 build/usbd_ioreq.o
 .ARM.attributes
                0x00000000000006cc       0x31 build/usbd_cdc.o
 .ARM.attributes
                0x00000000000006fd       0x21 build/startup_stm32f072xb.o
 .ARM.attributes
                0x000000000000071e       0x2c /usr/lib/gcc/arm-none-eabi/6.2.0/../../../../arm-none-eabi/lib/armv6-m/libc_nano.a(lib_a-init.o)
 .ARM.attributes
                0x000000000000074a       0x2c /usr/lib/gcc/arm-none-eabi/6.2.0/../../../../arm-none-eabi/lib/armv6-m/libc_nano.a(lib_a-memcpy-stub.o)
 .ARM.attributes
                0x0000000000000776       0x1e /usr/lib/gcc/arm-none-eabi/6.2.0/armv6-m/libgcc.a(_udivsi3.o)
 .ARM.attributes
                0x0000000000000794       0x1e /usr/lib/gcc/arm-none-eabi/6.2.0/armv6-m/libgcc.a(_dvmd_tls.o)
 .ARM.attributes
                0x00000000000007b2       0x1e /usr/lib/gcc/arm-none-eabi/6.2.0/armv6-m/crtn.o
OUTPUT(build/thumbinator-i2c-oled.elf elf32-littlearm)

.debug_info     0x0000000000000000    0x40547
 .debug_info    0x0000000000000000      0xf27 build/usb_device.o
 .debug_info    0x0000000000000f27     0x1c94 build/usbd_conf.o
 .debug_info    0x0000000000002bbb      0xce0 build/usbd_desc.o
 .debug_info    0x000000000000389b     0x1120 build/usbd_cdc_if.o
 .debug_info    0x00000000000049bb      0xeef build/stm32f0xx_it.o
 .debug_info    0x00000000000058aa     0x15b7 build/stm32f0xx_hal_msp.o
 .debug_info    0x0000000000006e61     0x40b8 build/main.o
 .debug_info    0x000000000000af19     0x1b41 build/stm32f0xx_hal_pcd.o
 .debug_info    0x000000000000ca5a      0xefe build/stm32f0xx_hal_pcd_ex.o
 .debug_info    0x000000000000d958     0x260a build/stm32f0xx_hal_i2c.o
 .debug_info    0x000000000000ff62     0x11cd build/stm32f0xx_hal_i2c_ex.o
 .debug_info    0x000000000001112f     0x1989 build/stm32f0xx_hal_usart.o
 .debug_info    0x0000000000012ab8     0x1138 build/stm32f0xx_hal_rcc.o
 .debug_info    0x0000000000013bf0      0xf96 build/stm32f0xx_hal_rcc_ex.o
 .debug_info    0x0000000000014b86      0xf12 build/stm32f0xx_hal.o
 .debug_info    0x0000000000015a98      0xfa3 build/stm32f0xx_hal_gpio.o
 .debug_info    0x0000000000016a3b     0x10aa build/stm32f0xx_hal_cortex.o
 .debug_info    0x0000000000017ae5      0xb64 build/system_stm32f0xx.o
 .debug_info    0x0000000000018649     0x34fa build/u8g_arm.o
 .debug_info    0x000000000001bb43     0x2610 build/u8g_clip.o
 .debug_info    0x000000000001e153     0x27ec build/u8g_com_api.o
 .debug_info    0x000000000002093f     0x255f build/u8g_com_null.o
 .debug_info    0x0000000000022e9e     0x2b7b build/u8g_dev_ssd1306_128x64.o
 .debug_info    0x0000000000025a19     0x3f62 build/u8g_font.o
 .debug_info    0x000000000002997b     0x251a build/u8g_font_data.o
 .debug_info    0x000000000002be95     0x2f31 build/u8g_ll_api.o
 .debug_info    0x000000000002edc6     0x2614 build/u8g_page.o
 .debug_info    0x00000000000313da     0x2856 build/u8g_pb.o
 .debug_info    0x0000000000033c30     0x309e build/u8g_pb8v1.o
 .debug_info    0x0000000000036cce     0x28f9 build/u8g_rect.o
 .debug_info    0x00000000000395c7     0x2591 build/u8g_state.o
 .debug_info    0x000000000003bb58     0x12e2 build/usbd_core.o
 .debug_info    0x000000000003ce3a     0x121d build/usbd_ctlreq.o
 .debug_info    0x000000000003e057     0x1002 build/usbd_ioreq.o
 .debug_info    0x000000000003f059     0x1442 build/usbd_cdc.o
 .debug_info    0x000000000004049b       0xac build/startup_stm32f072xb.o

.debug_abbrev   0x0000000000000000     0x49b8
 .debug_abbrev  0x0000000000000000      0x1b0 build/usb_device.o
 .debug_abbrev  0x00000000000001b0      0x2d6 build/usbd_conf.o
 .debug_abbrev  0x0000000000000486      0x235 build/usbd_desc.o
 .debug_abbrev  0x00000000000006bb      0x279 build/usbd_cdc_if.o
 .debug_abbrev  0x0000000000000934      0x1d5 build/stm32f0xx_it.o
 .debug_abbrev  0x0000000000000b09      0x1fa build/stm32f0xx_hal_msp.o
 .debug_abbrev  0x0000000000000d03      0x295 build/main.o
 .debug_abbrev  0x0000000000000f98      0x2f8 build/stm32f0xx_hal_pcd.o
 .debug_abbrev  0x0000000000001290      0x1df build/stm32f0xx_hal_pcd_ex.o
 .debug_abbrev  0x000000000000146f      0x2b8 build/stm32f0xx_hal_i2c.o
 .debug_abbrev  0x0000000000001727      0x22d build/stm32f0xx_hal_i2c_ex.o
 .debug_abbrev  0x0000000000001954      0x2a0 build/stm32f0xx_hal_usart.o
 .debug_abbrev  0x0000000000001bf4      0x294 build/stm32f0xx_hal_rcc.o
 .debug_abbrev  0x0000000000001e88      0x268 build/stm32f0xx_hal_rcc_ex.o
 .debug_abbrev  0x00000000000020f0      0x279 build/stm32f0xx_hal.o
 .debug_abbrev  0x0000000000002369      0x25f build/stm32f0xx_hal_gpio.o
 .debug_abbrev  0x00000000000025c8      0x304 build/stm32f0xx_hal_cortex.o
 .debug_abbrev  0x00000000000028cc      0x1dd build/system_stm32f0xx.o
 .debug_abbrev  0x0000000000002aa9      0x244 build/u8g_arm.o
 .debug_abbrev  0x0000000000002ced      0x174 build/u8g_clip.o
 .debug_abbrev  0x0000000000002e61      0x170 build/u8g_com_api.o
 .debug_abbrev  0x0000000000002fd1      0x12b build/u8g_com_null.o
 .debug_abbrev  0x00000000000030fc      0x1c0 build/u8g_dev_ssd1306_128x64.o
 .debug_abbrev  0x00000000000032bc      0x27d build/u8g_font.o
 .debug_abbrev  0x0000000000003539       0xfa build/u8g_font_data.o
 .debug_abbrev  0x0000000000003633      0x230 build/u8g_ll_api.o
 .debug_abbrev  0x0000000000003863      0x16e build/u8g_page.o
 .debug_abbrev  0x00000000000039d1      0x181 build/u8g_pb.o
 .debug_abbrev  0x0000000000003b52      0x222 build/u8g_pb8v1.o
 .debug_abbrev  0x0000000000003d74      0x166 build/u8g_rect.o
 .debug_abbrev  0x0000000000003eda      0x15d build/u8g_state.o
 .debug_abbrev  0x0000000000004037      0x266 build/usbd_core.o
 .debug_abbrev  0x000000000000429d      0x296 build/usbd_ctlreq.o
 .debug_abbrev  0x0000000000004533      0x1d6 build/usbd_ioreq.o
 .debug_abbrev  0x0000000000004709      0x29d build/usbd_cdc.o
 .debug_abbrev  0x00000000000049a6       0x12 build/startup_stm32f072xb.o

.debug_loc      0x0000000000000000     0x6e16
 .debug_loc     0x0000000000000000       0x2c build/usb_device.o
 .debug_loc     0x000000000000002c      0x6f4 build/usbd_conf.o
 .debug_loc     0x0000000000000720      0x188 build/usbd_desc.o
 .debug_loc     0x00000000000008a8      0x100 build/usbd_cdc_if.o
 .debug_loc     0x00000000000009a8      0x108 build/stm32f0xx_it.o
 .debug_loc     0x0000000000000ab0      0x118 build/stm32f0xx_hal_msp.o
 .debug_loc     0x0000000000000bc8      0x186 build/main.o
 .debug_loc     0x0000000000000d4e      0x7a8 build/stm32f0xx_hal_pcd.o
 .debug_loc     0x00000000000014f6       0x38 build/stm32f0xx_hal_pcd_ex.o
 .debug_loc     0x000000000000152e      0xff8 build/stm32f0xx_hal_i2c.o
 .debug_loc     0x0000000000002526      0x150 build/stm32f0xx_hal_i2c_ex.o
 .debug_loc     0x0000000000002676      0x818 build/stm32f0xx_hal_usart.o
 .debug_loc     0x0000000000002e8e      0x286 build/stm32f0xx_hal_rcc.o
 .debug_loc     0x0000000000003114      0x270 build/stm32f0xx_hal_rcc_ex.o
 .debug_loc     0x0000000000003384      0x304 build/stm32f0xx_hal.o
 .debug_loc     0x0000000000003688      0x1c0 build/stm32f0xx_hal_gpio.o
 .debug_loc     0x0000000000003848      0x468 build/stm32f0xx_hal_cortex.o
 .debug_loc     0x0000000000003cb0       0x64 build/system_stm32f0xx.o
 .debug_loc     0x0000000000003d14       0xe2 build/u8g_arm.o
 .debug_loc     0x0000000000003df6       0x38 build/u8g_clip.o
 .debug_loc     0x0000000000003e2e      0x230 build/u8g_com_api.o
 .debug_loc     0x000000000000405e       0x38 build/u8g_com_null.o
 .debug_loc     0x0000000000004096      0x118 build/u8g_dev_ssd1306_128x64.o
 .debug_loc     0x00000000000041ae     0x11f0 build/u8g_font.o
 .debug_loc     0x000000000000539e      0x818 build/u8g_ll_api.o
 .debug_loc     0x0000000000005bb6       0xa8 build/u8g_page.o
 .debug_loc     0x0000000000005c5e      0x188 build/u8g_pb.o
 .debug_loc     0x0000000000005de6      0x150 build/u8g_pb8v1.o
 .debug_loc     0x0000000000005f36      0x1f8 build/u8g_rect.o
 .debug_loc     0x000000000000612e       0xa8 build/u8g_state.o
 .debug_loc     0x00000000000061d6      0x460 build/usbd_core.o
 .debug_loc     0x0000000000006636      0x310 build/usbd_ctlreq.o
 .debug_loc     0x0000000000006946      0x188 build/usbd_ioreq.o
 .debug_loc     0x0000000000006ace      0x348 build/usbd_cdc.o

.debug_aranges  0x0000000000000000     0x1378
 .debug_aranges
                0x0000000000000000       0x20 build/usb_device.o
 .debug_aranges
                0x0000000000000020      0x118 build/usbd_conf.o
 .debug_aranges
                0x0000000000000138       0x50 build/usbd_desc.o
 .debug_aranges
                0x0000000000000188       0x40 build/usbd_cdc_if.o
 .debug_aranges
                0x00000000000001c8       0x48 build/stm32f0xx_it.o
 .debug_aranges
                0x0000000000000210       0x40 build/stm32f0xx_hal_msp.o
 .debug_aranges
                0x0000000000000250       0x58 build/main.o
 .debug_aranges
                0x00000000000002a8      0x130 build/stm32f0xx_hal_pcd.o
 .debug_aranges
                0x00000000000003d8       0x20 build/stm32f0xx_hal_pcd_ex.o
 .debug_aranges
                0x00000000000003f8      0x260 build/stm32f0xx_hal_i2c.o
 .debug_aranges
                0x0000000000000658       0x48 build/stm32f0xx_hal_i2c_ex.o
 .debug_aranges
                0x00000000000006a0      0x140 build/stm32f0xx_hal_usart.o
 .debug_aranges
                0x00000000000007e0       0x80 build/stm32f0xx_hal_rcc.o
 .debug_aranges
                0x0000000000000860       0x78 build/stm32f0xx_hal_rcc_ex.o
 .debug_aranges
                0x00000000000008d8       0xa0 build/stm32f0xx_hal.o
 .debug_aranges
                0x0000000000000978       0x58 build/stm32f0xx_hal_gpio.o
 .debug_aranges
                0x00000000000009d0       0xc0 build/stm32f0xx_hal_cortex.o
 .debug_aranges
                0x0000000000000a90       0x28 build/system_stm32f0xx.o
 .debug_aranges
                0x0000000000000ab8       0x38 build/u8g_arm.o
 .debug_aranges
                0x0000000000000af0       0x20 build/u8g_clip.o
 .debug_aranges
                0x0000000000000b10       0x68 build/u8g_com_api.o
 .debug_aranges
                0x0000000000000b78       0x20 build/u8g_com_null.o
 .debug_aranges
                0x0000000000000b98       0x40 build/u8g_dev_ssd1306_128x64.o
 .debug_aranges
                0x0000000000000bd8      0x2a8 build/u8g_font.o
 .debug_aranges
                0x0000000000000e80       0x18 build/u8g_font_data.o
 .debug_aranges
                0x0000000000000e98      0x140 build/u8g_ll_api.o
 .debug_aranges
                0x0000000000000fd8       0x30 build/u8g_page.o
 .debug_aranges
                0x0000000000001008       0x50 build/u8g_pb.o
 .debug_aranges
                0x0000000000001058       0x48 build/u8g_pb8v1.o
 .debug_aranges
                0x00000000000010a0       0x60 build/u8g_rect.o
 .debug_aranges
                0x0000000000001100       0x30 build/u8g_state.o
 .debug_aranges
                0x0000000000001130       0xb8 build/usbd_core.o
 .debug_aranges
                0x00000000000011e8       0x88 build/usbd_ctlreq.o
 .debug_aranges
                0x0000000000001270       0x50 build/usbd_ioreq.o
 .debug_aranges
                0x00000000000012c0       0x90 build/usbd_cdc.o
 .debug_aranges
                0x0000000000001350       0x28 build/startup_stm32f072xb.o

.debug_ranges   0x0000000000000000     0x1170
 .debug_ranges  0x0000000000000000       0x10 build/usb_device.o
 .debug_ranges  0x0000000000000010      0x108 build/usbd_conf.o
 .debug_ranges  0x0000000000000118       0x40 build/usbd_desc.o
 .debug_ranges  0x0000000000000158       0x30 build/usbd_cdc_if.o
 .debug_ranges  0x0000000000000188       0x38 build/stm32f0xx_it.o
 .debug_ranges  0x00000000000001c0       0x30 build/stm32f0xx_hal_msp.o
 .debug_ranges  0x00000000000001f0       0x48 build/main.o
 .debug_ranges  0x0000000000000238      0x120 build/stm32f0xx_hal_pcd.o
 .debug_ranges  0x0000000000000358       0x10 build/stm32f0xx_hal_pcd_ex.o
 .debug_ranges  0x0000000000000368      0x250 build/stm32f0xx_hal_i2c.o
 .debug_ranges  0x00000000000005b8       0x38 build/stm32f0xx_hal_i2c_ex.o
 .debug_ranges  0x00000000000005f0      0x130 build/stm32f0xx_hal_usart.o
 .debug_ranges  0x0000000000000720       0x70 build/stm32f0xx_hal_rcc.o
 .debug_ranges  0x0000000000000790       0x68 build/stm32f0xx_hal_rcc_ex.o
 .debug_ranges  0x00000000000007f8       0x90 build/stm32f0xx_hal.o
 .debug_ranges  0x0000000000000888       0x48 build/stm32f0xx_hal_gpio.o
 .debug_ranges  0x00000000000008d0       0xb0 build/stm32f0xx_hal_cortex.o
 .debug_ranges  0x0000000000000980       0x18 build/system_stm32f0xx.o
 .debug_ranges  0x0000000000000998       0x28 build/u8g_arm.o
 .debug_ranges  0x00000000000009c0       0x48 build/u8g_clip.o
 .debug_ranges  0x0000000000000a08       0x58 build/u8g_com_api.o
 .debug_ranges  0x0000000000000a60       0x10 build/u8g_com_null.o
 .debug_ranges  0x0000000000000a70       0x30 build/u8g_dev_ssd1306_128x64.o
 .debug_ranges  0x0000000000000aa0      0x298 build/u8g_font.o
 .debug_ranges  0x0000000000000d38      0x130 build/u8g_ll_api.o
 .debug_ranges  0x0000000000000e68       0x20 build/u8g_page.o
 .debug_ranges  0x0000000000000e88       0x40 build/u8g_pb.o
 .debug_ranges  0x0000000000000ec8       0x38 build/u8g_pb8v1.o
 .debug_ranges  0x0000000000000f00       0x50 build/u8g_rect.o
 .debug_ranges  0x0000000000000f50       0x20 build/u8g_state.o
 .debug_ranges  0x0000000000000f70       0xa8 build/usbd_core.o
 .debug_ranges  0x0000000000001018       0x78 build/usbd_ctlreq.o
 .debug_ranges  0x0000000000001090       0x40 build/usbd_ioreq.o
 .debug_ranges  0x00000000000010d0       0x80 build/usbd_cdc.o
 .debug_ranges  0x0000000000001150       0x20 build/startup_stm32f072xb.o

.debug_line     0x0000000000000000     0x7b50
 .debug_line    0x0000000000000000      0x1f5 build/usb_device.o
 .debug_line    0x00000000000001f5      0x4b1 build/usbd_conf.o
 .debug_line    0x00000000000006a6      0x208 build/usbd_desc.o
 .debug_line    0x00000000000008ae      0x22b build/usbd_cdc_if.o
 .debug_line    0x0000000000000ad9      0x1f8 build/stm32f0xx_it.o
 .debug_line    0x0000000000000cd1      0x252 build/stm32f0xx_hal_msp.o
 .debug_line    0x0000000000000f23      0x37e build/main.o
 .debug_line    0x00000000000012a1      0x89d build/stm32f0xx_hal_pcd.o
 .debug_line    0x0000000000001b3e      0x1cc build/stm32f0xx_hal_pcd_ex.o
 .debug_line    0x0000000000001d0a     0x12cc build/stm32f0xx_hal_i2c.o
 .debug_line    0x0000000000002fd6      0x30f build/stm32f0xx_hal_i2c_ex.o
 .debug_line    0x00000000000032e5      0xaab build/stm32f0xx_hal_usart.o
 .debug_line    0x0000000000003d90      0x461 build/stm32f0xx_hal_rcc.o
 .debug_line    0x00000000000041f1      0x409 build/stm32f0xx_hal_rcc_ex.o
 .debug_line    0x00000000000045fa      0x2fc build/stm32f0xx_hal.o
 .debug_line    0x00000000000048f6      0x352 build/stm32f0xx_hal_gpio.o
 .debug_line    0x0000000000004c48      0x35d build/stm32f0xx_hal_cortex.o
 .debug_line    0x0000000000004fa5      0x1bc build/system_stm32f0xx.o
 .debug_line    0x0000000000005161      0x256 build/u8g_arm.o
 .debug_line    0x00000000000053b7      0x112 build/u8g_clip.o
 .debug_line    0x00000000000054c9      0x194 build/u8g_com_api.o
 .debug_line    0x000000000000565d       0xd5 build/u8g_com_null.o
 .debug_line    0x0000000000005732      0x17f build/u8g_dev_ssd1306_128x64.o
 .debug_line    0x00000000000058b1      0x969 build/u8g_font.o
 .debug_line    0x000000000000621a       0xc2 build/u8g_font_data.o
 .debug_line    0x00000000000062dc      0x3c3 build/u8g_ll_api.o
 .debug_line    0x000000000000669f      0x100 build/u8g_page.o
 .debug_line    0x000000000000679f      0x177 build/u8g_pb.o
 .debug_line    0x0000000000006916      0x1c0 build/u8g_pb8v1.o
 .debug_line    0x0000000000006ad6      0x1e6 build/u8g_rect.o
 .debug_line    0x0000000000006cbc       0xf1 build/u8g_state.o
 .debug_line    0x0000000000006dad      0x387 build/usbd_core.o
 .debug_line    0x0000000000007134      0x3de build/usbd_ctlreq.o
 .debug_line    0x0000000000007512      0x222 build/usbd_ioreq.o
 .debug_line    0x0000000000007734      0x36d build/usbd_cdc.o
 .debug_line    0x0000000000007aa1       0xaf build/startup_stm32f072xb.o

.debug_str      0x0000000000000000     0x8304
 .debug_str     0x0000000000000000      0x86b build/usb_device.o
                                        0x987 (size before relaxing)
 .debug_str     0x000000000000086b      0x85c build/usbd_conf.o
                                       0x1173 (size before relaxing)
 .debug_str     0x00000000000010c7      0x10b build/usbd_desc.o
                                        0x796 (size before relaxing)
 .debug_str     0x00000000000011d2       0xca build/usbd_cdc_if.o
                                        0xa6b (size before relaxing)
 .debug_str     0x000000000000129c       0x6b build/stm32f0xx_it.o
                                        0x8b5 (size before relaxing)
 .debug_str     0x0000000000001307      0x660 build/stm32f0xx_hal_msp.o
                                        0xee5 (size before relaxing)
 .debug_str     0x0000000000001967     0x3795 build/main.o
                                       0x4a03 (size before relaxing)
 .debug_str     0x00000000000050fc      0x27c build/stm32f0xx_hal_pcd.o
                                        0xc65 (size before relaxing)
 .debug_str     0x0000000000005378       0x54 build/stm32f0xx_hal_pcd_ex.o
                                        0x8d7 (size before relaxing)
 .debug_str     0x00000000000053cc      0x79e build/stm32f0xx_hal_i2c.o
                                       0x1213 (size before relaxing)
 .debug_str     0x0000000000005b6a      0x115 build/stm32f0xx_hal_i2c_ex.o
                                        0xba7 (size before relaxing)
 .debug_str     0x0000000000005c7f      0x3bb build/stm32f0xx_hal_usart.o
                                        0xdf2 (size before relaxing)
 .debug_str     0x000000000000603a      0x1e7 build/stm32f0xx_hal_rcc.o
                                        0x99b (size before relaxing)
 .debug_str     0x0000000000006221      0x2a0 build/stm32f0xx_hal_rcc_ex.o
                                        0x9ac (size before relaxing)
 .debug_str     0x00000000000064c1      0x19e build/stm32f0xx_hal.o
                                        0x9ab (size before relaxing)
 .debug_str     0x000000000000665f      0x122 build/stm32f0xx_hal_gpio.o
                                        0x7de (size before relaxing)
 .debug_str     0x0000000000006781      0x1cb build/stm32f0xx_hal_cortex.o
                                        0xa1b (size before relaxing)
 .debug_str     0x000000000000694c       0x67 build/system_stm32f0xx.o
                                        0x633 (size before relaxing)
 .debug_str     0x00000000000069b3       0x71 build/u8g_arm.o
                                       0x4040 (size before relaxing)
 .debug_str     0x0000000000006a24       0x56 build/u8g_clip.o
                                       0x3740 (size before relaxing)
 .debug_str     0x0000000000006a7a       0xe0 build/u8g_com_api.o
                                       0x37d8 (size before relaxing)
 .debug_str     0x0000000000006b5a       0x32 build/u8g_com_null.o
                                       0x372c (size before relaxing)
 .debug_str     0x0000000000006b8c      0x505 build/u8g_dev_ssd1306_128x64.o
                                       0x3c08 (size before relaxing)
 .debug_str     0x0000000000007091      0x73a build/u8g_font.o
                                       0x3e6f (size before relaxing)
 .debug_str     0x00000000000077cb       0x23 build/u8g_font_data.o
                                       0x370d (size before relaxing)
 .debug_str     0x00000000000077ee      0x2c9 build/u8g_ll_api.o
                                       0x39da (size before relaxing)
 .debug_str     0x0000000000007ab7       0x49 build/u8g_page.o
                                       0x3778 (size before relaxing)
 .debug_str     0x0000000000007b00       0xc4 build/u8g_pb.o
                                       0x3818 (size before relaxing)
 .debug_str     0x0000000000007bc4       0xa6 build/u8g_pb8v1.o
                                       0x3bc7 (size before relaxing)
 .debug_str     0x0000000000007c6a       0xa0 build/u8g_rect.o
                                       0x378a (size before relaxing)
 .debug_str     0x0000000000007d0a       0x61 build/u8g_state.o
                                       0x374b (size before relaxing)
 .debug_str     0x0000000000007d6b      0x1b9 build/usbd_core.o
                                        0xae5 (size before relaxing)
 .debug_str     0x0000000000007f24      0x123 build/usbd_ctlreq.o
                                        0xa6b (size before relaxing)
 .debug_str     0x0000000000008047       0xc6 build/usbd_ioreq.o
                                        0x9f3 (size before relaxing)
 .debug_str     0x000000000000810d      0x1f7 build/usbd_cdc.o
                                        0xbd4 (size before relaxing)

.comment        0x0000000000000000       0x1d
 .comment       0x0000000000000000       0x1d build/usb_device.o
                                         0x1e (size before relaxing)
 .comment       0x000000000000001d       0x1e build/usbd_conf.o
 .comment       0x000000000000001d       0x1e build/usbd_desc.o
 .comment       0x000000000000001d       0x1e build/usbd_cdc_if.o
 .comment       0x000000000000001d       0x1e build/stm32f0xx_it.o
 .comment       0x000000000000001d       0x1e build/stm32f0xx_hal_msp.o
 .comment       0x000000000000001d       0x1e build/main.o
 .comment       0x000000000000001d       0x1e build/stm32f0xx_hal_pcd.o
 .comment       0x000000000000001d       0x1e build/stm32f0xx_hal_pcd_ex.o
 .comment       0x000000000000001d       0x1e build/stm32f0xx_hal_i2c.o
 .comment       0x000000000000001d       0x1e build/stm32f0xx_hal_i2c_ex.o
 .comment       0x000000000000001d       0x1e build/stm32f0xx_hal_usart.o
 .comment       0x000000000000001d       0x1e build/stm32f0xx_hal_rcc.o
 .comment       0x000000000000001d       0x1e build/stm32f0xx_hal_rcc_ex.o
 .comment       0x000000000000001d       0x1e build/stm32f0xx_hal.o
 .comment       0x000000000000001d       0x1e build/stm32f0xx_hal_gpio.o
 .comment       0x000000000000001d       0x1e build/stm32f0xx_hal_cortex.o
 .comment       0x000000000000001d       0x1e build/system_stm32f0xx.o
 .comment       0x000000000000001d       0x1e build/u8g_arm.o
 .comment       0x000000000000001d       0x1e build/u8g_clip.o
 .comment       0x000000000000001d       0x1e build/u8g_com_api.o
 .comment       0x000000000000001d       0x1e build/u8g_com_null.o
 .comment       0x000000000000001d       0x1e build/u8g_dev_ssd1306_128x64.o
 .comment       0x000000000000001d       0x1e build/u8g_font.o
 .comment       0x000000000000001d       0x1e build/u8g_font_data.o
 .comment       0x000000000000001d       0x1e build/u8g_ll_api.o
 .comment       0x000000000000001d       0x1e build/u8g_page.o
 .comment       0x000000000000001d       0x1e build/u8g_pb.o
 .comment       0x000000000000001d       0x1e build/u8g_pb8v1.o
 .comment       0x000000000000001d       0x1e build/u8g_rect.o
 .comment       0x000000000000001d       0x1e build/u8g_state.o
 .comment       0x000000000000001d       0x1e build/usbd_core.o
 .comment       0x000000000000001d       0x1e build/usbd_ctlreq.o
 .comment       0x000000000000001d       0x1e build/usbd_ioreq.o
 .comment       0x000000000000001d       0x1e build/usbd_cdc.o

.debug_frame    0x0000000000000000     0x43b8
 .debug_frame   0x0000000000000000       0x2c build/usb_device.o
 .debug_frame   0x000000000000002c      0x41c build/usbd_conf.o
 .debug_frame   0x0000000000000448       0xf0 build/usbd_desc.o
 .debug_frame   0x0000000000000538       0xac build/usbd_cdc_if.o
 .debug_frame   0x00000000000005e4       0xb8 build/stm32f0xx_it.o
 .debug_frame   0x000000000000069c       0xb0 build/stm32f0xx_hal_msp.o
 .debug_frame   0x000000000000074c       0xfc build/main.o
 .debug_frame   0x0000000000000848      0x490 build/stm32f0xx_hal_pcd.o
 .debug_frame   0x0000000000000cd8       0x30 build/stm32f0xx_hal_pcd_ex.o
 .debug_frame   0x0000000000000d08      0x978 build/stm32f0xx_hal_i2c.o
 .debug_frame   0x0000000000001680       0xd0 build/stm32f0xx_hal_i2c_ex.o
 .debug_frame   0x0000000000001750      0x4b0 build/stm32f0xx_hal_usart.o
 .debug_frame   0x0000000000001c00      0x194 build/stm32f0xx_hal_rcc.o
 .debug_frame   0x0000000000001d94      0x180 build/stm32f0xx_hal_rcc_ex.o
 .debug_frame   0x0000000000001f14      0x1f4 build/stm32f0xx_hal.o
 .debug_frame   0x0000000000002108      0x110 build/stm32f0xx_hal_gpio.o
 .debug_frame   0x0000000000002218      0x2a8 build/stm32f0xx_hal_cortex.o
 .debug_frame   0x00000000000024c0       0x4c build/system_stm32f0xx.o
 .debug_frame   0x000000000000250c       0x94 build/u8g_arm.o
 .debug_frame   0x00000000000025a0       0x34 build/u8g_clip.o
 .debug_frame   0x00000000000025d4      0x174 build/u8g_com_api.o
 .debug_frame   0x0000000000002748       0x30 build/u8g_com_null.o
 .debug_frame   0x0000000000002778       0xc4 build/u8g_dev_ssd1306_128x64.o
 .debug_frame   0x000000000000283c      0xae0 build/u8g_font.o
 .debug_frame   0x000000000000331c      0x4dc build/u8g_ll_api.o
 .debug_frame   0x00000000000037f8       0x74 build/u8g_page.o
 .debug_frame   0x000000000000386c       0xf0 build/u8g_pb.o
 .debug_frame   0x000000000000395c       0xdc build/u8g_pb8v1.o
 .debug_frame   0x0000000000003a38      0x158 build/u8g_rect.o
 .debug_frame   0x0000000000003b90       0x70 build/u8g_state.o
 .debug_frame   0x0000000000003c00      0x290 build/usbd_core.o
 .debug_frame   0x0000000000003e90      0x1d0 build/usbd_ctlreq.o
 .debug_frame   0x0000000000004060       0xf0 build/usbd_ioreq.o
 .debug_frame   0x0000000000004150      0x1f4 build/usbd_cdc.o
 .debug_frame   0x0000000000004344       0x2c /usr/lib/gcc/arm-none-eabi/6.2.0/../../../../arm-none-eabi/lib/armv6-m/libc_nano.a(lib_a-init.o)
 .debug_frame   0x0000000000004370       0x28 /usr/lib/gcc/arm-none-eabi/6.2.0/../../../../arm-none-eabi/lib/armv6-m/libc_nano.a(lib_a-memcpy-stub.o)
 .debug_frame   0x0000000000004398       0x20 /usr/lib/gcc/arm-none-eabi/6.2.0/armv6-m/libgcc.a(_udivsi3.o)

Cross Reference Table

Symbol                                            File
ADC1_COMP_IRQHandler                              build/startup_stm32f072xb.o
AHBPrescTable                                     build/system_stm32f0xx.o
                                                  build/stm32f0xx_hal_rcc.o
APBPrescTable                                     build/system_stm32f0xx.o
                                                  build/stm32f0xx_hal_rcc.o
CDC_Transmit_FS                                   build/usbd_cdc_if.o
CEC_CAN_IRQHandler                                build/startup_stm32f072xb.o
DMA1_Channel1_IRQHandler                          build/startup_stm32f072xb.o
DMA1_Channel2_3_IRQHandler                        build/startup_stm32f072xb.o
DMA1_Channel4_5_6_7_IRQHandler                    build/startup_stm32f072xb.o
Default_Handler                                   build/startup_stm32f072xb.o
EXTI0_1_IRQHandler                                build/startup_stm32f072xb.o
EXTI2_3_IRQHandler                                build/startup_stm32f072xb.o
EXTI4_15_IRQHandler                               build/startup_stm32f072xb.o
Error_Handler                                     build/main.o
                                                  build/usbd_conf.o
FLASH_IRQHandler                                  build/startup_stm32f072xb.o
FLASH_PageErase                                   build/stm32f0xx_hal_flash_ex.o
                                                  build/stm32f0xx_hal_flash.o
FLASH_WaitForLastOperation                        build/stm32f0xx_hal_flash.o
                                                  build/stm32f0xx_hal_flash_ex.o
FS_Desc                                           build/usbd_desc.o
                                                  build/usb_device.o
HAL_DBGMCU_DisableDBGStandbyMode                  build/stm32f0xx_hal.o
HAL_DBGMCU_DisableDBGStopMode                     build/stm32f0xx_hal.o
HAL_DBGMCU_EnableDBGStandbyMode                   build/stm32f0xx_hal.o
HAL_DBGMCU_EnableDBGStopMode                      build/stm32f0xx_hal.o
HAL_DMA_Abort                                     build/stm32f0xx_hal_dma.o
                                                  build/stm32f0xx_hal_usart.o
HAL_DMA_Abort_IT                                  build/stm32f0xx_hal_dma.o
                                                  build/stm32f0xx_hal_i2c.o
HAL_DMA_DeInit                                    build/stm32f0xx_hal_dma.o
HAL_DMA_GetError                                  build/stm32f0xx_hal_dma.o
HAL_DMA_GetState                                  build/stm32f0xx_hal_dma.o
HAL_DMA_IRQHandler                                build/stm32f0xx_hal_dma.o
HAL_DMA_Init                                      build/stm32f0xx_hal_dma.o
HAL_DMA_PollForTransfer                           build/stm32f0xx_hal_dma.o
HAL_DMA_Start                                     build/stm32f0xx_hal_dma.o
HAL_DMA_Start_IT                                  build/stm32f0xx_hal_dma.o
                                                  build/stm32f0xx_hal_usart.o
                                                  build/stm32f0xx_hal_i2c.o
HAL_DeInit                                        build/stm32f0xx_hal.o
HAL_Delay                                         build/stm32f0xx_hal.o
                                                  build/u8g_arm.o
                                                  build/main.o
                                                  build/usbd_conf.o
HAL_FLASHEx_Erase                                 build/stm32f0xx_hal_flash_ex.o
HAL_FLASHEx_Erase_IT                              build/stm32f0xx_hal_flash_ex.o
HAL_FLASHEx_OBErase                               build/stm32f0xx_hal_flash_ex.o
HAL_FLASHEx_OBGetConfig                           build/stm32f0xx_hal_flash_ex.o
HAL_FLASHEx_OBGetUserData                         build/stm32f0xx_hal_flash_ex.o
HAL_FLASHEx_OBProgram                             build/stm32f0xx_hal_flash_ex.o
HAL_FLASH_EndOfOperationCallback                  build/stm32f0xx_hal_flash.o
HAL_FLASH_GetError                                build/stm32f0xx_hal_flash.o
HAL_FLASH_IRQHandler                              build/stm32f0xx_hal_flash.o
HAL_FLASH_Lock                                    build/stm32f0xx_hal_flash.o
HAL_FLASH_OB_Launch                               build/stm32f0xx_hal_flash.o
HAL_FLASH_OB_Lock                                 build/stm32f0xx_hal_flash.o
HAL_FLASH_OB_Unlock                               build/stm32f0xx_hal_flash.o
HAL_FLASH_OperationErrorCallback                  build/stm32f0xx_hal_flash.o
HAL_FLASH_Program                                 build/stm32f0xx_hal_flash.o
HAL_FLASH_Program_IT                              build/stm32f0xx_hal_flash.o
HAL_FLASH_Unlock                                  build/stm32f0xx_hal_flash.o
HAL_GPIO_DeInit                                   build/stm32f0xx_hal_gpio.o
                                                  build/stm32f0xx_hal_msp.o
HAL_GPIO_EXTI_Callback                            build/stm32f0xx_hal_gpio.o
HAL_GPIO_EXTI_IRQHandler                          build/stm32f0xx_hal_gpio.o
HAL_GPIO_Init                                     build/stm32f0xx_hal_gpio.o
                                                  build/stm32f0xx_hal_rcc.o
                                                  build/main.o
                                                  build/stm32f0xx_hal_msp.o
HAL_GPIO_LockPin                                  build/stm32f0xx_hal_gpio.o
HAL_GPIO_ReadPin                                  build/stm32f0xx_hal_gpio.o
HAL_GPIO_TogglePin                                build/stm32f0xx_hal_gpio.o
HAL_GPIO_WritePin                                 build/stm32f0xx_hal_gpio.o
                                                  build/main.o
HAL_GetDEVID                                      build/stm32f0xx_hal.o
HAL_GetHalVersion                                 build/stm32f0xx_hal.o
HAL_GetREVID                                      build/stm32f0xx_hal.o
HAL_GetTick                                       build/stm32f0xx_hal.o
                                                  build/stm32f0xx_hal_flash.o
                                                  build/stm32f0xx_hal_dma.o
                                                  build/stm32f0xx_hal_rcc_ex.o
                                                  build/stm32f0xx_hal_rcc.o
                                                  build/stm32f0xx_hal_usart.o
                                                  build/stm32f0xx_hal_i2c.o
HAL_I2CEx_ConfigAnalogFilter                      build/stm32f0xx_hal_i2c_ex.o
                                                  build/main.o
HAL_I2CEx_ConfigDigitalFilter                     build/stm32f0xx_hal_i2c_ex.o
HAL_I2CEx_DisableFastModePlus                     build/stm32f0xx_hal_i2c_ex.o
HAL_I2CEx_DisableWakeUp                           build/stm32f0xx_hal_i2c_ex.o
HAL_I2CEx_EnableFastModePlus                      build/stm32f0xx_hal_i2c_ex.o
                                                  build/stm32f0xx_hal_msp.o
HAL_I2CEx_EnableWakeUp                            build/stm32f0xx_hal_i2c_ex.o
HAL_I2C_AbortCpltCallback                         build/stm32f0xx_hal_i2c.o
HAL_I2C_AddrCallback                              build/stm32f0xx_hal_i2c.o
HAL_I2C_DeInit                                    build/stm32f0xx_hal_i2c.o
HAL_I2C_DisableListen_IT                          build/stm32f0xx_hal_i2c.o
HAL_I2C_ER_IRQHandler                             build/stm32f0xx_hal_i2c.o
HAL_I2C_EV_IRQHandler                             build/stm32f0xx_hal_i2c.o
HAL_I2C_EnableListen_IT                           build/stm32f0xx_hal_i2c.o
HAL_I2C_ErrorCallback                             build/stm32f0xx_hal_i2c.o
HAL_I2C_GetError                                  build/stm32f0xx_hal_i2c.o
HAL_I2C_GetMode                                   build/stm32f0xx_hal_i2c.o
HAL_I2C_GetState                                  build/stm32f0xx_hal_i2c.o
HAL_I2C_Init                                      build/stm32f0xx_hal_i2c.o
                                                  build/main.o
HAL_I2C_IsDeviceReady                             build/stm32f0xx_hal_i2c.o
HAL_I2C_ListenCpltCallback                        build/stm32f0xx_hal_i2c.o
HAL_I2C_MasterRxCpltCallback                      build/stm32f0xx_hal_i2c.o
HAL_I2C_MasterTxCpltCallback                      build/stm32f0xx_hal_i2c.o
HAL_I2C_Master_Abort_IT                           build/stm32f0xx_hal_i2c.o
HAL_I2C_Master_Receive                            build/stm32f0xx_hal_i2c.o
HAL_I2C_Master_Receive_DMA                        build/stm32f0xx_hal_i2c.o
HAL_I2C_Master_Receive_IT                         build/stm32f0xx_hal_i2c.o
HAL_I2C_Master_Sequential_Receive_IT              build/stm32f0xx_hal_i2c.o
HAL_I2C_Master_Sequential_Transmit_IT             build/stm32f0xx_hal_i2c.o
HAL_I2C_Master_Transmit                           build/stm32f0xx_hal_i2c.o
                                                  build/u8g_arm.o
HAL_I2C_Master_Transmit_DMA                       build/stm32f0xx_hal_i2c.o
HAL_I2C_Master_Transmit_IT                        build/stm32f0xx_hal_i2c.o
HAL_I2C_MemRxCpltCallback                         build/stm32f0xx_hal_i2c.o
HAL_I2C_MemTxCpltCallback                         build/stm32f0xx_hal_i2c.o
HAL_I2C_Mem_Read                                  build/stm32f0xx_hal_i2c.o
HAL_I2C_Mem_Read_DMA                              build/stm32f0xx_hal_i2c.o
HAL_I2C_Mem_Read_IT                               build/stm32f0xx_hal_i2c.o
HAL_I2C_Mem_Write                                 build/stm32f0xx_hal_i2c.o
HAL_I2C_Mem_Write_DMA                             build/stm32f0xx_hal_i2c.o
HAL_I2C_Mem_Write_IT                              build/stm32f0xx_hal_i2c.o
HAL_I2C_MspDeInit                                 build/stm32f0xx_hal_msp.o
HAL_I2C_MspInit                                   build/stm32f0xx_hal_msp.o
HAL_I2C_SlaveRxCpltCallback                       build/stm32f0xx_hal_i2c.o
HAL_I2C_SlaveTxCpltCallback                       build/stm32f0xx_hal_i2c.o
HAL_I2C_Slave_Receive                             build/stm32f0xx_hal_i2c.o
HAL_I2C_Slave_Receive_DMA                         build/stm32f0xx_hal_i2c.o
HAL_I2C_Slave_Receive_IT                          build/stm32f0xx_hal_i2c.o
HAL_I2C_Slave_Sequential_Receive_IT               build/stm32f0xx_hal_i2c.o
HAL_I2C_Slave_Sequential_Transmit_IT              build/stm32f0xx_hal_i2c.o
HAL_I2C_Slave_Transmit                            build/stm32f0xx_hal_i2c.o
HAL_I2C_Slave_Transmit_DMA                        build/stm32f0xx_hal_i2c.o
HAL_I2C_Slave_Transmit_IT                         build/stm32f0xx_hal_i2c.o
HAL_IncTick                                       build/stm32f0xx_hal.o
                                                  build/stm32f0xx_it.o
HAL_Init                                          build/stm32f0xx_hal.o
                                                  build/main.o
HAL_InitTick                                      build/stm32f0xx_hal.o
                                                  build/stm32f0xx_hal_rcc.o
HAL_MspDeInit                                     build/stm32f0xx_hal.o
HAL_MspInit                                       build/stm32f0xx_hal_msp.o
HAL_NVIC_ClearPendingIRQ                          build/stm32f0xx_hal_cortex.o
HAL_NVIC_DisableIRQ                               build/stm32f0xx_hal_cortex.o
                                                  build/usbd_conf.o
HAL_NVIC_EnableIRQ                                build/stm32f0xx_hal_cortex.o
                                                  build/usbd_conf.o
HAL_NVIC_GetPendingIRQ                            build/stm32f0xx_hal_cortex.o
HAL_NVIC_GetPriority                              build/stm32f0xx_hal_cortex.o
HAL_NVIC_SetPendingIRQ                            build/stm32f0xx_hal_cortex.o
HAL_NVIC_SetPriority                              build/stm32f0xx_hal_cortex.o
                                                  build/stm32f0xx_hal.o
                                                  build/main.o
                                                  build/stm32f0xx_hal_msp.o