Archive member included to satisfy reference by file (symbol)

/usr/lib/gcc/arm-none-eabi/6.2.0/../../../../arm-none-eabi/lib/armv6-m/libc_nano.a(lib_a-atexit.o)
                              /usr/lib/gcc/arm-none-eabi/6.2.0/../../../../arm-none-eabi/lib/armv6-m/crt0.o (atexit)
/usr/lib/gcc/arm-none-eabi/6.2.0/../../../../arm-none-eabi/lib/armv6-m/libc_nano.a(lib_a-exit.o)
                              /usr/lib/gcc/arm-none-eabi/6.2.0/../../../../arm-none-eabi/lib/armv6-m/crt0.o (exit)
/usr/lib/gcc/arm-none-eabi/6.2.0/../../../../arm-none-eabi/lib/armv6-m/libc_nano.a(lib_a-fini.o)
                              /usr/lib/gcc/arm-none-eabi/6.2.0/../../../../arm-none-eabi/lib/armv6-m/crt0.o (__libc_fini_array)
/usr/lib/gcc/arm-none-eabi/6.2.0/../../../../arm-none-eabi/lib/armv6-m/libc_nano.a(lib_a-impure.o)
                              /usr/lib/gcc/arm-none-eabi/6.2.0/../../../../arm-none-eabi/lib/armv6-m/libc_nano.a(lib_a-exit.o) (_global_impure_ptr)
/usr/lib/gcc/arm-none-eabi/6.2.0/../../../../arm-none-eabi/lib/armv6-m/libc_nano.a(lib_a-init.o)
                              /usr/lib/gcc/arm-none-eabi/6.2.0/../../../../arm-none-eabi/lib/armv6-m/crt0.o (__libc_init_array)
/usr/lib/gcc/arm-none-eabi/6.2.0/../../../../arm-none-eabi/lib/armv6-m/libc_nano.a(lib_a-memcpy-stub.o)
                              build/stm32f0xx_hal_rcc.o (memcpy)
/usr/lib/gcc/arm-none-eabi/6.2.0/../../../../arm-none-eabi/lib/armv6-m/libc_nano.a(lib_a-memset.o)
                              /usr/lib/gcc/arm-none-eabi/6.2.0/../../../../arm-none-eabi/lib/armv6-m/crt0.o (memset)
/usr/lib/gcc/arm-none-eabi/6.2.0/../../../../arm-none-eabi/lib/armv6-m/libc_nano.a(lib_a-__atexit.o)
                              /usr/lib/gcc/arm-none-eabi/6.2.0/../../../../arm-none-eabi/lib/armv6-m/libc_nano.a(lib_a-atexit.o) (__register_exitproc)
/usr/lib/gcc/arm-none-eabi/6.2.0/../../../../arm-none-eabi/lib/armv6-m/libc_nano.a(lib_a-__call_atexit.o)
                              /usr/lib/gcc/arm-none-eabi/6.2.0/../../../../arm-none-eabi/lib/armv6-m/libc_nano.a(lib_a-__atexit.o) (__call_exitprocs)
/usr/lib/gcc/arm-none-eabi/6.2.0/../../../../arm-none-eabi/lib/armv6-m/libnosys.a(_exit.o)
                              /usr/lib/gcc/arm-none-eabi/6.2.0/../../../../arm-none-eabi/lib/armv6-m/libc_nano.a(lib_a-exit.o) (_exit)
/usr/lib/gcc/arm-none-eabi/6.2.0/armv6-m/libgcc.a(_udivsi3.o)
                              build/micromod.o (__aeabi_uidiv)
/usr/lib/gcc/arm-none-eabi/6.2.0/armv6-m/libgcc.a(_divsi3.o)
                              build/micromod.o (__aeabi_idiv)
/usr/lib/gcc/arm-none-eabi/6.2.0/armv6-m/libgcc.a(_dvmd_tls.o)
                              /usr/lib/gcc/arm-none-eabi/6.2.0/armv6-m/libgcc.a(_udivsi3.o) (__aeabi_idiv0)

Allocating common symbols
Common symbol       size              file

hUsbDeviceFS        0x224             build/usb_device.o
uwTick              0x4               build/stm32f0xx_hal.o
pFlash              0x20              build/stm32f0xx_hal_flash.o
song_length         0x2               build/main.o
UserRxBufferFS      0x4               build/usbd_cdc_if.o
UserTxBufferFS      0x4               build/usbd_cdc_if.o
hdac                0x14              build/main.o
buffer              0x800             build/main.o
hpcd_USB_FS         0x220             build/usbd_conf.o
husart1             0x48              build/main.o
USBD_StrDesc        0x200             build/usbd_desc.o

Discarded input sections

 .text          0x0000000000000000        0x0 /usr/lib/gcc/arm-none-eabi/6.2.0/armv6-m/crti.o
 .data          0x0000000000000000        0x0 /usr/lib/gcc/arm-none-eabi/6.2.0/armv6-m/crti.o
 .bss           0x0000000000000000        0x0 /usr/lib/gcc/arm-none-eabi/6.2.0/armv6-m/crti.o
 .text          0x0000000000000000        0x0 /usr/lib/gcc/arm-none-eabi/6.2.0/armv6-m/crtbegin.o
 .data          0x0000000000000000        0x0 /usr/lib/gcc/arm-none-eabi/6.2.0/armv6-m/crtbegin.o
 .bss           0x0000000000000000        0x0 /usr/lib/gcc/arm-none-eabi/6.2.0/armv6-m/crtbegin.o
 .data.__dso_handle
                0x0000000000000000        0x4 /usr/lib/gcc/arm-none-eabi/6.2.0/armv6-m/crtbegin.o
 .text          0x0000000000000000       0x6c /usr/lib/gcc/arm-none-eabi/6.2.0/../../../../arm-none-eabi/lib/armv6-m/crt0.o
 .data          0x0000000000000000        0x0 /usr/lib/gcc/arm-none-eabi/6.2.0/../../../../arm-none-eabi/lib/armv6-m/crt0.o
 .bss           0x0000000000000000        0x0 /usr/lib/gcc/arm-none-eabi/6.2.0/../../../../arm-none-eabi/lib/armv6-m/crt0.o
 .ARM.extab     0x0000000000000000        0x0 /usr/lib/gcc/arm-none-eabi/6.2.0/../../../../arm-none-eabi/lib/armv6-m/crt0.o
 .ARM.exidx     0x0000000000000000        0x8 /usr/lib/gcc/arm-none-eabi/6.2.0/../../../../arm-none-eabi/lib/armv6-m/crt0.o
 .ARM.attributes
                0x0000000000000000       0x1b /usr/lib/gcc/arm-none-eabi/6.2.0/../../../../arm-none-eabi/lib/armv6-m/crt0.o
 .text          0x0000000000000000        0x0 build/micromod.o
[...]
Memory Configuration

Name             Origin             Length             Attributes
RAM              0x0000000020000000 0x0000000000004000 xrw
FLASH            0x0000000008000000 0x0000000000020000 xr
*default*        0x0000000000000000 0xffffffffffffffff

Linker script and memory map

LOAD /usr/lib/gcc/arm-none-eabi/6.2.0/armv6-m/crti.o
LOAD /usr/lib/gcc/arm-none-eabi/6.2.0/armv6-m/crtbegin.o
LOAD /usr/lib/gcc/arm-none-eabi/6.2.0/../../../../arm-none-eabi/lib/armv6-m/crt0.o
LOAD build/micromod.o
LOAD build/usb_device.o
LOAD build/usbd_conf.o
LOAD build/usbd_desc.o
LOAD build/usbd_cdc_if.o
LOAD build/stm32f0xx_it.o
LOAD build/stm32f0xx_hal_msp.o
LOAD build/main.o
LOAD build/stm32f0xx_hal_pcd.o
LOAD build/stm32f0xx_hal_pcd_ex.o
LOAD build/stm32f0xx_hal_dac.o
LOAD build/stm32f0xx_hal_dac_ex.o
LOAD build/stm32f0xx_hal_tim.o
LOAD build/stm32f0xx_hal_tim_ex.o
LOAD build/stm32f0xx_hal_usart.o
LOAD build/stm32f0xx_hal_rcc.o
LOAD build/stm32f0xx_hal_rcc_ex.o
LOAD build/stm32f0xx_hal.o
LOAD build/stm32f0xx_hal_i2c.o
LOAD build/stm32f0xx_hal_i2c_ex.o
LOAD build/stm32f0xx_hal_gpio.o
LOAD build/stm32f0xx_hal_dma.o
LOAD build/stm32f0xx_hal_cortex.o
LOAD build/stm32f0xx_hal_pwr.o
LOAD build/stm32f0xx_hal_pwr_ex.o
LOAD build/stm32f0xx_hal_flash.o
LOAD build/stm32f0xx_hal_flash_ex.o
LOAD build/system_stm32f0xx.o
LOAD build/usbd_core.o
LOAD build/usbd_ctlreq.o
LOAD build/usbd_ioreq.o
LOAD build/usbd_cdc.o
LOAD build/startup_stm32f072xb.o
LOAD /usr/lib/gcc/arm-none-eabi/6.2.0/../../../../arm-none-eabi/lib/armv6-m/libc_nano.a
LOAD /usr/lib/gcc/arm-none-eabi/6.2.0/../../../../arm-none-eabi/lib/armv6-m/libm.a
LOAD /usr/lib/gcc/arm-none-eabi/6.2.0/../../../../arm-none-eabi/lib/armv6-m/libnosys.a
START GROUP
LOAD /usr/lib/gcc/arm-none-eabi/6.2.0/armv6-m/libgcc.a
LOAD /usr/lib/gcc/arm-none-eabi/6.2.0/../../../../arm-none-eabi/lib/armv6-m/libc_nano.a
END GROUP
START GROUP
LOAD /usr/lib/gcc/arm-none-eabi/6.2.0/armv6-m/libgcc.a
LOAD /usr/lib/gcc/arm-none-eabi/6.2.0/../../../../arm-none-eabi/lib/armv6-m/libc_nano.a
END GROUP
LOAD /usr/lib/gcc/arm-none-eabi/6.2.0/armv6-m/crtend.o
LOAD /usr/lib/gcc/arm-none-eabi/6.2.0/armv6-m/crtn.o
                0x0000000020004000                _estack = 0x20004000
                0x0000000000000200                _Min_Heap_Size = 0x200
                0x0000000000000400                _Min_Stack_Size = 0x400

.isr_vector     0x0000000008000000       0xc0
                0x0000000008000000                . = ALIGN (0x4)
 *(.isr_vector)
 .isr_vector    0x0000000008000000       0xc0 build/startup_stm32f072xb.o
                0x0000000008000000                g_pfnVectors
                0x00000000080000c0                . = ALIGN (0x4)

.text           0x00000000080000c0     0x7158
                0x00000000080000c0                . = ALIGN (0x4)
 *(.text)
 .text          0x00000000080000c0       0x9c /usr/lib/gcc/arm-none-eabi/6.2.0/armv6-m/libgcc.a(_udivsi3.o)
                0x00000000080000c0                __udivsi3
                0x00000000080000c0                __aeabi_uidiv
                0x0000000008000148                __aeabi_uidivmod
 .text          0x000000000800015c       0xc0 /usr/lib/gcc/arm-none-eabi/6.2.0/armv6-m/libgcc.a(_divsi3.o)
                0x000000000800015c                __aeabi_idiv
                0x000000000800015c                __divsi3
                0x0000000008000208                __aeabi_idivmod
 .text          0x000000000800021c        0x4 /usr/lib/gcc/arm-none-eabi/6.2.0/armv6-m/libgcc.a(_dvmd_tls.o)
                0x000000000800021c                __aeabi_ldiv0
                0x000000000800021c                __aeabi_idiv0
 *(.text*)
 .text.__do_global_dtors_aux
                0x0000000008000220       0x28 /usr/lib/gcc/arm-none-eabi/6.2.0/armv6-m/crtbegin.o
 .text.frame_dummy
                0x0000000008000248       0x38 /usr/lib/gcc/arm-none-eabi/6.2.0/armv6-m/crtbegin.o
 .text.calculate_num_patterns
                0x0000000008000280       0x54 build/micromod.o
 .text.calculate_num_channels
                0x00000000080002d4       0xd8 build/micromod.o
 .text.unsigned_short_big_endian
                0x00000000080003ac       0x36 build/micromod.o
 *fill*         0x00000000080003e2        0x2 
 .text.set_tempo
                0x00000000080003e4       0x38 build/micromod.o
 .text.update_frequency
                0x000000000800041c       0xc8 build/micromod.o
 .text.tone_portamento
                0x00000000080004e4       0x66 build/micromod.o
 .text.volume_slide
                0x000000000800054a       0x44 build/micromod.o
 *fill*         0x000000000800058e        0x2 
 .text.waveform
                0x0000000008000590       0xa4 build/micromod.o
 .text.vibrato  0x0000000008000634       0x38 build/micromod.o
 .text.tremolo  0x000000000800066c       0x38 build/micromod.o
 .text.trigger  0x00000000080006a4      0x124 build/micromod.o
 .text.channel_row
                0x00000000080007c8      0x348 build/micromod.o
 .text.channel_tick
                0x0000000008000b10      0x1dc build/micromod.o
 .text.sequence_row
                0x0000000008000cec      0x1f4 build/micromod.o
 .text.sequence_tick
                0x0000000008000ee0       0x74 build/micromod.o
 .text.resample
                0x0000000008000f54      0x16c build/micromod.o
 .text.micromod_calculate_mod_file_len
                0x00000000080010c0       0x7c build/micromod.o
                0x00000000080010c0                micromod_calculate_mod_file_len
 .text.micromod_initialise
                0x000000000800113c      0x26c build/micromod.o
                0x000000000800113c                micromod_initialise
 .text.micromod_set_position
                0x00000000080013a8      0x100 build/micromod.o
                0x00000000080013a8                micromod_set_position
 .text.micromod_get_audio
                0x00000000080014a8       0xb0 build/micromod.o
                0x00000000080014a8                micromod_get_audio
 .text.MX_USB_DEVICE_Init
                0x0000000008001558       0x48 build/usb_device.o
                0x0000000008001558                MX_USB_DEVICE_Init
 .text.HAL_PCD_MspInit
                0x00000000080015a0       0x50 build/usbd_conf.o
                0x00000000080015a0                HAL_PCD_MspInit
 .text.HAL_PCD_SetupStageCallback
                0x00000000080015f0       0x26 build/usbd_conf.o
                0x00000000080015f0                HAL_PCD_SetupStageCallback
 .text.HAL_PCD_DataOutStageCallback
                0x0000000008001616       0x42 build/usbd_conf.o
                0x0000000008001616                HAL_PCD_DataOutStageCallback
 .text.HAL_PCD_DataInStageCallback
                0x0000000008001658       0x3c build/usbd_conf.o
                0x0000000008001658                HAL_PCD_DataInStageCallback
 .text.HAL_PCD_SOFCallback
                0x0000000008001694       0x1e build/usbd_conf.o
                0x0000000008001694                HAL_PCD_SOFCallback
 .text.HAL_PCD_ResetCallback
                0x00000000080016b2       0x58 build/usbd_conf.o
                0x00000000080016b2                HAL_PCD_ResetCallback
 *fill*         0x000000000800170a        0x2 
 .text.HAL_PCD_SuspendCallback
                0x000000000800170c       0x38 build/usbd_conf.o
                0x000000000800170c                HAL_PCD_SuspendCallback
 .text.HAL_PCD_ResumeCallback
                0x0000000008001744       0x3c build/usbd_conf.o
                0x0000000008001744                HAL_PCD_ResumeCallback
 .text.USBD_LL_Init
                0x0000000008001780       0xcc build/usbd_conf.o
                0x0000000008001780                USBD_LL_Init
 .text.USBD_LL_Start
                0x000000000800184c       0x20 build/usbd_conf.o
                0x000000000800184c                USBD_LL_Start
 .text.USBD_LL_OpenEP
                0x000000000800186c       0x44 build/usbd_conf.o
                0x000000000800186c                USBD_LL_OpenEP
 .text.USBD_LL_CloseEP
                0x00000000080018b0       0x2c build/usbd_conf.o
                0x00000000080018b0                USBD_LL_CloseEP
 .text.USBD_LL_StallEP
                0x00000000080018dc       0x2c build/usbd_conf.o
                0x00000000080018dc                USBD_LL_StallEP
 .text.USBD_LL_ClearStallEP
                0x0000000008001908       0x2c build/usbd_conf.o
                0x0000000008001908                USBD_LL_ClearStallEP
 .text.USBD_LL_IsStallEP
                0x0000000008001934       0x62 build/usbd_conf.o
                0x0000000008001934                USBD_LL_IsStallEP
 .text.USBD_LL_SetUSBAddress
                0x0000000008001996       0x2c build/usbd_conf.o
                0x0000000008001996                USBD_LL_SetUSBAddress
 .text.USBD_LL_Transmit
                0x00000000080019c2       0x44 build/usbd_conf.o
                0x00000000080019c2                USBD_LL_Transmit
 .text.USBD_LL_PrepareReceive
                0x0000000008001a06       0x44 build/usbd_conf.o
                0x0000000008001a06                USBD_LL_PrepareReceive
 .text.USBD_LL_GetRxDataSize
                0x0000000008001a4a       0x2c build/usbd_conf.o
                0x0000000008001a4a                USBD_LL_GetRxDataSize
 *fill*         0x0000000008001a76        0x2 
 .text.USBD_static_malloc
                0x0000000008001a78       0x18 build/usbd_conf.o
                0x0000000008001a78                USBD_static_malloc
 .text.USBD_static_free
                0x0000000008001a90       0x10 build/usbd_conf.o
                0x0000000008001a90                USBD_static_free
 .text.SystemClockConfig_Resume
                0x0000000008001aa0        0xe build/usbd_conf.o
 *fill*         0x0000000008001aae        0x2 
 .text.USBD_FS_DeviceDescriptor
                0x0000000008001ab0       0x24 build/usbd_desc.o
                0x0000000008001ab0                USBD_FS_DeviceDescriptor
 .text.USBD_FS_LangIDStrDescriptor
                0x0000000008001ad4       0x24 build/usbd_desc.o
                0x0000000008001ad4                USBD_FS_LangIDStrDescriptor
 .text.USBD_FS_ProductStrDescriptor
                0x0000000008001af8       0x44 build/usbd_desc.o
                0x0000000008001af8                USBD_FS_ProductStrDescriptor
 .text.USBD_FS_ManufacturerStrDescriptor
                0x0000000008001b3c       0x2c build/usbd_desc.o
                0x0000000008001b3c                USBD_FS_ManufacturerStrDescriptor
 .text.USBD_FS_SerialStrDescriptor
                0x0000000008001b68       0x44 build/usbd_desc.o
                0x0000000008001b68                USBD_FS_SerialStrDescriptor
 .text.USBD_FS_ConfigStrDescriptor
                0x0000000008001bac       0x44 build/usbd_desc.o
                0x0000000008001bac                USBD_FS_ConfigStrDescriptor
 .text.USBD_FS_InterfaceStrDescriptor
                0x0000000008001bf0       0x44 build/usbd_desc.o
                0x0000000008001bf0                USBD_FS_InterfaceStrDescriptor
 .text.CDC_Init_FS
                0x0000000008001c34       0x30 build/usbd_cdc_if.o
 .text.CDC_DeInit_FS
                0x0000000008001c64        0xc build/usbd_cdc_if.o
 .text.CDC_Control_FS
                0x0000000008001c70       0x38 build/usbd_cdc_if.o
 .text.CDC_Receive_FS
                0x0000000008001ca8       0x2c build/usbd_cdc_if.o
 .text.NMI_Handler
                0x0000000008001cd4        0xa build/stm32f0xx_it.o
                0x0000000008001cd4                NMI_Handler
 .text.HardFault_Handler
                0x0000000008001cde        0x6 build/stm32f0xx_it.o
                0x0000000008001cde                HardFault_Handler
 .text.SVC_Handler
                0x0000000008001ce4        0xa build/stm32f0xx_it.o
                0x0000000008001ce4                SVC_Handler
 .text.PendSV_Handler
                0x0000000008001cee        0xa build/stm32f0xx_it.o
                0x0000000008001cee                PendSV_Handler
 .text.SysTick_Handler
                0x0000000008001cf8       0x12 build/stm32f0xx_it.o
                0x0000000008001cf8                SysTick_Handler
 *fill*         0x0000000008001d0a        0x2 
 .text.USB_IRQHandler
                0x0000000008001d0c       0x18 build/stm32f0xx_it.o
                0x0000000008001d0c                USB_IRQHandler
 .text.HAL_MspInit
                0x0000000008001d24       0x54 build/stm32f0xx_hal_msp.o
                0x0000000008001d24                HAL_MspInit
 .text.HAL_DAC_MspInit
                0x0000000008001d78       0x68 build/stm32f0xx_hal_msp.o
                0x0000000008001d78                HAL_DAC_MspInit
 .text.HAL_USART_MspInit
                0x0000000008001de0       0xb4 build/stm32f0xx_hal_msp.o
                0x0000000008001de0                HAL_USART_MspInit
 .text.main     0x0000000008001e94       0xdc build/main.o
                0x0000000008001e94                main
 .text.SystemClock_Config
                0x0000000008001f70       0xc0 build/main.o
                0x0000000008001f70                SystemClock_Config
 .text.MX_DAC_Init
                0x0000000008002030       0x60 build/main.o
 .text.MX_USART1_Init
                0x0000000008002090       0x5c build/main.o
 .text.MX_GPIO_Init
                0x00000000080020ec       0xd0 build/main.o
 .text.Error_Handler
                0x00000000080021bc        0x6 build/main.o
                0x00000000080021bc                Error_Handler
 .text.HAL_PCD_Init
                0x00000000080021c2      0x1e0 build/stm32f0xx_hal_pcd.o
                0x00000000080021c2                HAL_PCD_Init
 *fill*         0x00000000080023a2        0x2 
 .text.HAL_PCD_Start
                0x00000000080023a4       0x30 build/stm32f0xx_hal_pcd.o
                0x00000000080023a4                HAL_PCD_Start
 .text.HAL_PCD_IRQHandler
                0x00000000080023d4      0x250 build/stm32f0xx_hal_pcd.o
                0x00000000080023d4                HAL_PCD_IRQHandler
 .text.HAL_PCD_SetAddress
                0x0000000008002624       0x5a build/stm32f0xx_hal_pcd.o
                0x0000000008002624                HAL_PCD_SetAddress
 *fill*         0x000000000800267e        0x2 
 .text.HAL_PCD_EP_Open
                0x0000000008002680      0x6f4 build/stm32f0xx_hal_pcd.o
                0x0000000008002680                HAL_PCD_EP_Open
 .text.HAL_PCD_EP_Close
                0x0000000008002d74      0x3d4 build/stm32f0xx_hal_pcd.o
                0x0000000008002d74                HAL_PCD_EP_Close
 .text.HAL_PCD_EP_Receive
                0x0000000008003148      0x32c build/stm32f0xx_hal_pcd.o
                0x0000000008003148                HAL_PCD_EP_Receive
 .text.HAL_PCD_EP_GetRxCount
                0x0000000008003474       0x34 build/stm32f0xx_hal_pcd.o
                0x0000000008003474                HAL_PCD_EP_GetRxCount
 .text.HAL_PCD_EP_Transmit
                0x00000000080034a8      0x398 build/stm32f0xx_hal_pcd.o
                0x00000000080034a8                HAL_PCD_EP_Transmit
 .text.HAL_PCD_EP_SetStall
                0x0000000008003840      0x164 build/stm32f0xx_hal_pcd.o
                0x0000000008003840                HAL_PCD_EP_SetStall
 .text.HAL_PCD_EP_ClrStall
                0x00000000080039a4      0x1bc build/stm32f0xx_hal_pcd.o
                0x00000000080039a4                HAL_PCD_EP_ClrStall
 .text.PCD_WritePMA
                0x0000000008003b60       0x88 build/stm32f0xx_hal_pcd.o
                0x0000000008003b60                PCD_WritePMA
 .text.PCD_ReadPMA
                0x0000000008003be8       0x62 build/stm32f0xx_hal_pcd.o
                0x0000000008003be8                PCD_ReadPMA
 *fill*         0x0000000008003c4a        0x2 
 .text.PCD_EP_ISR_Handler
                0x0000000008003c4c      0x6f0 build/stm32f0xx_hal_pcd.o
 .text.HAL_PCDEx_PMAConfig
                0x000000000800433c       0x9e build/stm32f0xx_hal_pcd_ex.o
                0x000000000800433c                HAL_PCDEx_PMAConfig
 .text.HAL_DAC_Init
                0x00000000080043da       0x46 build/stm32f0xx_hal_dac.o
                0x00000000080043da                HAL_DAC_Init
 .text.HAL_DAC_ConfigChannel
                0x0000000008004420       0x80 build/stm32f0xx_hal_dac_ex.o
                0x0000000008004420                HAL_DAC_ConfigChannel
 .text.HAL_USART_Init
                0x00000000080044a0       0xa0 build/stm32f0xx_hal_usart.o
                0x00000000080044a0                HAL_USART_Init
 .text.USART_SetConfig
                0x0000000008004540      0x2ac build/stm32f0xx_hal_usart.o
 .text.USART_CheckIdleState
                0x00000000080047ec       0x94 build/stm32f0xx_hal_usart.o
 .text.USART_WaitOnFlagUntilTimeout
                0x0000000008004880      0x134 build/stm32f0xx_hal_usart.o
 .text.HAL_RCC_OscConfig
                0x00000000080049b4      0x6bc build/stm32f0xx_hal_rcc.o
                0x00000000080049b4                HAL_RCC_OscConfig
 .text.HAL_RCC_ClockConfig
                0x0000000008005070      0x210 build/stm32f0xx_hal_rcc.o
                0x0000000008005070                HAL_RCC_ClockConfig
 .text.HAL_RCC_GetSysClockFreq
                0x0000000008005280      0x104 build/stm32f0xx_hal_rcc.o
                0x0000000008005280                HAL_RCC_GetSysClockFreq
 .text.HAL_RCC_GetHCLKFreq
                0x0000000008005384       0x14 build/stm32f0xx_hal_rcc.o
                0x0000000008005384                HAL_RCC_GetHCLKFreq
 .text.HAL_RCC_GetPCLK1Freq
                0x0000000008005398       0x2c build/stm32f0xx_hal_rcc.o
                0x0000000008005398                HAL_RCC_GetPCLK1Freq
 .text.HAL_RCCEx_PeriphCLKConfig
                0x00000000080053c4      0x1fc build/stm32f0xx_hal_rcc_ex.o
                0x00000000080053c4                HAL_RCCEx_PeriphCLKConfig
 .text.HAL_Init
                0x00000000080055c0       0x28 build/stm32f0xx_hal.o
                0x00000000080055c0                HAL_Init
 .text.HAL_InitTick
                0x00000000080055e8       0x38 build/stm32f0xx_hal.o
                0x00000000080055e8                HAL_InitTick
 .text.HAL_IncTick
                0x0000000008005620       0x18 build/stm32f0xx_hal.o
                0x0000000008005620                HAL_IncTick
 .text.HAL_GetTick
                0x0000000008005638       0x14 build/stm32f0xx_hal.o
                0x0000000008005638                HAL_GetTick
 .text.HAL_GPIO_Init
                0x000000000800564c      0x2f8 build/stm32f0xx_hal_gpio.o
                0x000000000800564c                HAL_GPIO_Init
 .text.HAL_GPIO_WritePin
                0x0000000008005944       0x3a build/stm32f0xx_hal_gpio.o
                0x0000000008005944                HAL_GPIO_WritePin
 .text.HAL_GPIO_TogglePin
                0x000000000800597e       0x24 build/stm32f0xx_hal_gpio.o
                0x000000000800597e                HAL_GPIO_TogglePin
 *fill*         0x00000000080059a2        0x2 
 .text.NVIC_EnableIRQ
                0x00000000080059a4       0x2c build/stm32f0xx_hal_cortex.o
 .text.NVIC_SetPriority
                0x00000000080059d0       0xdc build/stm32f0xx_hal_cortex.o
 .text.SysTick_Config
                0x0000000008005aac       0x48 build/stm32f0xx_hal_cortex.o
 .text.HAL_NVIC_SetPriority
                0x0000000008005af4       0x2c build/stm32f0xx_hal_cortex.o
                0x0000000008005af4                HAL_NVIC_SetPriority
 .text.HAL_NVIC_EnableIRQ
                0x0000000008005b20       0x20 build/stm32f0xx_hal_cortex.o
                0x0000000008005b20                HAL_NVIC_EnableIRQ
 .text.HAL_SYSTICK_Config
                0x0000000008005b40       0x1a build/stm32f0xx_hal_cortex.o
                0x0000000008005b40                HAL_SYSTICK_Config
 *fill*         0x0000000008005b5a        0x2 
 .text.HAL_SYSTICK_CLKSourceConfig
                0x0000000008005b5c       0x34 build/stm32f0xx_hal_cortex.o
                0x0000000008005b5c                HAL_SYSTICK_CLKSourceConfig
 .text.HAL_SYSTICK_IRQHandler
                0x0000000008005b90        0xe build/stm32f0xx_hal_cortex.o
                0x0000000008005b90                HAL_SYSTICK_IRQHandler
 .text.HAL_SYSTICK_Callback
                0x0000000008005b9e        0xa build/stm32f0xx_hal_cortex.o
                0x0000000008005b9e                HAL_SYSTICK_Callback
 .text.SystemInit
                0x0000000008005ba8       0x88 build/system_stm32f0xx.o
                0x0000000008005ba8                SystemInit
 .text.USBD_Init
                0x0000000008005c30       0x62 build/usbd_core.o
                0x0000000008005c30                USBD_Init
 .text.USBD_RegisterClass
                0x0000000008005c92       0x42 build/usbd_core.o
                0x0000000008005c92                USBD_RegisterClass
 .text.USBD_Start
                0x0000000008005cd4       0x1a build/usbd_core.o
                0x0000000008005cd4                USBD_Start
 .text.USBD_RunTestMode
                0x0000000008005cee       0x12 build/usbd_core.o
                0x0000000008005cee                USBD_RunTestMode
 .text.USBD_SetClassConfig
                0x0000000008005d00       0x50 build/usbd_core.o
                0x0000000008005d00                USBD_SetClassConfig
 .text.USBD_ClrClassConfig
                0x0000000008005d50       0x2c build/usbd_core.o
                0x0000000008005d50                USBD_ClrClassConfig
 .text.USBD_LL_SetupStage
                0x0000000008005d7c       0xb8 build/usbd_core.o
                0x0000000008005d7c                USBD_LL_SetupStage
 .text.USBD_LL_DataOutStage
                0x0000000008005e34       0xd4 build/usbd_core.o
                0x0000000008005e34                USBD_LL_DataOutStage
 .text.USBD_LL_DataInStage
                0x0000000008005f08      0x148 build/usbd_core.o
                0x0000000008005f08                USBD_LL_DataInStage
 .text.USBD_LL_Reset
                0x0000000008006050       0x66 build/usbd_core.o
                0x0000000008006050                USBD_LL_Reset
 .text.USBD_LL_SetSpeed
                0x00000000080060b6       0x20 build/usbd_core.o
                0x00000000080060b6                USBD_LL_SetSpeed
 .text.USBD_LL_Suspend
                0x00000000080060d6       0x2c build/usbd_core.o
                0x00000000080060d6                USBD_LL_Suspend
 .text.USBD_LL_Resume
                0x0000000008006102       0x22 build/usbd_core.o
                0x0000000008006102                USBD_LL_Resume
 .text.USBD_LL_SOF
                0x0000000008006124       0x3c build/usbd_core.o
                0x0000000008006124                USBD_LL_SOF
 .text.USBD_StdDevReq
                0x0000000008006160       0xa8 build/usbd_ctlreq.o
                0x0000000008006160                USBD_StdDevReq
 .text.USBD_StdItfReq
                0x0000000008006208       0x7e build/usbd_ctlreq.o
                0x0000000008006208                USBD_StdItfReq
 .text.USBD_StdEPReq
                0x0000000008006286      0x22c build/usbd_ctlreq.o
                0x0000000008006286                USBD_StdEPReq
 *fill*         0x00000000080064b2        0x2 
 .text.USBD_GetDescriptor
                0x00000000080064b4      0x214 build/usbd_ctlreq.o
 .text.USBD_SetAddress
                0x00000000080066c8       0xa0 build/usbd_ctlreq.o
 .text.USBD_SetConfig
                0x0000000008006768      0x138 build/usbd_ctlreq.o
 .text.USBD_GetConfig
                0x00000000080068a0       0x70 build/usbd_ctlreq.o
 .text.USBD_GetStatus
                0x0000000008006910       0x5e build/usbd_ctlreq.o
 .text.USBD_SetFeature
                0x000000000800696e       0x3e build/usbd_ctlreq.o
 .text.USBD_ClrFeature
                0x00000000080069ac       0x5e build/usbd_ctlreq.o
 .text.USBD_ParseSetupRequest
                0x0000000008006a0a       0x76 build/usbd_ctlreq.o
                0x0000000008006a0a                USBD_ParseSetupRequest
 .text.USBD_CtlError
                0x0000000008006a80       0x26 build/usbd_ctlreq.o
                0x0000000008006a80                USBD_CtlError
 .text.USBD_GetString
                0x0000000008006aa6       0xac build/usbd_ctlreq.o
                0x0000000008006aa6                USBD_GetString
 .text.USBD_GetLen
                0x0000000008006b52       0x3c build/usbd_ctlreq.o
 .text.USBD_CtlSendData
                0x0000000008006b8e       0x40 build/usbd_ioreq.o
                0x0000000008006b8e                USBD_CtlSendData
 .text.USBD_CtlContinueSendData
                0x0000000008006bce       0x26 build/usbd_ioreq.o
                0x0000000008006bce                USBD_CtlContinueSendData
 .text.USBD_CtlPrepareRx
                0x0000000008006bf4       0x48 build/usbd_ioreq.o
                0x0000000008006bf4                USBD_CtlPrepareRx
 .text.USBD_CtlContinueRx
                0x0000000008006c3c       0x26 build/usbd_ioreq.o
                0x0000000008006c3c                USBD_CtlContinueRx
 .text.USBD_CtlSendStatus
                0x0000000008006c62       0x28 build/usbd_ioreq.o
                0x0000000008006c62                USBD_CtlSendStatus
 .text.USBD_CtlReceiveStatus
                0x0000000008006c8a       0x28 build/usbd_ioreq.o
                0x0000000008006c8a                USBD_CtlReceiveStatus
 .text.USBD_CDC_Init
                0x0000000008006cb2       0xf2 build/usbd_cdc.o
 .text.USBD_CDC_DeInit
                0x0000000008006da4       0x72 build/usbd_cdc.o
 *fill*         0x0000000008006e16        0x2 
 .text.USBD_CDC_Setup
                0x0000000008006e18       0xc8 build/usbd_cdc.o
 .text.USBD_CDC_DataIn
                0x0000000008006ee0       0x3c build/usbd_cdc.o
 .text.USBD_CDC_DataOut
                0x0000000008006f1c       0x6a build/usbd_cdc.o
 *fill*         0x0000000008006f86        0x2 
 .text.USBD_CDC_EP0_RxReady
                0x0000000008006f88       0x64 build/usbd_cdc.o
 .text.USBD_CDC_GetFSCfgDesc
                0x0000000008006fec       0x1c build/usbd_cdc.o
 .text.USBD_CDC_GetHSCfgDesc
                0x0000000008007008       0x1c build/usbd_cdc.o
 .text.USBD_CDC_GetOtherSpeedCfgDesc
                0x0000000008007024       0x1c build/usbd_cdc.o
 .text.USBD_CDC_GetDeviceQualifierDescriptor
                0x0000000008007040       0x1c build/usbd_cdc.o
                0x0000000008007040                USBD_CDC_GetDeviceQualifierDescriptor
 .text.USBD_CDC_RegisterInterface
                0x000000000800705c       0x38 build/usbd_cdc.o
                0x000000000800705c                USBD_CDC_RegisterInterface
 .text.USBD_CDC_SetTxBuffer
                0x0000000008007094       0x38 build/usbd_cdc.o
                0x0000000008007094                USBD_CDC_SetTxBuffer
 .text.USBD_CDC_SetRxBuffer
                0x00000000080070cc       0x28 build/usbd_cdc.o
                0x00000000080070cc                USBD_CDC_SetRxBuffer
 .text.USBD_CDC_ReceivePacket
                0x00000000080070f4       0x5c build/usbd_cdc.o
                0x00000000080070f4                USBD_CDC_ReceivePacket
 .text.Reset_Handler
                0x0000000008007150       0x50 build/startup_stm32f072xb.o
                0x0000000008007150                Reset_Handler
 .text.Default_Handler
                0x00000000080071a0        0x2 build/startup_stm32f072xb.o
                0x00000000080071a0                TIM1_CC_IRQHandler
                0x00000000080071a0                TSC_IRQHandler
                0x00000000080071a0                ADC1_COMP_IRQHandler
                0x00000000080071a0                I2C1_IRQHandler
                0x00000000080071a0                RCC_CRS_IRQHandler
                0x00000000080071a0                SPI1_IRQHandler
                0x00000000080071a0                TIM6_DAC_IRQHandler
                0x00000000080071a0                USART3_4_IRQHandler
                0x00000000080071a0                EXTI2_3_IRQHandler
                0x00000000080071a0                I2C2_IRQHandler
                0x00000000080071a0                TIM17_IRQHandler
                0x00000000080071a0                CEC_CAN_IRQHandler
                0x00000000080071a0                RTC_IRQHandler
                0x00000000080071a0                PVD_VDDIO2_IRQHandler
                0x00000000080071a0                DMA1_Channel4_5_6_7_IRQHandler
                0x00000000080071a0                TIM16_IRQHandler
                0x00000000080071a0                TIM3_IRQHandler
                0x00000000080071a0                EXTI4_15_IRQHandler
                0x00000000080071a0                DMA1_Channel1_IRQHandler
                0x00000000080071a0                Default_Handler
                0x00000000080071a0                TIM14_IRQHandler
                0x00000000080071a0                TIM7_IRQHandler
                0x00000000080071a0                TIM15_IRQHandler
                0x00000000080071a0                EXTI0_1_IRQHandler
                0x00000000080071a0                SPI2_IRQHandler
                0x00000000080071a0                WWDG_IRQHandler
                0x00000000080071a0                TIM2_IRQHandler
                0x00000000080071a0                DMA1_Channel2_3_IRQHandler
                0x00000000080071a0                USART2_IRQHandler
                0x00000000080071a0                FLASH_IRQHandler
                0x00000000080071a0                USART1_IRQHandler
                0x00000000080071a0                TIM1_BRK_UP_TRG_COM_IRQHandler
 *fill*         0x00000000080071a2        0x2 
 .text.__libc_init_array
                0x00000000080071a4       0x48 /usr/lib/gcc/arm-none-eabi/6.2.0/../../../../arm-none-eabi/lib/armv6-m/libc_nano.a(lib_a-init.o)
                0x00000000080071a4                __libc_init_array
 .text.memcpy   0x00000000080071ec       0x12 /usr/lib/gcc/arm-none-eabi/6.2.0/../../../../arm-none-eabi/lib/armv6-m/libc_nano.a(lib_a-memcpy-stub.o)
                0x00000000080071ec                memcpy
 *(.glue_7)
 .glue_7        0x00000000080071fe        0x0 linker stubs
 *(.glue_7t)
 .glue_7t       0x00000000080071fe        0x0 linker stubs
 *(.eh_frame)
 *fill*         0x00000000080071fe        0x2 
 .eh_frame      0x0000000008007200        0x0 /usr/lib/gcc/arm-none-eabi/6.2.0/armv6-m/crtbegin.o
 *(.init)
 .init          0x0000000008007200        0x4 /usr/lib/gcc/arm-none-eabi/6.2.0/armv6-m/crti.o
                0x0000000008007200                _init
 .init          0x0000000008007204        0x8 /usr/lib/gcc/arm-none-eabi/6.2.0/armv6-m/crtn.o
 *(.fini)
 .fini          0x000000000800720c        0x4 /usr/lib/gcc/arm-none-eabi/6.2.0/armv6-m/crti.o
                0x000000000800720c                _fini
 .fini          0x0000000008007210        0x8 /usr/lib/gcc/arm-none-eabi/6.2.0/armv6-m/crtn.o
                0x0000000008007218                . = ALIGN (0x4)
                0x0000000008007218                _etext = .

.vfp11_veneer   0x0000000008007218        0x0
 .vfp11_veneer  0x0000000008007218        0x0 linker stubs

.v4_bx          0x0000000008007218        0x0
 .v4_bx         0x0000000008007218        0x0 linker stubs

.iplt           0x0000000008007218        0x0
 .iplt          0x0000000008007218        0x0 /usr/lib/gcc/arm-none-eabi/6.2.0/armv6-m/crtbegin.o

.rodata         0x0000000008007218     0x5ba0
                0x0000000008007218                . = ALIGN (0x4)
 *(.rodata)
 .rodata        0x0000000008007218       0x56 build/usbd_desc.o
 *fill*         0x000000000800726e        0x2 
 .rodata        0x0000000008007270       0x20 build/stm32f0xx_hal_rcc.o
 *(.rodata*)
 .rodata.fine_tuning
                0x0000000008007290       0x20 build/micromod.o
 .rodata.arp_tuning
                0x00000000080072b0       0x20 build/micromod.o
 .rodata.sine_table
                0x00000000080072d0       0x20 build/micromod.o
 .rodata.channel_row
                0x00000000080072f0       0x70 build/micromod.o
 .rodata.channel_tick
                0x0000000008007360       0x78 build/micromod.o
 .rodata.CDC_Control_FS
                0x00000000080073d8       0x90 build/usbd_cdc_if.o
 .rodata.chiptune
                0x0000000008007468     0x58d8 build/main.o
                0x0000000008007468                chiptune
 .rodata.AHBPrescTable
                0x000000000800cd40       0x10 build/system_stm32f0xx.o
                0x000000000800cd40                AHBPrescTable
 .rodata.APBPrescTable
                0x000000000800cd50        0x8 build/system_stm32f0xx.o
                0x000000000800cd50                APBPrescTable
 .rodata.USBD_StdDevReq
                0x000000000800cd58       0x28 build/usbd_ctlreq.o
 .rodata.USBD_GetDescriptor
                0x000000000800cd80       0x38 build/usbd_ctlreq.o
                0x000000000800cdb8                . = ALIGN (0x4)

.rel.dyn        0x000000000800cdb8        0x0
 .rel.iplt      0x000000000800cdb8        0x0 /usr/lib/gcc/arm-none-eabi/6.2.0/armv6-m/crtbegin.o

.ARM.extab
 *(.ARM.extab* .gnu.linkonce.armextab.*)

.ARM            0x000000000800cdb8        0x0
                0x000000000800cdb8                __exidx_start = .
 *(.ARM.exidx*)
                0x000000000800cdb8                __exidx_end = .

.preinit_array  0x000000000800cdb8        0x0
                0x000000000800cdb8                PROVIDE (__preinit_array_start, .)
 *(.preinit_array*)
                0x000000000800cdb8                PROVIDE (__preinit_array_end, .)

.init_array     0x000000000800cdb8        0x4
                0x000000000800cdb8                PROVIDE (__init_array_start, .)
 *(SORT(.init_array.*))
 *(.init_array*)
 .init_array    0x000000000800cdb8        0x4 /usr/lib/gcc/arm-none-eabi/6.2.0/armv6-m/crtbegin.o
                0x000000000800cdbc                PROVIDE (__init_array_end, .)

.fini_array     0x000000000800cdbc        0x4
                0x000000000800cdbc                PROVIDE (__fini_array_start, .)
 *(SORT(.fini_array.*))
 *(.fini_array*)
 .fini_array    0x000000000800cdbc        0x4 /usr/lib/gcc/arm-none-eabi/6.2.0/armv6-m/crtbegin.o
                0x000000000800cdc0                PROVIDE (__fini_array_end, .)
                0x000000000800cdc0                _sidata = LOADADDR (.data)

.data           0x0000000020000000      0x158 load address 0x000000000800cdc0
                0x0000000020000000                . = ALIGN (0x4)
                0x0000000020000000                _sdata = .
 *(.data)
 *(.data*)
 .data.FS_Desc  0x0000000020000000       0x1c build/usbd_desc.o
                0x0000000020000000                FS_Desc
 .data.USBD_FS_DeviceDesc
                0x000000002000001c       0x12 build/usbd_desc.o
                0x000000002000001c                USBD_FS_DeviceDesc
 *fill*         0x000000002000002e        0x2 
 .data.USBD_LangIDDesc
                0x0000000020000030        0x4 build/usbd_desc.o
                0x0000000020000030                USBD_LangIDDesc
 .data.USBD_Interface_fops_FS
                0x0000000020000034       0x10 build/usbd_cdc_if.o
                0x0000000020000034                USBD_Interface_fops_FS
 .data.SystemCoreClock
                0x0000000020000044        0x4 build/system_stm32f0xx.o
                0x0000000020000044                SystemCoreClock
 .data.USBD_CDC_DeviceQualifierDesc
                0x0000000020000048        0xa build/usbd_cdc.o
 *fill*         0x0000000020000052        0x2 
 .data.USBD_CDC
                0x0000000020000054       0x38 build/usbd_cdc.o
                0x0000000020000054                USBD_CDC
 .data.USBD_CDC_CfgHSDesc
                0x000000002000008c       0x43 build/usbd_cdc.o
                0x000000002000008c                USBD_CDC_CfgHSDesc
 *fill*         0x00000000200000cf        0x1 
 .data.USBD_CDC_CfgFSDesc
                0x00000000200000d0       0x43 build/usbd_cdc.o
                0x00000000200000d0                USBD_CDC_CfgFSDesc
 *fill*         0x0000000020000113        0x1 
 .data.USBD_CDC_OtherSpeedCfgDesc
                0x0000000020000114       0x43 build/usbd_cdc.o
                0x0000000020000114                USBD_CDC_OtherSpeedCfgDesc
                0x0000000020000158                . = ALIGN (0x4)
 *fill*         0x0000000020000157        0x1 
                0x0000000020000158                _edata = .

.jcr            0x0000000020000158        0x0 load address 0x000000000800cf18
 .jcr           0x0000000020000158        0x0 /usr/lib/gcc/arm-none-eabi/6.2.0/armv6-m/crtbegin.o

.igot.plt       0x0000000020000158        0x0 load address 0x000000000800cf18
 .igot.plt      0x0000000020000158        0x0 /usr/lib/gcc/arm-none-eabi/6.2.0/armv6-m/crtbegin.o
                0x0000000020000158                . = ALIGN (0x4)

.bss            0x0000000020000158     0x1644 load address 0x000000000800cf18
                0x0000000020000158                _sbss = .
                0x0000000020000158                __bss_start__ = _sbss
 *(.bss)
 *(.bss*)
 .bss.completed.8507
                0x0000000020000158        0x1 /usr/lib/gcc/arm-none-eabi/6.2.0/armv6-m/crtbegin.o
 *fill*         0x0000000020000159        0x3 
 .bss.object.8512
                0x000000002000015c       0x18 /usr/lib/gcc/arm-none-eabi/6.2.0/armv6-m/crtbegin.o
 .bss.module_data
                0x0000000020000174        0x4 build/micromod.o
 .bss.pattern_data
                0x0000000020000178        0x4 build/micromod.o
 .bss.sequence  0x000000002000017c        0x4 build/micromod.o
 .bss.song_length
                0x0000000020000180        0x4 build/micromod.o
 .bss.restart   0x0000000020000184        0x4 build/micromod.o
 .bss.num_patterns
                0x0000000020000188        0x4 build/micromod.o
 .bss.num_channels
                0x000000002000018c        0x4 build/micromod.o
 .bss.instruments
                0x0000000020000190      0x200 build/micromod.o
 .bss.sample_rate
                0x0000000020000390        0x4 build/micromod.o
 .bss.c2_rate   0x0000000020000394        0x4 build/micromod.o
 .bss.gain      0x0000000020000398        0x4 build/micromod.o
 .bss.tick_len  0x000000002000039c        0x4 build/micromod.o
 .bss.tick_offset
                0x00000000200003a0        0x4 build/micromod.o
 .bss.pattern   0x00000000200003a4        0x4 build/micromod.o
 .bss.break_pattern
                0x00000000200003a8        0x4 build/micromod.o
 .bss.row       0x00000000200003ac        0x4 build/micromod.o
 .bss.next_row  0x00000000200003b0        0x4 build/micromod.o
 .bss.tick      0x00000000200003b4        0x4 build/micromod.o
 .bss.speed     0x00000000200003b8        0x4 build/micromod.o
 .bss.pl_count  0x00000000200003bc        0x4 build/micromod.o
 .bss.pl_channel
                0x00000000200003c0        0x4 build/micromod.o
 .bss.random_seed
                0x00000000200003c4        0x4 build/micromod.o
 .bss.channels  0x00000000200003c8      0x300 build/micromod.o
 .bss.mem.7069  0x00000000200006c8      0x220 build/usbd_conf.o
 .bss.cfgidx.7000
                0x00000000200008e8        0x1 build/usbd_ctlreq.o
 .bss.ifalt.6995
                0x00000000200008e9        0x1 build/usbd_cdc.o
 *(COMMON)
 *fill*         0x00000000200008ea        0x2 
 COMMON         0x00000000200008ec      0x224 build/usb_device.o
                0x00000000200008ec                hUsbDeviceFS
 COMMON         0x0000000020000b10      0x220 build/usbd_conf.o
                0x0000000020000b10                hpcd_USB_FS
 COMMON         0x0000000020000d30      0x200 build/usbd_desc.o
                0x0000000020000d30                USBD_StrDesc
 COMMON         0x0000000020000f30        0x8 build/usbd_cdc_if.o
                0x0000000020000f30                UserRxBufferFS
                0x0000000020000f34                UserTxBufferFS
 COMMON         0x0000000020000f38      0x860 build/main.o
                0x0000000020000f38                song_length
                0x0000000020000f3c                hdac
                0x0000000020000f50                buffer
                0x0000000020001750                husart1
 COMMON         0x0000000020001798        0x4 build/stm32f0xx_hal.o
                0x0000000020001798                uwTick
                0x000000002000179c                . = ALIGN (0x4)
                0x000000002000179c                _ebss = .
                0x000000002000179c                __bss_end__ = _ebss

._user_heap_stack
                0x000000002000179c      0x604 load address 0x000000000800cf18
                0x00000000200017a0                . = ALIGN (0x8)
 *fill*         0x000000002000179c        0x4 
                [!provide]                        PROVIDE (end, .)
                [!provide]                        PROVIDE (_end, .)
                0x00000000200019a0                . = (. + _Min_Heap_Size)
 *fill*         0x00000000200017a0      0x200 
                0x0000000020001da0                . = (. + _Min_Stack_Size)
 *fill*         0x00000000200019a0      0x400 
                0x0000000020001da0                . = ALIGN (0x8)

/DISCARD/
 libc.a(*)
 libm.a(*)
 libgcc.a(*)

.ARM.attributes
                0x0000000000000000       0x28
 *(.ARM.attributes)
 .ARM.attributes
                0x0000000000000000       0x1e /usr/lib/gcc/arm-none-eabi/6.2.0/armv6-m/crti.o
 .ARM.attributes
                0x000000000000001e       0x2c /usr/lib/gcc/arm-none-eabi/6.2.0/armv6-m/crtbegin.o
 .ARM.attributes
                0x000000000000004a       0x31 build/micromod.o
 .ARM.attributes
                0x000000000000007b       0x31 build/usb_device.o
 .ARM.attributes
                0x00000000000000ac       0x31 build/usbd_conf.o
 .ARM.attributes
                0x00000000000000dd       0x31 build/usbd_desc.o
 .ARM.attributes
                0x000000000000010e       0x31 build/usbd_cdc_if.o
 .ARM.attributes
                0x000000000000013f       0x31 build/stm32f0xx_it.o
 .ARM.attributes
                0x0000000000000170       0x31 build/stm32f0xx_hal_msp.o
 .ARM.attributes
                0x00000000000001a1       0x31 build/main.o
 .ARM.attributes
                0x00000000000001d2       0x31 build/stm32f0xx_hal_pcd.o
 .ARM.attributes
                0x0000000000000203       0x31 build/stm32f0xx_hal_pcd_ex.o
 .ARM.attributes
                0x0000000000000234       0x31 build/stm32f0xx_hal_dac.o
 .ARM.attributes
                0x0000000000000265       0x31 build/stm32f0xx_hal_dac_ex.o
 .ARM.attributes
                0x0000000000000296       0x31 build/stm32f0xx_hal_usart.o
 .ARM.attributes
                0x00000000000002c7       0x31 build/stm32f0xx_hal_rcc.o
 .ARM.attributes
                0x00000000000002f8       0x31 build/stm32f0xx_hal_rcc_ex.o
 .ARM.attributes
                0x0000000000000329       0x31 build/stm32f0xx_hal.o
 .ARM.attributes
                0x000000000000035a       0x31 build/stm32f0xx_hal_gpio.o
 .ARM.attributes
                0x000000000000038b       0x31 build/stm32f0xx_hal_cortex.o
 .ARM.attributes
                0x00000000000003bc       0x31 build/system_stm32f0xx.o
 .ARM.attributes
                0x00000000000003ed       0x31 build/usbd_core.o
 .ARM.attributes
                0x000000000000041e       0x31 build/usbd_ctlreq.o
 .ARM.attributes
                0x000000000000044f       0x31 build/usbd_ioreq.o
 .ARM.attributes
                0x0000000000000480       0x31 build/usbd_cdc.o
 .ARM.attributes
                0x00000000000004b1       0x21 build/startup_stm32f072xb.o
 .ARM.attributes
                0x00000000000004d2       0x2c /usr/lib/gcc/arm-none-eabi/6.2.0/../../../../arm-none-eabi/lib/armv6-m/libc_nano.a(lib_a-init.o)
 .ARM.attributes
                0x00000000000004fe       0x2c /usr/lib/gcc/arm-none-eabi/6.2.0/../../../../arm-none-eabi/lib/armv6-m/libc_nano.a(lib_a-memcpy-stub.o)
 .ARM.attributes
                0x000000000000052a       0x1e /usr/lib/gcc/arm-none-eabi/6.2.0/armv6-m/libgcc.a(_udivsi3.o)
 .ARM.attributes
                0x0000000000000548       0x1e /usr/lib/gcc/arm-none-eabi/6.2.0/armv6-m/libgcc.a(_divsi3.o)
 .ARM.attributes
                0x0000000000000566       0x1e /usr/lib/gcc/arm-none-eabi/6.2.0/armv6-m/libgcc.a(_dvmd_tls.o)
 .ARM.attributes
                0x0000000000000584       0x1e /usr/lib/gcc/arm-none-eabi/6.2.0/armv6-m/crtn.o
OUTPUT(build/thumbinator-chipdisk.elf elf32-littlearm)

.debug_info     0x0000000000000000    0x1a27a
 .debug_info    0x0000000000000000      0xc5a build/micromod.o
 .debug_info    0x0000000000000c5a      0xf27 build/usb_device.o
 .debug_info    0x0000000000001b81     0x1c94 build/usbd_conf.o
 .debug_info    0x0000000000003815      0xce0 build/usbd_desc.o
 .debug_info    0x00000000000044f5     0x1120 build/usbd_cdc_if.o
 .debug_info    0x0000000000005615      0xeef build/stm32f0xx_it.o
 .debug_info    0x0000000000006504     0x142d build/stm32f0xx_hal_msp.o
 .debug_info    0x0000000000007931     0x1b5c build/main.o
 .debug_info    0x000000000000948d     0x1b41 build/stm32f0xx_hal_pcd.o
 .debug_info    0x000000000000afce      0xefe build/stm32f0xx_hal_pcd_ex.o
 .debug_info    0x000000000000becc     0x11ed build/stm32f0xx_hal_dac.o
 .debug_info    0x000000000000d0b9     0x12b8 build/stm32f0xx_hal_dac_ex.o
 .debug_info    0x000000000000e371     0x1989 build/stm32f0xx_hal_usart.o
 .debug_info    0x000000000000fcfa     0x1138 build/stm32f0xx_hal_rcc.o
 .debug_info    0x0000000000010e32      0xf96 build/stm32f0xx_hal_rcc_ex.o
 .debug_info    0x0000000000011dc8      0xf12 build/stm32f0xx_hal.o
 .debug_info    0x0000000000012cda      0xfa3 build/stm32f0xx_hal_gpio.o
 .debug_info    0x0000000000013c7d     0x10aa build/stm32f0xx_hal_cortex.o
 .debug_info    0x0000000000014d27      0xb64 build/system_stm32f0xx.o
 .debug_info    0x000000000001588b     0x12e2 build/usbd_core.o
 .debug_info    0x0000000000016b6d     0x121d build/usbd_ctlreq.o
 .debug_info    0x0000000000017d8a     0x1002 build/usbd_ioreq.o
 .debug_info    0x0000000000018d8c     0x1442 build/usbd_cdc.o
 .debug_info    0x000000000001a1ce       0xac build/startup_stm32f072xb.o

.debug_abbrev   0x0000000000000000     0x35df
 .debug_abbrev  0x0000000000000000      0x1ed build/micromod.o
 .debug_abbrev  0x00000000000001ed      0x1b0 build/usb_device.o
 .debug_abbrev  0x000000000000039d      0x2d6 build/usbd_conf.o
 .debug_abbrev  0x0000000000000673      0x235 build/usbd_desc.o
 .debug_abbrev  0x00000000000008a8      0x279 build/usbd_cdc_if.o
 .debug_abbrev  0x0000000000000b21      0x1d5 build/stm32f0xx_it.o
 .debug_abbrev  0x0000000000000cf6      0x1fa build/stm32f0xx_hal_msp.o
 .debug_abbrev  0x0000000000000ef0      0x28e build/main.o
 .debug_abbrev  0x000000000000117e      0x2f8 build/stm32f0xx_hal_pcd.o
 .debug_abbrev  0x0000000000001476      0x1df build/stm32f0xx_hal_pcd_ex.o
 .debug_abbrev  0x0000000000001655      0x231 build/stm32f0xx_hal_dac.o
 .debug_abbrev  0x0000000000001886      0x283 build/stm32f0xx_hal_dac_ex.o
 .debug_abbrev  0x0000000000001b09      0x2a0 build/stm32f0xx_hal_usart.o
 .debug_abbrev  0x0000000000001da9      0x294 build/stm32f0xx_hal_rcc.o
 .debug_abbrev  0x000000000000203d      0x268 build/stm32f0xx_hal_rcc_ex.o
 .debug_abbrev  0x00000000000022a5      0x279 build/stm32f0xx_hal.o
 .debug_abbrev  0x000000000000251e      0x25f build/stm32f0xx_hal_gpio.o
 .debug_abbrev  0x000000000000277d      0x304 build/stm32f0xx_hal_cortex.o
 .debug_abbrev  0x0000000000002a81      0x1dd build/system_stm32f0xx.o
 .debug_abbrev  0x0000000000002c5e      0x266 build/usbd_core.o
 .debug_abbrev  0x0000000000002ec4      0x296 build/usbd_ctlreq.o
 .debug_abbrev  0x000000000000315a      0x1d6 build/usbd_ioreq.o
 .debug_abbrev  0x0000000000003330      0x29d build/usbd_cdc.o
 .debug_abbrev  0x00000000000035cd       0x12 build/startup_stm32f072xb.o

.debug_loc      0x0000000000000000     0x44aa
 .debug_loc     0x0000000000000000      0x4d2 build/micromod.o
 .debug_loc     0x00000000000004d2       0x2c build/usb_device.o
 .debug_loc     0x00000000000004fe      0x6f4 build/usbd_conf.o
 .debug_loc     0x0000000000000bf2      0x188 build/usbd_desc.o
 .debug_loc     0x0000000000000d7a      0x100 build/usbd_cdc_if.o
 .debug_loc     0x0000000000000e7a      0x108 build/stm32f0xx_it.o
 .debug_loc     0x0000000000000f82      0x118 build/stm32f0xx_hal_msp.o
 .debug_loc     0x000000000000109a      0x13a build/main.o
 .debug_loc     0x00000000000011d4      0x7a8 build/stm32f0xx_hal_pcd.o
 .debug_loc     0x000000000000197c       0x38 build/stm32f0xx_hal_pcd_ex.o
 .debug_loc     0x00000000000019b4      0x3f0 build/stm32f0xx_hal_dac.o
 .debug_loc     0x0000000000001da4      0x428 build/stm32f0xx_hal_dac_ex.o
 .debug_loc     0x00000000000021cc      0x818 build/stm32f0xx_hal_usart.o
 .debug_loc     0x00000000000029e4      0x286 build/stm32f0xx_hal_rcc.o
 .debug_loc     0x0000000000002c6a      0x270 build/stm32f0xx_hal_rcc_ex.o
 .debug_loc     0x0000000000002eda      0x304 build/stm32f0xx_hal.o
 .debug_loc     0x00000000000031de      0x1c0 build/stm32f0xx_hal_gpio.o
 .debug_loc     0x000000000000339e      0x468 build/stm32f0xx_hal_cortex.o
 .debug_loc     0x0000000000003806       0x64 build/system_stm32f0xx.o
 .debug_loc     0x000000000000386a      0x460 build/usbd_core.o
 .debug_loc     0x0000000000003cca      0x310 build/usbd_ctlreq.o
 .debug_loc     0x0000000000003fda      0x188 build/usbd_ioreq.o
 .debug_loc     0x0000000000004162      0x348 build/usbd_cdc.o

.debug_aranges  0x0000000000000000      0xc68
 .debug_aranges
                0x0000000000000000       0xc8 build/micromod.o
 .debug_aranges
                0x00000000000000c8       0x20 build/usb_device.o
 .debug_aranges
                0x00000000000000e8      0x118 build/usbd_conf.o
 .debug_aranges
                0x0000000000000200       0x50 build/usbd_desc.o
 .debug_aranges
                0x0000000000000250       0x40 build/usbd_cdc_if.o
 .debug_aranges
                0x0000000000000290       0x48 build/stm32f0xx_it.o
 .debug_aranges
                0x00000000000002d8       0x40 build/stm32f0xx_hal_msp.o
 .debug_aranges
                0x0000000000000318       0x48 build/main.o
 .debug_aranges
                0x0000000000000360      0x130 build/stm32f0xx_hal_pcd.o
 .debug_aranges
                0x0000000000000490       0x20 build/stm32f0xx_hal_pcd_ex.o
 .debug_aranges
                0x00000000000004b0       0xa8 build/stm32f0xx_hal_dac.o
 .debug_aranges
                0x0000000000000558       0xb0 build/stm32f0xx_hal_dac_ex.o
 .debug_aranges
                0x0000000000000608      0x140 build/stm32f0xx_hal_usart.o
 .debug_aranges
                0x0000000000000748       0x80 build/stm32f0xx_hal_rcc.o
 .debug_aranges
                0x00000000000007c8       0x78 build/stm32f0xx_hal_rcc_ex.o
 .debug_aranges
                0x0000000000000840       0xa0 build/stm32f0xx_hal.o
 .debug_aranges
                0x00000000000008e0       0x58 build/stm32f0xx_hal_gpio.o
 .debug_aranges
                0x0000000000000938       0xc0 build/stm32f0xx_hal_cortex.o
 .debug_aranges
                0x00000000000009f8       0x28 build/system_stm32f0xx.o
 .debug_aranges
                0x0000000000000a20       0xb8 build/usbd_core.o
 .debug_aranges
                0x0000000000000ad8       0x88 build/usbd_ctlreq.o
 .debug_aranges
                0x0000000000000b60       0x50 build/usbd_ioreq.o
 .debug_aranges
                0x0000000000000bb0       0x90 build/usbd_cdc.o
 .debug_aranges
                0x0000000000000c40       0x28 build/startup_stm32f072xb.o

.debug_ranges   0x0000000000000000      0xaf0
 .debug_ranges  0x0000000000000000       0xb8 build/micromod.o
 .debug_ranges  0x00000000000000b8       0x10 build/usb_device.o
 .debug_ranges  0x00000000000000c8      0x108 build/usbd_conf.o
 .debug_ranges  0x00000000000001d0       0x40 build/usbd_desc.o
 .debug_ranges  0x0000000000000210       0x30 build/usbd_cdc_if.o
 .debug_ranges  0x0000000000000240       0x38 build/stm32f0xx_it.o
 .debug_ranges  0x0000000000000278       0x30 build/stm32f0xx_hal_msp.o
 .debug_ranges  0x00000000000002a8       0x38 build/main.o
 .debug_ranges  0x00000000000002e0      0x120 build/stm32f0xx_hal_pcd.o
 .debug_ranges  0x0000000000000400       0x10 build/stm32f0xx_hal_pcd_ex.o
 .debug_ranges  0x0000000000000410       0x98 build/stm32f0xx_hal_dac.o
 .debug_ranges  0x00000000000004a8       0xa0 build/stm32f0xx_hal_dac_ex.o
 .debug_ranges  0x0000000000000548      0x130 build/stm32f0xx_hal_usart.o
 .debug_ranges  0x0000000000000678       0x70 build/stm32f0xx_hal_rcc.o
 .debug_ranges  0x00000000000006e8       0x68 build/stm32f0xx_hal_rcc_ex.o
 .debug_ranges  0x0000000000000750       0x90 build/stm32f0xx_hal.o
 .debug_ranges  0x00000000000007e0       0x48 build/stm32f0xx_hal_gpio.o
 .debug_ranges  0x0000000000000828       0xb0 build/stm32f0xx_hal_cortex.o
 .debug_ranges  0x00000000000008d8       0x18 build/system_stm32f0xx.o
 .debug_ranges  0x00000000000008f0       0xa8 build/usbd_core.o
 .debug_ranges  0x0000000000000998       0x78 build/usbd_ctlreq.o
 .debug_ranges  0x0000000000000a10       0x40 build/usbd_ioreq.o
 .debug_ranges  0x0000000000000a50       0x80 build/usbd_cdc.o
 .debug_ranges  0x0000000000000ad0       0x20 build/startup_stm32f072xb.o

.debug_line     0x0000000000000000     0x5612
 .debug_line    0x0000000000000000      0x5df build/micromod.o
 .debug_line    0x00000000000005df      0x1f5 build/usb_device.o
 .debug_line    0x00000000000007d4      0x4b1 build/usbd_conf.o
 .debug_line    0x0000000000000c85      0x208 build/usbd_desc.o
 .debug_line    0x0000000000000e8d      0x22b build/usbd_cdc_if.o
 .debug_line    0x00000000000010b8      0x1f8 build/stm32f0xx_it.o
 .debug_line    0x00000000000012b0      0x24c build/stm32f0xx_hal_msp.o
 .debug_line    0x00000000000014fc      0x339 build/main.o
 .debug_line    0x0000000000001835      0x89d build/stm32f0xx_hal_pcd.o
 .debug_line    0x00000000000020d2      0x1cc build/stm32f0xx_hal_pcd_ex.o
 .debug_line    0x000000000000229e      0x32e build/stm32f0xx_hal_dac.o
 .debug_line    0x00000000000025cc      0x427 build/stm32f0xx_hal_dac_ex.o
 .debug_line    0x00000000000029f3      0xaab build/stm32f0xx_hal_usart.o
 .debug_line    0x000000000000349e      0x461 build/stm32f0xx_hal_rcc.o
 .debug_line    0x00000000000038ff      0x409 build/stm32f0xx_hal_rcc_ex.o
 .debug_line    0x0000000000003d08      0x2fc build/stm32f0xx_hal.o
 .debug_line    0x0000000000004004      0x352 build/stm32f0xx_hal_gpio.o
 .debug_line    0x0000000000004356      0x35d build/stm32f0xx_hal_cortex.o
 .debug_line    0x00000000000046b3      0x1bc build/system_stm32f0xx.o
 .debug_line    0x000000000000486f      0x387 build/usbd_core.o
 .debug_line    0x0000000000004bf6      0x3de build/usbd_ctlreq.o
 .debug_line    0x0000000000004fd4      0x222 build/usbd_ioreq.o
 .debug_line    0x00000000000051f6      0x36d build/usbd_cdc.o
 .debug_line    0x0000000000005563       0xaf build/startup_stm32f072xb.o

.debug_str      0x0000000000000000     0x380e
 .debug_str     0x0000000000000000      0x53b build/micromod.o
                                        0x604 (size before relaxing)
 .debug_str     0x000000000000053b      0x799 build/usb_device.o
                                        0x987 (size before relaxing)
 .debug_str     0x0000000000000cd4      0x85c build/usbd_conf.o
                                       0x1173 (size before relaxing)
 .debug_str     0x0000000000001530      0x10b build/usbd_desc.o
                                        0x796 (size before relaxing)
 .debug_str     0x000000000000163b       0xca build/usbd_cdc_if.o
                                        0xa6b (size before relaxing)
 .debug_str     0x0000000000001705       0x6b build/stm32f0xx_it.o
                                        0x8b5 (size before relaxing)
 .debug_str     0x0000000000001770      0x4f2 build/stm32f0xx_hal_msp.o
                                        0xd27 (size before relaxing)
 .debug_str     0x0000000000001c62      0x293 build/main.o
                                       0x131b (size before relaxing)
 .debug_str     0x0000000000001ef5      0x28e build/stm32f0xx_hal_pcd.o
                                        0xc65 (size before relaxing)
 .debug_str     0x0000000000002183       0x54 build/stm32f0xx_hal_pcd_ex.o
                                        0x8d7 (size before relaxing)
 .debug_str     0x00000000000021d7      0x170 build/stm32f0xx_hal_dac.o
                                        0xa6e (size before relaxing)
 .debug_str     0x0000000000002347      0x1bc build/stm32f0xx_hal_dac_ex.o
                                        0xaf2 (size before relaxing)
 .debug_str     0x0000000000002503      0x3d5 build/stm32f0xx_hal_usart.o
                                        0xdf2 (size before relaxing)
 .debug_str     0x00000000000028d8      0x1f0 build/stm32f0xx_hal_rcc.o
                                        0x99b (size before relaxing)
 .debug_str     0x0000000000002ac8      0x2a8 build/stm32f0xx_hal_rcc_ex.o
                                        0x9ac (size before relaxing)
 .debug_str     0x0000000000002d70      0x19e build/stm32f0xx_hal.o
                                        0x9ab (size before relaxing)
 .debug_str     0x0000000000002f0e      0x135 build/stm32f0xx_hal_gpio.o
                                        0x7de (size before relaxing)
 .debug_str     0x0000000000003043      0x1cb build/stm32f0xx_hal_cortex.o
                                        0xa1b (size before relaxing)
 .debug_str     0x000000000000320e       0x67 build/system_stm32f0xx.o
                                        0x633 (size before relaxing)
 .debug_str     0x0000000000003275      0x1b9 build/usbd_core.o
                                        0xae5 (size before relaxing)
 .debug_str     0x000000000000342e      0x123 build/usbd_ctlreq.o
                                        0xa6b (size before relaxing)
 .debug_str     0x0000000000003551       0xc6 build/usbd_ioreq.o
                                        0x9f3 (size before relaxing)
 .debug_str     0x0000000000003617      0x1f7 build/usbd_cdc.o
                                        0xbd4 (size before relaxing)

.comment        0x0000000000000000       0x1d
 .comment       0x0000000000000000       0x1d build/micromod.o
                                         0x1e (size before relaxing)
 .comment       0x000000000000001d       0x1e build/usb_device.o
 .comment       0x000000000000001d       0x1e build/usbd_conf.o
 .comment       0x000000000000001d       0x1e build/usbd_desc.o
 .comment       0x000000000000001d       0x1e build/usbd_cdc_if.o
 .comment       0x000000000000001d       0x1e build/stm32f0xx_it.o
 .comment       0x000000000000001d       0x1e build/stm32f0xx_hal_msp.o
 .comment       0x000000000000001d       0x1e build/main.o
 .comment       0x000000000000001d       0x1e build/stm32f0xx_hal_pcd.o
 .comment       0x000000000000001d       0x1e build/stm32f0xx_hal_pcd_ex.o
 .comment       0x000000000000001d       0x1e build/stm32f0xx_hal_dac.o
 .comment       0x000000000000001d       0x1e build/stm32f0xx_hal_dac_ex.o
 .comment       0x000000000000001d       0x1e build/stm32f0xx_hal_usart.o
 .comment       0x000000000000001d       0x1e build/stm32f0xx_hal_rcc.o
 .comment       0x000000000000001d       0x1e build/stm32f0xx_hal_rcc_ex.o
 .comment       0x000000000000001d       0x1e build/stm32f0xx_hal.o
 .comment       0x000000000000001d       0x1e build/stm32f0xx_hal_gpio.o
 .comment       0x000000000000001d       0x1e build/stm32f0xx_hal_cortex.o
 .comment       0x000000000000001d       0x1e build/system_stm32f0xx.o
 .comment       0x000000000000001d       0x1e build/usbd_core.o
 .comment       0x000000000000001d       0x1e build/usbd_ctlreq.o
 .comment       0x000000000000001d       0x1e build/usbd_ioreq.o
 .comment       0x000000000000001d       0x1e build/usbd_cdc.o

.debug_frame    0x0000000000000000     0x2a00
 .debug_frame   0x0000000000000000      0x2d4 build/micromod.o
 .debug_frame   0x00000000000002d4       0x2c build/usb_device.o
 .debug_frame   0x0000000000000300      0x41c build/usbd_conf.o
 .debug_frame   0x000000000000071c       0xf0 build/usbd_desc.o
 .debug_frame   0x000000000000080c       0xac build/usbd_cdc_if.o
 .debug_frame   0x00000000000008b8       0xb8 build/stm32f0xx_it.o
 .debug_frame   0x0000000000000970       0xb0 build/stm32f0xx_hal_msp.o
 .debug_frame   0x0000000000000a20       0xc8 build/main.o
 .debug_frame   0x0000000000000ae8      0x490 build/stm32f0xx_hal_pcd.o
 .debug_frame   0x0000000000000f78       0x30 build/stm32f0xx_hal_pcd_ex.o
 .debug_frame   0x0000000000000fa8      0x254 build/stm32f0xx_hal_dac.o
 .debug_frame   0x00000000000011fc      0x270 build/stm32f0xx_hal_dac_ex.o
 .debug_frame   0x000000000000146c      0x4b0 build/stm32f0xx_hal_usart.o
 .debug_frame   0x000000000000191c      0x194 build/stm32f0xx_hal_rcc.o
 .debug_frame   0x0000000000001ab0      0x180 build/stm32f0xx_hal_rcc_ex.o
 .debug_frame   0x0000000000001c30      0x1f4 build/stm32f0xx_hal.o
 .debug_frame   0x0000000000001e24      0x110 build/stm32f0xx_hal_gpio.o
 .debug_frame   0x0000000000001f34      0x2a8 build/stm32f0xx_hal_cortex.o
 .debug_frame   0x00000000000021dc       0x4c build/system_stm32f0xx.o
 .debug_frame   0x0000000000002228      0x290 build/usbd_core.o
 .debug_frame   0x00000000000024b8      0x1d0 build/usbd_ctlreq.o
 .debug_frame   0x0000000000002688       0xf0 build/usbd_ioreq.o
 .debug_frame   0x0000000000002778      0x1f4 build/usbd_cdc.o
 .debug_frame   0x000000000000296c       0x2c /usr/lib/gcc/arm-none-eabi/6.2.0/../../../../arm-none-eabi/lib/armv6-m/libc_nano.a(lib_a-init.o)
 .debug_frame   0x0000000000002998       0x28 /usr/lib/gcc/arm-none-eabi/6.2.0/../../../../arm-none-eabi/lib/armv6-m/libc_nano.a(lib_a-memcpy-stub.o)
 .debug_frame   0x00000000000029c0       0x20 /usr/lib/gcc/arm-none-eabi/6.2.0/armv6-m/libgcc.a(_udivsi3.o)
 .debug_frame   0x00000000000029e0       0x20 /usr/lib/gcc/arm-none-eabi/6.2.0/armv6-m/libgcc.a(_divsi3.o)

Cross Reference Table

Symbol                                            File
ADC1_COMP_IRQHandler                              build/startup_stm32f072xb.o
AHBPrescTable                                     build/system_stm32f0xx.o
                                                  build/stm32f0xx_hal_rcc.o
APBPrescTable                                     build/system_stm32f0xx.o
                                                  build/stm32f0xx_hal_rcc.o
CDC_Transmit_FS                                   build/usbd_cdc_if.o
CEC_CAN_IRQHandler                                build/startup_stm32f072xb.o
DAC_DMAConvCpltCh2                                build/stm32f0xx_hal_dac_ex.o
DAC_DMAErrorCh2                                   build/stm32f0xx_hal_dac_ex.o
DAC_DMAHalfConvCpltCh2                            build/stm32f0xx_hal_dac_ex.o
DMA1_Channel1_IRQHandler                          build/startup_stm32f072xb.o
DMA1_Channel2_3_IRQHandler                        build/startup_stm32f072xb.o
DMA1_Channel4_5_6_7_IRQHandler                    build/startup_stm32f072xb.o
Default_Handler                                   build/startup_stm32f072xb.o
EXTI0_1_IRQHandler                                build/startup_stm32f072xb.o
EXTI2_3_IRQHandler                                build/startup_stm32f072xb.o
EXTI4_15_IRQHandler                               build/startup_stm32f072xb.o
Error_Handler                                     build/main.o
                                                  build/usbd_conf.o
FLASH_IRQHandler                                  build/startup_stm32f072xb.o
FLASH_PageErase                                   build/stm32f0xx_hal_flash_ex.o
                                                  build/stm32f0xx_hal_flash.o
FLASH_WaitForLastOperation                        build/stm32f0xx_hal_flash.o
                                                  build/stm32f0xx_hal_flash_ex.o
FS_Desc                                           build/usbd_desc.o
                                                  build/usb_device.o
HAL_DACEx_ConvCpltCallbackCh2                     build/stm32f0xx_hal_dac_ex.o
HAL_DACEx_ConvHalfCpltCallbackCh2                 build/stm32f0xx_hal_dac_ex.o
HAL_DACEx_DMAUnderrunCallbackCh2                  build/stm32f0xx_hal_dac_ex.o
HAL_DACEx_DualGetValue                            build/stm32f0xx_hal_dac_ex.o
HAL_DACEx_DualSetValue                            build/stm32f0xx_hal_dac_ex.o
HAL_DACEx_ErrorCallbackCh2                        build/stm32f0xx_hal_dac_ex.o
HAL_DACEx_NoiseWaveGenerate                       build/stm32f0xx_hal_dac_ex.o
HAL_DACEx_TriangleWaveGenerate                    build/stm32f0xx_hal_dac_ex.o
HAL_DAC_ConfigChannel                             build/stm32f0xx_hal_dac_ex.o
                                                  build/stm32f0xx_hal_dac.o
                                                  build/main.o
HAL_DAC_ConvCpltCallbackCh1                       build/stm32f0xx_hal_dac.o
                                                  build/stm32f0xx_hal_dac_ex.o
HAL_DAC_ConvHalfCpltCallbackCh1                   build/stm32f0xx_hal_dac.o
                                                  build/stm32f0xx_hal_dac_ex.o
HAL_DAC_DMAUnderrunCallbackCh1                    build/stm32f0xx_hal_dac.o
                                                  build/stm32f0xx_hal_dac_ex.o
HAL_DAC_DeInit                                    build/stm32f0xx_hal_dac.o
HAL_DAC_ErrorCallbackCh1                          build/stm32f0xx_hal_dac.o
                                                  build/stm32f0xx_hal_dac_ex.o
HAL_DAC_GetError                                  build/stm32f0xx_hal_dac.o
HAL_DAC_GetState                                  build/stm32f0xx_hal_dac.o
HAL_DAC_GetValue                                  build/stm32f0xx_hal_dac_ex.o
                                                  build/stm32f0xx_hal_dac.o
HAL_DAC_IRQHandler                                build/stm32f0xx_hal_dac_ex.o
                                                  build/stm32f0xx_hal_dac.o
HAL_DAC_Init                                      build/stm32f0xx_hal_dac.o
                                                  build/main.o
HAL_DAC_MspDeInit                                 build/stm32f0xx_hal_msp.o
HAL_DAC_MspInit                                   build/stm32f0xx_hal_msp.o
HAL_DAC_SetValue                                  build/stm32f0xx_hal_dac.o
HAL_DAC_Start                                     build/stm32f0xx_hal_dac_ex.o
                                                  build/stm32f0xx_hal_dac.o
HAL_DAC_Start_DMA                                 build/stm32f0xx_hal_dac_ex.o
                                                  build/stm32f0xx_hal_dac.o
HAL_DAC_Stop                                      build/stm32f0xx_hal_dac.o
HAL_DAC_Stop_DMA                                  build/stm32f0xx_hal_dac.o
HAL_DBGMCU_DisableDBGStandbyMode                  build/stm32f0xx_hal.o
HAL_DBGMCU_DisableDBGStopMode                     build/stm32f0xx_hal.o
HAL_DBGMCU_EnableDBGStandbyMode                   build/stm32f0xx_hal.o
HAL_DBGMCU_EnableDBGStopMode                      build/stm32f0xx_hal.o
HAL_DMA_Abort                                     build/stm32f0xx_hal_dma.o
                                                  build/stm32f0xx_hal_usart.o
                                                  build/stm32f0xx_hal_dac.o
HAL_DMA_Abort_IT                                  build/stm32f0xx_hal_dma.o
                                                  build/stm32f0xx_hal_i2c.o
HAL_DMA_DeInit                                    build/stm32f0xx_hal_dma.o
HAL_DMA_GetError                                  build/stm32f0xx_hal_dma.o
HAL_DMA_GetState                                  build/stm32f0xx_hal_dma.o
HAL_DMA_IRQHandler                                build/stm32f0xx_hal_dma.o
HAL_DMA_Init                                      build/stm32f0xx_hal_dma.o
HAL_DMA_PollForTransfer                           build/stm32f0xx_hal_dma.o
HAL_DMA_Start                                     build/stm32f0xx_hal_dma.o
HAL_DMA_Start_IT                                  build/stm32f0xx_hal_dma.o
                                                  build/stm32f0xx_hal_i2c.o
                                                  build/stm32f0xx_hal_usart.o
                                                  build/stm32f0xx_hal_dac_ex.o
HAL_DeInit                                        build/stm32f0xx_hal.o
HAL_Delay                                         build/stm32f0xx_hal.o
                                                  build/usbd_conf.o
HAL_FLASHEx_Erase                                 build/stm32f0xx_hal_flash_ex.o
HAL_FLASHEx_Erase_IT                              build/stm32f0xx_hal_flash_ex.o
HAL_FLASHEx_OBErase                               build/stm32f0xx_hal_flash_ex.o
HAL_FLASHEx_OBGetConfig                           build/stm32f0xx_hal_flash_ex.o
HAL_FLASHEx_OBGetUserData                         build/stm32f0xx_hal_flash_ex.o
HAL_FLASHEx_OBProgram                             build/stm32f0xx_hal_flash_ex.o
HAL_FLASH_EndOfOperationCallback                  build/stm32f0xx_hal_flash.o
HAL_FLASH_GetError                                build/stm32f0xx_hal_flash.o
HAL_FLASH_IRQHandler                              build/stm32f0xx_hal_flash.o
HAL_FLASH_Lock                                    build/stm32f0xx_hal_flash.o
HAL_FLASH_OB_Launch                               build/stm32f0xx_hal_flash.o
HAL_FLASH_OB_Lock                                 build/stm32f0xx_hal_flash.o
HAL_FLASH_OB_Unlock                               build/stm32f0xx_hal_flash.o
HAL_FLASH_OperationErrorCallback                  build/stm32f0xx_hal_flash.o
HAL_FLASH_Program                                 build/stm32f0xx_hal_flash.o
HAL_FLASH_Program_IT                              build/stm32f0xx_hal_flash.o
HAL_FLASH_Unlock                                  build/stm32f0xx_hal_flash.o
HAL_GPIO_DeInit                                   build/stm32f0xx_hal_gpio.o
                                                  build/stm32f0xx_hal_msp.o
HAL_GPIO_EXTI_Callback                            build/stm32f0xx_hal_gpio.o
HAL_GPIO_EXTI_IRQHandler                          build/stm32f0xx_hal_gpio.o
HAL_GPIO_Init                                     build/stm32f0xx_hal_gpio.o
                                                  build/stm32f0xx_hal_rcc.o
                                                  build/main.o
                                                  build/stm32f0xx_hal_msp.o
HAL_GPIO_LockPin                                  build/stm32f0xx_hal_gpio.o
HAL_GPIO_ReadPin                                  build/stm32f0xx_hal_gpio.o
HAL_GPIO_TogglePin                                build/stm32f0xx_hal_gpio.o
                                                  build/main.o
HAL_GPIO_WritePin                                 build/stm32f0xx_hal_gpio.o
                                                  build/main.o
HAL_GetDEVID                                      build/stm32f0xx_hal.o
HAL_GetHalVersion                                 build/stm32f0xx_hal.o
HAL_GetREVID                                      build/stm32f0xx_hal.o
HAL_GetTick                                       build/stm32f0xx_hal.o
                                                  build/stm32f0xx_hal_flash.o
                                                  build/stm32f0xx_hal_dma.o
                                                  build/stm32f0xx_hal_i2c.o
                                                  build/stm32f0xx_hal_rcc_ex.o
                                                  build/stm32f0xx_hal_rcc.o
                                                  build/stm32f0xx_hal_usart.o
HAL_I2CEx_ConfigAnalogFilter                      build/stm32f0xx_hal_i2c_ex.o
HAL_I2CEx_ConfigDigitalFilter                     build/stm32f0xx_hal_i2c_ex.o
HAL_I2CEx_DisableFastModePlus                     build/stm32f0xx_hal_i2c_ex.o
HAL_I2CEx_DisableWakeUp                           build/stm32f0xx_hal_i2c_ex.o
HAL_I2CEx_EnableFastModePlus                      build/stm32f0xx_hal_i2c_ex.o
HAL_I2CEx_EnableWakeUp                            build/stm32f0xx_hal_i2c_ex.o
HAL_I2C_AbortCpltCallback                         build/stm32f0xx_hal_i2c.o
HAL_I2C_AddrCallback                              build/stm32f0xx_hal_i2c.o
HAL_I2C_DeInit                                    build/stm32f0xx_hal_i2c.o
HAL_I2C_DisableListen_IT                          build/stm32f0xx_hal_i2c.o
HAL_I2C_ER_IRQHandler                             build/stm32f0xx_hal_i2c.o
HAL_I2C_EV_IRQHandler                             build/stm32f0xx_hal_i2c.o
HAL_I2C_EnableListen_IT                           build/stm32f0xx_hal_i2c.o
HAL_I2C_ErrorCallback                             build/stm32f0xx_hal_i2c.o
HAL_I2C_GetError                                  build/stm32f0xx_hal_i2c.o
HAL_I2C_GetMode                                   build/stm32f0xx_hal_i2c.o
HAL_I2C_GetState                                  build/stm32f0xx_hal_i2c.o
HAL_I2C_Init                                      build/stm32f0xx_hal_i2c.o
HAL_I2C_IsDeviceReady                             build/stm32f0xx_hal_i2c.o
HAL_I2C_ListenCpltCallback                        build/stm32f0xx_hal_i2c.o
HAL_I2C_MasterRxCpltCallback                      build/stm32f0xx_hal_i2c.o
HAL_I2C_MasterTxCpltCallback                      build/stm32f0xx_hal_i2c.o
HAL_I2C_Master_Abort_IT                           build/stm32f0xx_hal_i2c.o
HAL_I2C_Master_Receive                            build/stm32f0xx_hal_i2c.o
HAL_I2C_Master_Receive_DMA                        build/stm32f0xx_hal_i2c.o
HAL_I2C_Master_Receive_IT                         build/stm32f0xx_hal_i2c.o
HAL_I2C_Master_Sequential_Receive_IT              build/stm32f0xx_hal_i2c.o
HAL_I2C_Master_Sequential_Transmit_IT             build/stm32f0xx_hal_i2c.o
HAL_I2C_Master_Transmit                           build/stm32f0xx_hal_i2c.o
HAL_I2C_Master_Transmit_DMA                       build/stm32f0xx_hal_i2c.o
HAL_I2C_Master_Transmit_IT                        build/stm32f0xx_hal_i2c.o
HAL_I2C_MemRxCpltCallback                         build/stm32f0xx_hal_i2c.o
HAL_I2C_MemTxCpltCallback                         build/stm32f0xx_hal_i2c.o
HAL_I2C_Mem_Read                                  build/stm32f0xx_hal_i2c.o
HAL_I2C_Mem_Read_DMA                              build/stm32f0xx_hal_i2c.o
HAL_I2C_Mem_Read_IT                               build/stm32f0xx_hal_i2c.o
HAL_I2C_Mem_Write                                 build/stm32f0xx_hal_i2c.o
HAL_I2C_Mem_Write_DMA                             build/stm32f0xx_hal_i2c.o
HAL_I2C_Mem_Write_IT                              build/stm32f0xx_hal_i2c.o
HAL_I2C_MspDeInit                                 build/stm32f0xx_hal_i2c.o
HAL_I2C_MspInit                                   build/stm32f0xx_hal_i2c.o
HAL_I2C_SlaveRxCpltCallback                       build/stm32f0xx_hal_i2c.o
HAL_I2C_SlaveTxCpltCallback                       build/stm32f0xx_hal_i2c.o
HAL_I2C_Slave_Receive                             build/stm32f0xx_hal_i2c.o
HAL_I2C_Slave_Receive_DMA                         build/stm32f0xx_hal_i2c.o
HAL_I2C_Slave_Receive_IT                          build/stm32f0xx_hal_i2c.o
HAL_I2C_Slave_Sequential_Receive_IT               build/stm32f0xx_hal_i2c.o
HAL_I2C_Slave_Sequential_Transmit_IT              build/stm32f0xx_hal_i2c.o
HAL_I2C_Slave_Transmit                            build/stm32f0xx_hal_i2c.o
HAL_I2C_Slave_Transmit_DMA                        build/stm32f0xx_hal_i2c.o
HAL_I2C_Slave_Transmit_IT                         build/stm32f0xx_hal_i2c.o
HAL_IncTick                                       build/stm32f0xx_hal.o
                                                  build/stm32f0xx_it.o
HAL_Init                                          build/stm32f0xx_hal.o
                                                  build/main.o
HAL_InitTick                                      build/stm32f0xx_hal.o
                                                  build/stm32f0xx_hal_rcc.o
HAL_MspDeInit                                     build/stm32f0xx_hal.o
HAL_MspInit                                       build/stm32f0xx_hal_msp.o
HAL_NVIC_ClearPendingIRQ                          build/stm32f0xx_hal_cortex.o
HAL_NVIC_DisableIRQ                               build/stm32f0xx_hal_cortex.o
                                                  build/usbd_conf.o
HAL_NVIC_EnableIRQ                                build/stm32f0xx_hal_cortex.o
                                                  build/usbd_conf.o
HAL_NVIC_GetPendingIRQ                            build/stm32f0xx_hal_cortex.o
HAL_NVIC_GetPriority                              build/stm32f0xx_hal_cortex.o
HAL_NVIC_SetPendingIRQ                            build/stm32f0xx_hal_cortex.o
HAL_NVIC_SetPriority                              build/stm32f0xx_hal_cortex.o
                                                  build/stm32f0xx_hal.o
                                                  build/main.o
                                                  build/stm32f0xx_hal_msp.o
                                                  build/usbd_conf.o
HAL_NVIC_SystemReset                              build/stm32f0xx_hal_cortex.o
HAL_PCDEx_PMAConfig                               build/stm32f0xx_hal_pcd_ex.o
                                                  build/usbd_conf.o
HAL_PCDEx_SetConnectionState                      build/usbd_conf.o
HAL_PCD_ActivateRemoteWakeup                      build/stm32f0xx_hal_pcd.o
HAL_PCD_ConnectCallback                           build/usbd_conf.o
HAL_PCD_DataInStageCallback                       build/usbd_conf.o
HAL_PCD_DataOutStageCallback                      build/usbd_conf.o
HAL_PCD_DeActivateRemoteWakeup                    build/stm32f0xx_hal_pcd.o
HAL_PCD_DeInit                                    build/stm32f0xx_hal_pcd.o
                                                  build/usbd_conf.o
HAL_PCD_DevConnect                                build/stm32f0xx_hal_pcd.o
HAL_PCD_DevDisconnect                             build/stm32f0xx_hal_pcd.o
HAL_PCD_DisconnectCallback                        build/usbd_conf.o
HAL_PCD_EP_Close                                  build/stm32f0xx_hal_pcd.o
                                                  build/usbd_conf.o
HAL_PCD_EP_ClrStall                               build/stm32f0xx_hal_pcd.o
                                                  build/usbd_conf.o
HAL_PCD_EP_Flush                                  build/stm32f0xx_hal_pcd.o
                                                  build/usbd_conf.o
HAL_PCD_EP_GetRxCount                             build/stm32f0xx_hal_pcd.o
                                                  build/usbd_conf.o
HAL_PCD_EP_Open                                   build/stm32f0xx_hal_pcd.o
                                                  build/usbd_conf.o
HAL_PCD_EP_Receive                                build/stm32f0xx_hal_pcd.o
                                                  build/usbd_conf.o
HAL_PCD_EP_SetStall                               build/stm32f0xx_hal_pcd.o
                                                  build/usbd_conf.o
HAL_PCD_EP_Transmit                               build/stm32f0xx_hal_pcd.o
                                                  build/usbd_conf.o
HAL_PCD_GetState                                  build/stm32f0xx_hal_pcd.o
HAL_PCD_IRQHandler                                build/stm32f0xx_hal_pcd.o
                                                  build/stm32f0xx_it.o
HAL_PCD_ISOINIncompleteCallback                   build/usbd_conf.o
HAL_PCD_ISOOUTIncompleteCallback                  build/usbd_conf.o
HAL_PCD_Init                                      build/stm32f0xx_hal_pcd.o
                                                  build/usbd_conf.o
HAL_PCD_MspDeInit                                 build/usbd_conf.o
HAL_PCD_MspInit                                   build/usbd_conf.o
HAL_PCD_ResetCallback                             build/usbd_conf.o
HAL_PCD_ResumeCallback                            build/usbd_conf.o
HAL_PCD_SOFCallback                               build/usbd_conf.o
HAL_PCD_SetAddress                                build/stm32f0xx_hal_pcd.o
                                                  build/usbd_conf.o
HAL_PCD_SetupStageCallback                        build/usbd_conf.o
HAL_PCD_Start                                     build/stm32f0xx_hal_pcd.o
                                                  build/usbd_conf.o
HAL_PCD_Stop                                      build/stm32f0xx_hal_pcd.o
                                                  build/usbd_conf.o
HAL_PCD_SuspendCallback                           build/usbd_conf.o
HAL_PWREx_DisableVddio2Monitor                    build/stm32f0xx_hal_pwr_ex.o
HAL_PWREx_EnableVddio2Monitor                     build/stm32f0xx_hal_pwr_ex.o
HAL_PWREx_Vddio2MonitorCallback                   build/stm32f0xx_hal_pwr_ex.o
HAL_PWREx_Vddio2Monitor_IRQHandler                build/stm32f0xx_hal_pwr_ex.o
HAL_PWR_ConfigPVD                                 build/stm32f0xx_hal_pwr_ex.o
HAL_PWR_DeInit                                    build/stm32f0xx_hal_pwr.o
HAL_PWR_DisableBkUpAccess                         build/stm32f0xx_hal_pwr.o
HAL_PWR_DisablePVD                                build/stm32f0xx_hal_pwr_ex.o
HAL_PWR_DisableSEVOnPend                          build/stm32f0xx_hal_pwr.o
HAL_PWR_DisableSleepOnExit                        build/stm32f0xx_hal_pwr.o
HAL_PWR_DisableWakeUpPin                          build/stm32f0xx_hal_pwr.o
HAL_PWR_EnableBkUpAccess                          build/stm32f0xx_hal_pwr.o
HAL_PWR_EnablePVD                                 build/stm32f0xx_hal_pwr_ex.o
HAL_PWR_EnableSEVOnPend                           build/stm32f0xx_hal_pwr.o
HAL_PWR_EnableSleepOnExit                         build/stm32f0xx_hal_pwr.o
HAL_PWR_EnableWakeUpPin                           build/stm32f0xx_hal_pwr.o
HAL_PWR_EnterSLEEPMode                            build/stm32f0xx_hal_pwr.o
HAL_PWR_EnterSTANDBYMode                          build/stm32f0xx_hal_pwr.o
HAL_PWR_EnterSTOPMode                             build/stm32f0xx_hal_pwr.o
HAL_PWR_PVDCallback                               build/stm32f0xx_hal_pwr_ex.o
HAL_PWR_PVD_IRQHandler                            build/stm32f0xx_hal_pwr_ex.o
HAL_RCCEx_CRSConfig                               build/stm32f0xx_hal_rcc_ex.o
HAL_RCCEx_CRSGetSynchronizationInfo               build/stm32f0xx_hal_rcc_ex.o
HAL_RCCEx_CRSSoftwareSynchronizationGenerate      build/stm32f0xx_hal_rcc_ex.o
HAL_RCCEx_CRSWaitSynchronization                  build/stm32f0xx_hal_rcc_ex.o
HAL_RCCEx_CRS_ErrorCallback                       build/stm32f0xx_hal_rcc_ex.o
HAL_RCCEx_CRS_ExpectedSyncCallback                build/stm32f0xx_hal_rcc_ex.o
HAL_RCCEx_CRS_IRQHandler                          build/stm32f0xx_hal_rcc_ex.o
HAL_RCCEx_CRS_SyncOkCallback                      build/stm32f0xx_hal_rcc_ex.o
HAL_RCCEx_CRS_SyncWarnCallback                    build/stm32f0xx_hal_rcc_ex.o
HAL_RCCEx_GetPeriphCLKConfig                      build/stm32f0xx_hal_rcc_ex.o
HAL_RCCEx_GetPeriphCLKFreq                        build/stm32f0xx_hal_rcc_ex.o
HAL_RCCEx_PeriphCLKConfig                         build/stm32f0xx_hal_rcc_ex.o
                                                  build/main.o
HAL_RCC_CSSCallback                               build/stm32f0xx_hal_rcc.o
HAL_RCC_ClockConfig                               build/stm32f0xx_hal_rcc.o
                                                  build/main.o
HAL_RCC_DeInit                                    build/stm32f0xx_hal_rcc.o
HAL_RCC_DisableCSS                                build/stm32f0xx_hal_rcc.o
HAL_RCC_EnableCSS                                 build/stm32f0xx_hal_rcc.o
HAL_RCC_GetClockConfig                            build/stm32f0xx_hal_rcc.o
HAL_RCC_GetHCLKFreq                               build/stm32f0xx_hal_rcc.o
                                                  build/stm32f0xx_hal.o
                                                  build/main.o
HAL_RCC_GetOscConfig                              build/stm32f0xx_hal_rcc.o
HAL_RCC_GetPCLK1Freq                              build/stm32f0xx_hal_rcc.o
                                                  build/stm32f0xx_hal_rcc_ex.o
                                                  build/stm32f0xx_hal_usart.o
HAL_RCC_GetSysClockFreq                           build/stm32f0xx_hal_rcc.o
                                                  build/stm32f0xx_hal_rcc_ex.o
                                                  build/stm32f0xx_hal_usart.o
HAL_RCC_MCOConfig                                 build/stm32f0xx_hal_rcc.o
HAL_RCC_NMI_IRQHandler                            build/stm32f0xx_hal_rcc.o
HAL_RCC_OscConfig                                 build/stm32f0xx_hal_rcc.o
                                                  build/main.o
HAL_ResumeTick                                    build/stm32f0xx_hal.o
HAL_SYSTICK_CLKSourceConfig                       build/stm32f0xx_hal_cortex.o
                                                  build/main.o
HAL_SYSTICK_Callback                              build/stm32f0xx_hal_cortex.o
HAL_SYSTICK_Config                                build/stm32f0xx_hal_cortex.o
                                                  build/stm32f0xx_hal.o
                                                  build/main.o
HAL_SYSTICK_IRQHandler                            build/stm32f0xx_hal_cortex.o
                                                  build/stm32f0xx_it.o
HAL_SuspendTick                                   build/stm32f0xx_hal.o
HAL_USART_DMAPause                                build/stm32f0xx_hal_usart.o
HAL_USART_DMAResume                               build/stm32f0xx_hal_usart.o
HAL_USART_DMAStop                                 build/stm32f0xx_hal_usart.o
HAL_USART_DeInit                                  build/stm32f0xx_hal_usart.o
HAL_USART_ErrorCallback                           build/stm32f0xx_hal_usart.o
HAL_USART_GetError                                build/stm32f0xx_hal_usart.o
HAL_USART_GetState                                build/stm32f0xx_hal_usart.o
HAL_USART_IRQHandler                              build/stm32f0xx_hal_usart.o
HAL_USART_Init                                    build/stm32f0xx_hal_usart.o
                                                  build/main.o
HAL_USART_MspDeInit                               build/stm32f0xx_hal_msp.o
HAL_USART_MspInit                                 build/stm32f0xx_hal_msp.o
HAL_USART_Receive                                 build/stm32f0xx_hal_usart.o
HAL_USART_Receive_DMA                             build/stm32f0xx_hal_usart.o
HAL_USART_Receive_IT                              build/stm32f0xx_hal_usart.o
HAL_USART_RxCpltCallback                          build/stm32f0xx_hal_usart.o
HAL_USART_RxHalfCpltCallback                      build/stm32f0xx_hal_usart.o
HAL_USART_Transmit                                build/stm32f0xx_hal_usart.o
HAL_USART_TransmitReceive                         build/stm32f0xx_hal_usart.o
HAL_USART_TransmitReceive_DMA                     build/stm32f0xx_hal_usart.o
HAL_USART_TransmitReceive_IT                      build/stm32f0xx_hal_usart.o
HAL_USART_Transmit_DMA                            build/stm32f0xx_hal_usart.o
HAL_USART_Transmit_IT                             build/stm32f0xx_hal_usart.o
HAL_USART_TxCpltCallback                          build/stm32f0xx_hal_usart.o
HAL_USART_TxHalfCpltCallback                      build/stm32f0xx_hal_usart.o
HAL_USART_TxRxCpltCallback                        build/stm32f0xx_hal_usart.o
HardFault_Handler                                 build/stm32f0xx_it.o
I2C1_IRQHandler                                   build/startup_stm32f072xb.o
I2C2_IRQHandler                                   build/startup_stm32f072xb.o
MX_USB_DEVICE_Init                                build/usb_device.o
                                                  build/main.o
NMI_Handler                                       build/stm32f0xx_it.o
PCD_ReadPMA                                       build/stm32f0xx_hal_pcd.o
PCD_WritePMA                                      build/stm32f0xx_hal_pcd.o
PVD_VDDIO2_IRQHandler                             build/startup_stm32f072xb.o
PendSV_Handler                                    build/stm32f0xx_it.o
RCC_CRS_IRQHandler                                build/startup_stm32f072xb.o
RTC_IRQHandler                                    build/startup_stm32f072xb.o
Reset_Handler                                     build/startup_stm32f072xb.o
SPI1_IRQHandler                                   build/startup_stm32f072xb.o
SPI2_IRQHandler                                   build/startup_stm32f072xb.o
SVC_Handler                                       build/stm32f0xx_it.o
SysTick_Handler                                   build/stm32f0xx_it.o
SystemClock_Config                                build/main.o
                                                  build/usbd_conf.o
SystemCoreClock                                   build/system_stm32f0xx.o
                                                  build/stm32f0xx_hal_rcc.o
SystemCoreClockUpdate                             build/system_stm32f0xx.o
SystemInit                                        build/system_stm32f0xx.o
                                                  build/startup_stm32f072xb.o
TIM14_IRQHandler                                  build/startup_stm32f072xb.o
TIM15_IRQHandler                                  build/startup_stm32f072xb.o
TIM16_IRQHandler                                  build/startup_stm32f072xb.o
TIM17_IRQHandler                                  build/startup_stm32f072xb.o
TIM1_BRK_UP_TRG_COM_IRQHandler                    build/startup_stm32f072xb.o
TIM1_CC_IRQHandler                                build/startup_stm32f072xb.o
TIM2_IRQHandler                                   build/startup_stm32f072xb.o
TIM3_IRQHandler                                   build/startup_stm32f072xb.o
TIM6_DAC_IRQHandler                               build/startup_stm32f072xb.o
TIM7_IRQHandler                                   build/startup_stm32f072xb.o
TSC_IRQHandler                                    build/startup_stm32f072xb.o
USART1_IRQHandler                                 build/startup_stm32f072xb.o
USART2_IRQHandler                                 build/startup_stm32f072xb.o
USART3_4_IRQHandler                               build/startup_stm32f072xb.o
USBD_CDC                                          build/usbd_cdc.o
                                                  build/usb_device.o
USBD_CDC_CfgFSDesc                                build/usbd_cdc.o
USBD_CDC_CfgHSDesc                                build/usbd_cdc.o
USBD_CDC_GetDeviceQualifierDescriptor             build/usbd_cdc.o
USBD_CDC_OtherSpeedCfgDesc                        build/usbd_cdc.o
USBD_CDC_ReceivePacket                            build/usbd_cdc.o
                                                  build/usbd_cdc_if.o
USBD_CDC_RegisterInterface                        build/usbd_cdc.o
                                                  build/usb_device.o
USBD_CDC_SetRxBuffer                              build/usbd_cdc.o
                                                  build/usbd_cdc_if.o
USBD_CDC_SetTxBuffer                              build/usbd_cdc.o
                                                  build/usbd_cdc_if.o
USBD_CDC_TransmitPacket                           build/usbd_cdc.o
                                                  build/usbd_cdc_if.o
USBD_ClrClassConfig                               build/usbd_core.o
                                                  build/usbd_ctlreq.o
USBD_CtlContinueRx                                build/usbd_ioreq.o
                                                  build/usbd_core.o
USBD_CtlContinueSendData                          build/usbd_ioreq.o
                                                  build/usbd_core.o
USBD_CtlError                                     build/usbd_ctlreq.o
USBD_CtlPrepareRx                                 build/usbd_ioreq.o
                                                  build/usbd_cdc.o
USBD_CtlReceiveStatus                             build/usbd_ioreq.o
                                                  build/usbd_core.o
USBD_CtlSendData                                  build/usbd_ioreq.o
                                                  build/usbd_cdc.o
                                                  build/usbd_ctlreq.o
USBD_CtlSendStatus                                build/usbd_ioreq.o
                                                  build/usbd_ctlreq.o
                                                  build/usbd_core.o
USBD_DeInit                                       build/usbd_core.o
USBD_FS_ConfigStrDescriptor                       build/usbd_desc.o
USBD_FS_DeviceDesc                                build/usbd_desc.o
USBD_FS_DeviceDescriptor                          build/usbd_desc.o
USBD_FS_InterfaceStrDescriptor                    build/usbd_desc.o
USBD_FS_LangIDStrDescriptor                       build/usbd_desc.o
USBD_FS_ManufacturerStrDescriptor                 build/usbd_desc.o
USBD_FS_ProductStrDescriptor                      build/usbd_desc.o
USBD_FS_SerialStrDescriptor                       build/usbd_desc.o
USBD_GetRxCount                                   build/usbd_ioreq.o
USBD_GetString                                    build/usbd_ctlreq.o
                                                  build/usbd_desc.o
USBD_Init                                         build/usbd_core.o
                                                  build/usb_device.o
USBD_Interface_fops_FS                            build/usbd_cdc_if.o
                                                  build/usb_device.o
USBD_LL_ClearStallEP                              build/usbd_conf.o
                                                  build/usbd_ctlreq.o
USBD_LL_CloseEP                                   build/usbd_conf.o
                                                  build/usbd_cdc.o
USBD_LL_DataInStage                               build/usbd_core.o
                                                  build/usbd_conf.o
USBD_LL_DataOutStage                              build/usbd_core.o
                                                  build/usbd_conf.o
USBD_LL_DeInit                                    build/usbd_conf.o
                                                  build/usbd_core.o
USBD_LL_Delay                                     build/usbd_conf.o
USBD_LL_DevConnected                              build/usbd_core.o
                                                  build/usbd_conf.o
USBD_LL_DevDisconnected                           build/usbd_core.o
                                                  build/usbd_conf.o
USBD_LL_FlushEP                                   build/usbd_conf.o
USBD_LL_GetRxDataSize                             build/usbd_conf.o