Archive member included to satisfy reference by file (symbol)

/usr/lib/gcc/arm-none-eabi/6.2.0/../../../../arm-none-eabi/lib/armv6-m/libc_nano.a(lib_a-atexit.o)
                              /usr/lib/gcc/arm-none-eabi/6.2.0/../../../../arm-none-eabi/lib/armv6-m/crt0.o (atexit)
/usr/lib/gcc/arm-none-eabi/6.2.0/../../../../arm-none-eabi/lib/armv6-m/libc_nano.a(lib_a-exit.o)
                              /usr/lib/gcc/arm-none-eabi/6.2.0/../../../../arm-none-eabi/lib/armv6-m/crt0.o (exit)
/usr/lib/gcc/arm-none-eabi/6.2.0/../../../../arm-none-eabi/lib/armv6-m/libc_nano.a(lib_a-fini.o)
                              /usr/lib/gcc/arm-none-eabi/6.2.0/../../../../arm-none-eabi/lib/armv6-m/crt0.o (__libc_fini_array)
/usr/lib/gcc/arm-none-eabi/6.2.0/../../../../arm-none-eabi/lib/armv6-m/libc_nano.a(lib_a-impure.o)
                              /usr/lib/gcc/arm-none-eabi/6.2.0/../../../../arm-none-eabi/lib/armv6-m/libc_nano.a(lib_a-exit.o) (_global_impure_ptr)
/usr/lib/gcc/arm-none-eabi/6.2.0/../../../../arm-none-eabi/lib/armv6-m/libc_nano.a(lib_a-init.o)
                              /usr/lib/gcc/arm-none-eabi/6.2.0/../../../../arm-none-eabi/lib/armv6-m/crt0.o (__libc_init_array)
/usr/lib/gcc/arm-none-eabi/6.2.0/../../../../arm-none-eabi/lib/armv6-m/libc_nano.a(lib_a-memcpy-stub.o)
                              build/stm32f0xx_hal_rcc.o (memcpy)
/usr/lib/gcc/arm-none-eabi/6.2.0/../../../../arm-none-eabi/lib/armv6-m/libc_nano.a(lib_a-memset.o)
                              /usr/lib/gcc/arm-none-eabi/6.2.0/../../../../arm-none-eabi/lib/armv6-m/crt0.o (memset)
/usr/lib/gcc/arm-none-eabi/6.2.0/../../../../arm-none-eabi/lib/armv6-m/libc_nano.a(lib_a-vsprintf.o)
                              build/utils.o (vsprintf)
/usr/lib/gcc/arm-none-eabi/6.2.0/../../../../arm-none-eabi/lib/armv6-m/libc_nano.a(lib_a-__atexit.o)
                              /usr/lib/gcc/arm-none-eabi/6.2.0/../../../../arm-none-eabi/lib/armv6-m/libc_nano.a(lib_a-atexit.o) (__register_exitproc)
/usr/lib/gcc/arm-none-eabi/6.2.0/../../../../arm-none-eabi/lib/armv6-m/libc_nano.a(lib_a-__call_atexit.o)
                              /usr/lib/gcc/arm-none-eabi/6.2.0/../../../../arm-none-eabi/lib/armv6-m/libc_nano.a(lib_a-__atexit.o) (__call_exitprocs)
/usr/lib/gcc/arm-none-eabi/6.2.0/../../../../arm-none-eabi/lib/armv6-m/libc_nano.a(lib_a-nano-svfprintf.o)
                              /usr/lib/gcc/arm-none-eabi/6.2.0/../../../../arm-none-eabi/lib/armv6-m/libc_nano.a(lib_a-vsprintf.o) (_svfprintf_r)
/usr/lib/gcc/arm-none-eabi/6.2.0/../../../../arm-none-eabi/lib/armv6-m/libc_nano.a(lib_a-nano-vfprintf_i.o)
                              /usr/lib/gcc/arm-none-eabi/6.2.0/../../../../arm-none-eabi/lib/armv6-m/libc_nano.a(lib_a-nano-svfprintf.o) (_printf_i)
/usr/lib/gcc/arm-none-eabi/6.2.0/../../../../arm-none-eabi/lib/armv6-m/libc_nano.a(lib_a-memchr-stub.o)
                              /usr/lib/gcc/arm-none-eabi/6.2.0/../../../../arm-none-eabi/lib/armv6-m/libc_nano.a(lib_a-nano-svfprintf.o) (memchr)
/usr/lib/gcc/arm-none-eabi/6.2.0/../../../../arm-none-eabi/lib/armv6-m/libc_nano.a(lib_a-memmove.o)
                              /usr/lib/gcc/arm-none-eabi/6.2.0/../../../../arm-none-eabi/lib/armv6-m/libc_nano.a(lib_a-nano-svfprintf.o) (memmove)
/usr/lib/gcc/arm-none-eabi/6.2.0/../../../../arm-none-eabi/lib/armv6-m/libc_nano.a(lib_a-nano-freer.o)
                              /usr/lib/gcc/arm-none-eabi/6.2.0/../../../../arm-none-eabi/lib/armv6-m/libc_nano.a(lib_a-nano-svfprintf.o) (_free_r)
/usr/lib/gcc/arm-none-eabi/6.2.0/../../../../arm-none-eabi/lib/armv6-m/libc_nano.a(lib_a-nano-mallocr.o)
                              /usr/lib/gcc/arm-none-eabi/6.2.0/../../../../arm-none-eabi/lib/armv6-m/libc_nano.a(lib_a-nano-svfprintf.o) (_malloc_r)
/usr/lib/gcc/arm-none-eabi/6.2.0/../../../../arm-none-eabi/lib/armv6-m/libc_nano.a(lib_a-nano-reallocr.o)
                              /usr/lib/gcc/arm-none-eabi/6.2.0/../../../../arm-none-eabi/lib/armv6-m/libc_nano.a(lib_a-nano-svfprintf.o) (_realloc_r)
/usr/lib/gcc/arm-none-eabi/6.2.0/../../../../arm-none-eabi/lib/armv6-m/libc_nano.a(lib_a-sbrkr.o)
                              /usr/lib/gcc/arm-none-eabi/6.2.0/../../../../arm-none-eabi/lib/armv6-m/libc_nano.a(lib_a-nano-mallocr.o) (_sbrk_r)
/usr/lib/gcc/arm-none-eabi/6.2.0/../../../../arm-none-eabi/lib/armv6-m/libc_nano.a(lib_a-nano-msizer.o)
                              /usr/lib/gcc/arm-none-eabi/6.2.0/../../../../arm-none-eabi/lib/armv6-m/libc_nano.a(lib_a-nano-reallocr.o) (_malloc_usable_size_r)
/usr/lib/gcc/arm-none-eabi/6.2.0/../../../../arm-none-eabi/lib/armv6-m/libc_nano.a(lib_a-reent.o)
                              /usr/lib/gcc/arm-none-eabi/6.2.0/../../../../arm-none-eabi/lib/armv6-m/libc_nano.a(lib_a-sbrkr.o) (errno)
/usr/lib/gcc/arm-none-eabi/6.2.0/../../../../arm-none-eabi/lib/armv6-m/libnosys.a(sbrk.o)
                              /usr/lib/gcc/arm-none-eabi/6.2.0/../../../../arm-none-eabi/lib/armv6-m/libc_nano.a(lib_a-sbrkr.o) (_sbrk)
[...]
Memory Configuration

Name             Origin             Length             Attributes
RAM              0x0000000020000000 0x0000000000004000 xrw
FLASH            0x0000000008000000 0x0000000000020000 xr
*default*        0x0000000000000000 0xffffffffffffffff

Linker script and memory map

LOAD /usr/lib/gcc/arm-none-eabi/6.2.0/armv6-m/crti.o
LOAD /usr/lib/gcc/arm-none-eabi/6.2.0/armv6-m/crtbegin.o
LOAD /usr/lib/gcc/arm-none-eabi/6.2.0/../../../../arm-none-eabi/lib/armv6-m/crt0.o
LOAD build/micromod.o
LOAD build/stm32f0xx_it.o
LOAD build/stm32f0xx_hal_msp.o
LOAD build/main.o
LOAD build/utils.o
LOAD build/stm32f0xx_hal_dac.o
LOAD build/stm32f0xx_hal_dac_ex.o
LOAD build/stm32f0xx_hal_tim.o
LOAD build/stm32f0xx_hal_tim_ex.o
LOAD build/stm32f0xx_hal_uart.o
LOAD build/stm32f0xx_hal_uart_ex.o
LOAD build/stm32f0xx_hal_pcd.o
LOAD build/stm32f0xx_hal_pcd_ex.o
LOAD build/stm32f0xx_hal_rcc.o
LOAD build/stm32f0xx_hal_rcc_ex.o
LOAD build/stm32f0xx_hal.o
LOAD build/stm32f0xx_hal_i2c.o
LOAD build/stm32f0xx_hal_i2c_ex.o
LOAD build/stm32f0xx_hal_gpio.o
LOAD build/stm32f0xx_hal_dma.o
LOAD build/stm32f0xx_hal_cortex.o
LOAD build/stm32f0xx_hal_pwr.o
LOAD build/stm32f0xx_hal_pwr_ex.o
LOAD build/stm32f0xx_hal_flash.o
LOAD build/stm32f0xx_hal_flash_ex.o
LOAD build/system_stm32f0xx.o
LOAD build/startup_stm32f072xb.o
LOAD /usr/lib/gcc/arm-none-eabi/6.2.0/../../../../arm-none-eabi/lib/armv6-m/libc_nano.a
LOAD /usr/lib/gcc/arm-none-eabi/6.2.0/../../../../arm-none-eabi/lib/armv6-m/libm.a
LOAD /usr/lib/gcc/arm-none-eabi/6.2.0/../../../../arm-none-eabi/lib/armv6-m/libnosys.a
START GROUP
LOAD /usr/lib/gcc/arm-none-eabi/6.2.0/armv6-m/libgcc.a
LOAD /usr/lib/gcc/arm-none-eabi/6.2.0/../../../../arm-none-eabi/lib/armv6-m/libc_nano.a
END GROUP
START GROUP
LOAD /usr/lib/gcc/arm-none-eabi/6.2.0/armv6-m/libgcc.a
LOAD /usr/lib/gcc/arm-none-eabi/6.2.0/../../../../arm-none-eabi/lib/armv6-m/libc_nano.a
END GROUP
LOAD /usr/lib/gcc/arm-none-eabi/6.2.0/armv6-m/crtend.o
LOAD /usr/lib/gcc/arm-none-eabi/6.2.0/armv6-m/crtn.o
                0x0000000020004000                _estack = 0x20004000
                0x0000000000000200                _Min_Heap_Size = 0x200
                0x0000000000000400                _Min_Stack_Size = 0x400

.isr_vector     0x0000000008000000       0xc0
                0x0000000008000000                . = ALIGN (0x4)
 *(.isr_vector)
 .isr_vector    0x0000000008000000       0xc0 build/startup_stm32f072xb.o
                0x0000000008000000                g_pfnVectors
                0x00000000080000c0                . = ALIGN (0x4)

.text           0x00000000080000c0     0x2e64
                0x00000000080000c0                . = ALIGN (0x4)
 *(.text)
 .text          0x00000000080000c0       0x14 /usr/lib/gcc/arm-none-eabi/6.2.0/armv6-m/libgcc.a(_thumb1_case_sqi.o)
                0x00000000080000c0                __gnu_thumb1_case_sqi
 .text          0x00000000080000d4       0x14 /usr/lib/gcc/arm-none-eabi/6.2.0/armv6-m/libgcc.a(_thumb1_case_uqi.o)
                0x00000000080000d4                __gnu_thumb1_case_uqi
 .text          0x00000000080000e8       0x14 /usr/lib/gcc/arm-none-eabi/6.2.0/armv6-m/libgcc.a(_thumb1_case_uhi.o)
                0x00000000080000e8                __gnu_thumb1_case_uhi
 .text          0x00000000080000fc       0x9c /usr/lib/gcc/arm-none-eabi/6.2.0/armv6-m/libgcc.a(_udivsi3.o)
                0x00000000080000fc                __udivsi3
                0x00000000080000fc                __aeabi_uidiv
                0x0000000008000184                __aeabi_uidivmod
 .text          0x0000000008000198       0xc0 /usr/lib/gcc/arm-none-eabi/6.2.0/armv6-m/libgcc.a(_divsi3.o)
                0x0000000008000198                __aeabi_idiv
                0x0000000008000198                __divsi3
                0x0000000008000244                __aeabi_idivmod
 .text          0x0000000008000258        0x4 /usr/lib/gcc/arm-none-eabi/6.2.0/armv6-m/libgcc.a(_dvmd_tls.o)
                0x0000000008000258                __aeabi_ldiv0
                0x0000000008000258                __aeabi_idiv0
 *(.text*)
 .text.__do_global_dtors_aux
                0x000000000800025c       0x28 /usr/lib/gcc/arm-none-eabi/6.2.0/armv6-m/crtbegin.o
 .text.frame_dummy
                0x0000000008000284       0x38 /usr/lib/gcc/arm-none-eabi/6.2.0/armv6-m/crtbegin.o
 .text.calculate_num_patterns
                0x00000000080002bc       0x24 build/micromod.o
 .text.calculate_num_channels
                0x00000000080002e0       0x84 build/micromod.o
 .text.unsigned_short_big_endian
                0x0000000008000364        0xc build/micromod.o
 .text.update_frequency
                0x0000000008000370       0x78 build/micromod.o
 .text.tone_portamento
                0x00000000080003e8       0x24 build/micromod.o
 .text.trigger  0x000000000800040c       0x9c build/micromod.o
 .text.volume_slide.isra.0
                0x00000000080004a8       0x1e build/micromod.o
 *fill*         0x00000000080004c6        0x2 
 .text.waveform
                0x00000000080004c8       0x60 build/micromod.o
 .text.vibrato  0x0000000008000528       0x1e build/micromod.o
 *fill*         0x0000000008000546        0x2 
 .text.sequence_tick
                0x0000000008000548      0x494 build/micromod.o
 .text.micromod_calculate_mod_file_len
                0x00000000080009dc       0x40 build/micromod.o
                0x00000000080009dc                micromod_calculate_mod_file_len
 .text.micromod_set_position
                0x0000000008000a1c       0xc4 build/micromod.o
                0x0000000008000a1c                micromod_set_position
 .text.micromod_initialise
                0x0000000008000ae0      0x14c build/micromod.o
                0x0000000008000ae0                micromod_initialise
 .text.micromod_get_audio
                0x0000000008000c2c      0x14c build/micromod.o
                0x0000000008000c2c                micromod_get_audio
 .text.NMI_Handler
                0x0000000008000d78        0x2 build/stm32f0xx_it.o
                0x0000000008000d78                NMI_Handler
 .text.HardFault_Handler
                0x0000000008000d7a        0x2 build/stm32f0xx_it.o
                0x0000000008000d7a                HardFault_Handler
 .text.SVC_Handler
                0x0000000008000d7c        0x2 build/stm32f0xx_it.o
                0x0000000008000d7c                SVC_Handler
 .text.PendSV_Handler
                0x0000000008000d7e        0x2 build/stm32f0xx_it.o
                0x0000000008000d7e                PendSV_Handler
 .text.SysTick_Handler
                0x0000000008000d80        0xc build/stm32f0xx_it.o
                0x0000000008000d80                SysTick_Handler
 .text.DMA1_Channel2_3_IRQHandler
                0x0000000008000d8c       0x10 build/stm32f0xx_it.o
                0x0000000008000d8c                DMA1_Channel2_3_IRQHandler
 .text.HAL_MspInit
                0x0000000008000d9c       0x3c build/stm32f0xx_hal_msp.o
                0x0000000008000d9c                HAL_MspInit
 .text.HAL_DAC_MspInit
                0x0000000008000dd8       0x7c build/stm32f0xx_hal_msp.o
                0x0000000008000dd8                HAL_DAC_MspInit
 .text.HAL_TIM_Base_MspInit
                0x0000000008000e54       0x28 build/stm32f0xx_hal_msp.o
                0x0000000008000e54                HAL_TIM_Base_MspInit
 .text.HAL_UART_MspInit
                0x0000000008000e7c       0x48 build/stm32f0xx_hal_msp.o
                0x0000000008000e7c                HAL_UART_MspInit
 .text.HAL_PCD_MspInit
                0x0000000008000ec4       0x2c build/stm32f0xx_hal_msp.o
                0x0000000008000ec4                HAL_PCD_MspInit
 .text.HAL_DAC_ConvCpltCallbackCh1
                0x0000000008000ef0       0x48 build/main.o
                0x0000000008000ef0                HAL_DAC_ConvCpltCallbackCh1
 .text.Error_Handler
                0x0000000008000f38       0x10 build/main.o
                0x0000000008000f38                Error_Handler
 .text.SystemClock_Config
                0x0000000008000f48       0x74 build/main.o
                0x0000000008000f48                SystemClock_Config
 .text.startup.main
                0x0000000008000fbc      0x1b0 build/main.o
                0x0000000008000fbc                main
 .text.uart_printf
                0x000000000800116c       0x2c build/utils.o
                0x000000000800116c                uart_printf
 .text.HAL_DAC_Init
                0x0000000008001198       0x28 build/stm32f0xx_hal_dac.o
                0x0000000008001198                HAL_DAC_Init
 .text.HAL_DAC_ConvHalfCpltCallbackCh1
                0x00000000080011c0        0x2 build/stm32f0xx_hal_dac.o
                0x00000000080011c0                HAL_DAC_ConvHalfCpltCallbackCh1
 .text.HAL_DAC_ErrorCallbackCh1
                0x00000000080011c2        0x2 build/stm32f0xx_hal_dac.o
                0x00000000080011c2                HAL_DAC_ErrorCallbackCh1
 .text.DAC_DMAErrorCh1
                0x00000000080011c4       0x18 build/stm32f0xx_hal_dac_ex.o
 .text.DAC_DMAHalfConvCpltCh1
                0x00000000080011dc        0xa build/stm32f0xx_hal_dac_ex.o
 .text.DAC_DMAConvCpltCh1
                0x00000000080011e6       0x10 build/stm32f0xx_hal_dac_ex.o
 *fill*         0x00000000080011f6        0x2 
 .text.HAL_DAC_ConfigChannel
                0x00000000080011f8       0x34 build/stm32f0xx_hal_dac_ex.o
                0x00000000080011f8                HAL_DAC_ConfigChannel
 .text.HAL_DAC_Start_DMA
                0x000000000800122c       0xd0 build/stm32f0xx_hal_dac_ex.o
                0x000000000800122c                HAL_DAC_Start_DMA
 .text.HAL_DACEx_ConvCpltCallbackCh2
                0x00000000080012fc        0x2 build/stm32f0xx_hal_dac_ex.o
                0x00000000080012fc                HAL_DACEx_ConvCpltCallbackCh2
 .text.DAC_DMAConvCpltCh2
                0x00000000080012fe       0x10 build/stm32f0xx_hal_dac_ex.o
                0x00000000080012fe                DAC_DMAConvCpltCh2
 .text.HAL_DACEx_ConvHalfCpltCallbackCh2
                0x000000000800130e        0x2 build/stm32f0xx_hal_dac_ex.o
                0x000000000800130e                HAL_DACEx_ConvHalfCpltCallbackCh2
 .text.DAC_DMAHalfConvCpltCh2
                0x0000000008001310        0xa build/stm32f0xx_hal_dac_ex.o
                0x0000000008001310                DAC_DMAHalfConvCpltCh2
 .text.HAL_DACEx_ErrorCallbackCh2
                0x000000000800131a        0x2 build/stm32f0xx_hal_dac_ex.o
                0x000000000800131a                HAL_DACEx_ErrorCallbackCh2
 .text.DAC_DMAErrorCh2
                0x000000000800131c       0x18 build/stm32f0xx_hal_dac_ex.o
                0x000000000800131c                DAC_DMAErrorCh2
 .text.TIM_Base_SetConfig
                0x0000000008001334       0x98 build/stm32f0xx_hal_tim.o
                0x0000000008001334                TIM_Base_SetConfig
 .text.HAL_TIM_Base_Init
                0x00000000080013cc       0x36 build/stm32f0xx_hal_tim.o
                0x00000000080013cc                HAL_TIM_Base_Init
 .text.HAL_TIMEx_MasterConfigSynchronization
                0x0000000008001402       0x42 build/stm32f0xx_hal_tim_ex.o
                0x0000000008001402                HAL_TIMEx_MasterConfigSynchronization
 .text.UART_SetConfig
                0x0000000008001444      0x16c build/stm32f0xx_hal_uart.o
                0x0000000008001444                UART_SetConfig
 .text.UART_AdvFeatureConfig
                0x00000000080015b0       0xd0 build/stm32f0xx_hal_uart.o
                0x00000000080015b0                UART_AdvFeatureConfig
 .text.UART_WaitOnFlagUntilTimeout
                0x0000000008001680       0x90 build/stm32f0xx_hal_uart.o
                0x0000000008001680                UART_WaitOnFlagUntilTimeout
 .text.HAL_UART_Transmit
                0x0000000008001710       0xb2 build/stm32f0xx_hal_uart.o
                0x0000000008001710                HAL_UART_Transmit
 *fill*         0x00000000080017c2        0x2 
 .text.UART_CheckIdleState
                0x00000000080017c4       0x6c build/stm32f0xx_hal_uart.o
                0x00000000080017c4                UART_CheckIdleState
 .text.HAL_UART_Init
                0x0000000008001830       0x6c build/stm32f0xx_hal_uart.o
                0x0000000008001830                HAL_UART_Init
 .text.HAL_PCD_Init
                0x000000000800189c       0x8c build/stm32f0xx_hal_pcd.o
                0x000000000800189c                HAL_PCD_Init
 .text.HAL_RCC_OscConfig
                0x0000000008001928      0x464 build/stm32f0xx_hal_rcc.o
                0x0000000008001928                HAL_RCC_OscConfig
 .text.HAL_RCC_GetSysClockFreq
                0x0000000008001d8c       0x78 build/stm32f0xx_hal_rcc.o
                0x0000000008001d8c                HAL_RCC_GetSysClockFreq
 .text.HAL_RCC_ClockConfig
                0x0000000008001e04      0x15c build/stm32f0xx_hal_rcc.o
                0x0000000008001e04                HAL_RCC_ClockConfig
 .text.HAL_RCC_GetHCLKFreq
                0x0000000008001f60        0xc build/stm32f0xx_hal_rcc.o
                0x0000000008001f60                HAL_RCC_GetHCLKFreq
 .text.HAL_RCC_GetPCLK1Freq
                0x0000000008001f6c       0x20 build/stm32f0xx_hal_rcc.o
                0x0000000008001f6c                HAL_RCC_GetPCLK1Freq
 .text.HAL_RCCEx_PeriphCLKConfig
                0x0000000008001f8c      0x140 build/stm32f0xx_hal_rcc_ex.o
                0x0000000008001f8c                HAL_RCCEx_PeriphCLKConfig
 .text.HAL_InitTick
                0x00000000080020cc       0x24 build/stm32f0xx_hal.o
                0x00000000080020cc                HAL_InitTick
 .text.HAL_Init
                0x00000000080020f0       0x20 build/stm32f0xx_hal.o
                0x00000000080020f0                HAL_Init
 .text.HAL_IncTick
                0x0000000008002110       0x10 build/stm32f0xx_hal.o
                0x0000000008002110                HAL_IncTick
 .text.HAL_GetTick
                0x0000000008002120        0xc build/stm32f0xx_hal.o
                0x0000000008002120                HAL_GetTick
 .text.HAL_Delay
                0x000000000800212c       0x18 build/stm32f0xx_hal.o
                0x000000000800212c                HAL_Delay
 .text.HAL_GPIO_Init
                0x0000000008002144      0x178 build/stm32f0xx_hal_gpio.o
                0x0000000008002144                HAL_GPIO_Init
 .text.HAL_GPIO_WritePin
                0x00000000080022bc        0xc build/stm32f0xx_hal_gpio.o
                0x00000000080022bc                HAL_GPIO_WritePin
 .text.HAL_GPIO_TogglePin
                0x00000000080022c8        0x8 build/stm32f0xx_hal_gpio.o
                0x00000000080022c8                HAL_GPIO_TogglePin
 .text.HAL_DMA_Init
                0x00000000080022d0       0x50 build/stm32f0xx_hal_dma.o
                0x00000000080022d0                HAL_DMA_Init
 .text.HAL_DMA_Start_IT
                0x0000000008002320       0x56 build/stm32f0xx_hal_dma.o
                0x0000000008002320                HAL_DMA_Start_IT
 *fill*         0x0000000008002376        0x2 
 .text.HAL_DMA_IRQHandler
                0x0000000008002378      0x190 build/stm32f0xx_hal_dma.o
                0x0000000008002378                HAL_DMA_IRQHandler
 .text.HAL_NVIC_SetPriority
                0x0000000008002508       0x60 build/stm32f0xx_hal_cortex.o
                0x0000000008002508                HAL_NVIC_SetPriority
 .text.HAL_NVIC_EnableIRQ
                0x0000000008002568       0x14 build/stm32f0xx_hal_cortex.o
                0x0000000008002568                HAL_NVIC_EnableIRQ
 .text.HAL_SYSTICK_Config
                0x000000000800257c       0x34 build/stm32f0xx_hal_cortex.o
                0x000000000800257c                HAL_SYSTICK_Config
 .text.HAL_SYSTICK_CLKSourceConfig
                0x00000000080025b0       0x1c build/stm32f0xx_hal_cortex.o
                0x00000000080025b0                HAL_SYSTICK_CLKSourceConfig
 .text.HAL_SYSTICK_Callback
                0x00000000080025cc        0x2 build/stm32f0xx_hal_cortex.o
                0x00000000080025cc                HAL_SYSTICK_Callback
 .text.HAL_SYSTICK_IRQHandler
                0x00000000080025ce        0x8 build/stm32f0xx_hal_cortex.o
                0x00000000080025ce                HAL_SYSTICK_IRQHandler
 *fill*         0x00000000080025d6        0x2 
 .text.SystemInit
                0x00000000080025d8       0x60 build/system_stm32f0xx.o
                0x00000000080025d8                SystemInit
 .text.Reset_Handler
                0x0000000008002638       0x50 build/startup_stm32f072xb.o
                0x0000000008002638                Reset_Handler
 .text.Default_Handler
                0x0000000008002688        0x2 build/startup_stm32f072xb.o
                0x0000000008002688                TIM1_CC_IRQHandler
                0x0000000008002688                TSC_IRQHandler
                0x0000000008002688                ADC1_COMP_IRQHandler
                0x0000000008002688                I2C1_IRQHandler
                0x0000000008002688                RCC_CRS_IRQHandler
                0x0000000008002688                SPI1_IRQHandler
                0x0000000008002688                TIM6_DAC_IRQHandler
                0x0000000008002688                USART3_4_IRQHandler
                0x0000000008002688                EXTI2_3_IRQHandler
                0x0000000008002688                I2C2_IRQHandler
                0x0000000008002688                TIM17_IRQHandler
                0x0000000008002688                CEC_CAN_IRQHandler
                0x0000000008002688                RTC_IRQHandler
                0x0000000008002688                PVD_VDDIO2_IRQHandler
                0x0000000008002688                DMA1_Channel4_5_6_7_IRQHandler
                0x0000000008002688                TIM16_IRQHandler
                0x0000000008002688                TIM3_IRQHandler
                0x0000000008002688                EXTI4_15_IRQHandler
                0x0000000008002688                DMA1_Channel1_IRQHandler
                0x0000000008002688                Default_Handler
                0x0000000008002688                TIM14_IRQHandler
                0x0000000008002688                TIM7_IRQHandler
                0x0000000008002688                TIM15_IRQHandler
                0x0000000008002688                EXTI0_1_IRQHandler
                0x0000000008002688                USB_IRQHandler
                0x0000000008002688                SPI2_IRQHandler
                0x0000000008002688                WWDG_IRQHandler
                0x0000000008002688                TIM2_IRQHandler
                0x0000000008002688                USART2_IRQHandler
                0x0000000008002688                FLASH_IRQHandler
                0x0000000008002688                USART1_IRQHandler
                0x0000000008002688                TIM1_BRK_UP_TRG_COM_IRQHandler
 *fill*         0x000000000800268a        0x2 
 .text.__libc_init_array
                0x000000000800268c       0x48 /usr/lib/gcc/arm-none-eabi/6.2.0/../../../../arm-none-eabi/lib/armv6-m/libc_nano.a(lib_a-init.o)
                0x000000000800268c                __libc_init_array
 .text.memcpy   0x00000000080026d4       0x12 /usr/lib/gcc/arm-none-eabi/6.2.0/../../../../arm-none-eabi/lib/armv6-m/libc_nano.a(lib_a-memcpy-stub.o)
                0x00000000080026d4                memcpy
 *fill*         0x00000000080026e6        0x2 
 .text._vsprintf_r
                0x00000000080026e8       0x30 /usr/lib/gcc/arm-none-eabi/6.2.0/../../../../arm-none-eabi/lib/armv6-m/libc_nano.a(lib_a-vsprintf.o)
                0x00000000080026e8                _vsiprintf_r
                0x00000000080026e8                _vsprintf_r
 .text.vsprintf
                0x0000000008002718       0x18 /usr/lib/gcc/arm-none-eabi/6.2.0/../../../../arm-none-eabi/lib/armv6-m/libc_nano.a(lib_a-vsprintf.o)
                0x0000000008002718                vsprintf
                0x0000000008002718                vsiprintf
 .text.__ssputs_r
                0x0000000008002730       0xc4 /usr/lib/gcc/arm-none-eabi/6.2.0/../../../../arm-none-eabi/lib/armv6-m/libc_nano.a(lib_a-nano-svfprintf.o)
                0x0000000008002730                __ssputs_r
 .text._svfprintf_r
                0x00000000080027f4      0x208 /usr/lib/gcc/arm-none-eabi/6.2.0/../../../../arm-none-eabi/lib/armv6-m/libc_nano.a(lib_a-nano-svfprintf.o)
                0x00000000080027f4                _svfprintf_r
                0x00000000080027f4                _svfiprintf_r
 .text._printf_common
                0x00000000080029fc       0xda /usr/lib/gcc/arm-none-eabi/6.2.0/../../../../arm-none-eabi/lib/armv6-m/libc_nano.a(lib_a-nano-vfprintf_i.o)
                0x00000000080029fc                _printf_common
 *fill*         0x0000000008002ad6        0x2 
 .text._printf_i
                0x0000000008002ad8      0x234 /usr/lib/gcc/arm-none-eabi/6.2.0/../../../../arm-none-eabi/lib/armv6-m/libc_nano.a(lib_a-nano-vfprintf_i.o)
                0x0000000008002ad8                _printf_i
 .text.memchr   0x0000000008002d0c       0x16 /usr/lib/gcc/arm-none-eabi/6.2.0/../../../../arm-none-eabi/lib/armv6-m/libc_nano.a(lib_a-memchr-stub.o)
                0x0000000008002d0c                memchr
 .text.memmove  0x0000000008002d22       0x24 /usr/lib/gcc/arm-none-eabi/6.2.0/../../../../arm-none-eabi/lib/armv6-m/libc_nano.a(lib_a-memmove.o)
                0x0000000008002d22                memmove
 *fill*         0x0000000008002d46        0x2 
 .text._free_r  0x0000000008002d48       0x84 /usr/lib/gcc/arm-none-eabi/6.2.0/../../../../arm-none-eabi/lib/armv6-m/libc_nano.a(lib_a-nano-freer.o)
                0x0000000008002d48                _free_r
 .text._malloc_r
                0x0000000008002dcc       0xa4 /usr/lib/gcc/arm-none-eabi/6.2.0/../../../../arm-none-eabi/lib/armv6-m/libc_nano.a(lib_a-nano-mallocr.o)
                0x0000000008002dcc                _malloc_r
 .text._realloc_r
                0x0000000008002e70       0x4c /usr/lib/gcc/arm-none-eabi/6.2.0/../../../../arm-none-eabi/lib/armv6-m/libc_nano.a(lib_a-nano-reallocr.o)
                0x0000000008002e70                _realloc_r
 .text._sbrk_r  0x0000000008002ebc       0x24 /usr/lib/gcc/arm-none-eabi/6.2.0/../../../../arm-none-eabi/lib/armv6-m/libc_nano.a(lib_a-sbrkr.o)
                0x0000000008002ebc                _sbrk_r
 .text._malloc_usable_size_r
                0x0000000008002ee0       0x10 /usr/lib/gcc/arm-none-eabi/6.2.0/../../../../arm-none-eabi/lib/armv6-m/libc_nano.a(lib_a-nano-msizer.o)
                0x0000000008002ee0                _malloc_usable_size_r
 .text._sbrk    0x0000000008002ef0       0x1c /usr/lib/gcc/arm-none-eabi/6.2.0/../../../../arm-none-eabi/lib/armv6-m/libnosys.a(sbrk.o)
                0x0000000008002ef0                _sbrk
 *(.glue_7)
 .glue_7        0x0000000008002f0c        0x0 linker stubs
 *(.glue_7t)
 .glue_7t       0x0000000008002f0c        0x0 linker stubs
 *(.eh_frame)
 .eh_frame      0x0000000008002f0c        0x0 /usr/lib/gcc/arm-none-eabi/6.2.0/armv6-m/crtbegin.o
 *(.init)
 .init          0x0000000008002f0c        0x4 /usr/lib/gcc/arm-none-eabi/6.2.0/armv6-m/crti.o
                0x0000000008002f0c                _init
 .init          0x0000000008002f10        0x8 /usr/lib/gcc/arm-none-eabi/6.2.0/armv6-m/crtn.o
 *(.fini)
 .fini          0x0000000008002f18        0x4 /usr/lib/gcc/arm-none-eabi/6.2.0/armv6-m/crti.o
                0x0000000008002f18                _fini
 .fini          0x0000000008002f1c        0x8 /usr/lib/gcc/arm-none-eabi/6.2.0/armv6-m/crtn.o
                0x0000000008002f24                . = ALIGN (0x4)
                0x0000000008002f24                _etext = .

.vfp11_veneer   0x0000000008002f24        0x0
 .vfp11_veneer  0x0000000008002f24        0x0 linker stubs

.v4_bx          0x0000000008002f24        0x0
 .v4_bx         0x0000000008002f24        0x0 linker stubs

.iplt           0x0000000008002f24        0x0
 .iplt          0x0000000008002f24        0x0 /usr/lib/gcc/arm-none-eabi/6.2.0/armv6-m/crtbegin.o

.rodata         0x0000000008002f24     0x2278
                0x0000000008002f24                . = ALIGN (0x4)
 *(.rodata)
 .rodata        0x0000000008002f24       0x20 build/stm32f0xx_hal_rcc.o
 *(.rodata*)
 .rodata.arp_tuning
                0x0000000008002f44       0x20 build/micromod.o
 .rodata.fine_tuning
                0x0000000008002f64       0x20 build/micromod.o
 .rodata.sine_table
                0x0000000008002f84       0x20 build/micromod.o
 .rodata.Error_Handler.str1.1
                0x0000000008002fa4        0x7 build/main.o
 .rodata.chiptune
                0x0000000008002fab     0x2194 build/main.o
                0x0000000008002fab                chiptune
 .rodata.main.str1.1
                0x000000000800513f        0xc build/main.o
 .rodata.CSWTCH.36
                0x000000000800514b        0x4 build/stm32f0xx_hal_uart.o
 .rodata.AHBPrescTable
                0x000000000800514f       0x10 build/system_stm32f0xx.o
                0x000000000800514f                AHBPrescTable
 .rodata.APBPrescTable
                0x000000000800515f        0x8 build/system_stm32f0xx.o
                0x000000000800515f                APBPrescTable
 .rodata.str1.1
                0x0000000008005167        0x2 /usr/lib/gcc/arm-none-eabi/6.2.0/../../../../arm-none-eabi/lib/armv6-m/libc_nano.a(lib_a-impure.o)
 .rodata._svfprintf_r.str1.1
                0x0000000008005169       0x11 /usr/lib/gcc/arm-none-eabi/6.2.0/../../../../arm-none-eabi/lib/armv6-m/libc_nano.a(lib_a-nano-svfprintf.o)
 .rodata._printf_i.str1.1
                0x000000000800517a       0x22 /usr/lib/gcc/arm-none-eabi/6.2.0/../../../../arm-none-eabi/lib/armv6-m/libc_nano.a(lib_a-nano-vfprintf_i.o)
                0x000000000800519c                . = ALIGN (0x4)

.rel.dyn        0x000000000800519c        0x0
 .rel.iplt      0x000000000800519c        0x0 /usr/lib/gcc/arm-none-eabi/6.2.0/armv6-m/crtbegin.o

.ARM.extab
 *(.ARM.extab* .gnu.linkonce.armextab.*)

.ARM            0x000000000800519c        0x0
                0x000000000800519c                __exidx_start = .
 *(.ARM.exidx*)
                0x000000000800519c                __exidx_end = .

.preinit_array  0x000000000800519c        0x0
                0x000000000800519c                PROVIDE (__preinit_array_start, .)
 *(.preinit_array*)
                0x000000000800519c                PROVIDE (__preinit_array_end, .)

.init_array     0x000000000800519c        0x4
                0x000000000800519c                PROVIDE (__init_array_start, .)
 *(SORT(.init_array.*))
 *(.init_array*)
 .init_array    0x000000000800519c        0x4 /usr/lib/gcc/arm-none-eabi/6.2.0/armv6-m/crtbegin.o
                0x00000000080051a0                PROVIDE (__init_array_end, .)

.fini_array     0x00000000080051a0        0x4
                0x00000000080051a0                PROVIDE (__fini_array_start, .)
 *(SORT(.fini_array.*))
 *(.fini_array*)
 .fini_array    0x00000000080051a0        0x4 /usr/lib/gcc/arm-none-eabi/6.2.0/armv6-m/crtbegin.o
                0x00000000080051a4                PROVIDE (__fini_array_end, .)
                0x00000000080051a4                _sidata = LOADADDR (.data)

.data           0x0000000020000000       0x6c load address 0x00000000080051a4
                0x0000000020000000                . = ALIGN (0x4)
                0x0000000020000000                _sdata = .
 *(.data)
 *(.data*)
 .data.active_buffer
                0x0000000020000000        0x4 build/main.o
                0x0000000020000000                active_buffer
 .data.SystemCoreClock
                0x0000000020000004        0x4 build/system_stm32f0xx.o
                0x0000000020000004                SystemCoreClock
 .data._impure_ptr
                0x0000000020000008        0x4 /usr/lib/gcc/arm-none-eabi/6.2.0/../../../../arm-none-eabi/lib/armv6-m/libc_nano.a(lib_a-impure.o)
                0x0000000020000008                _impure_ptr
 .data.impure_data
                0x000000002000000c       0x60 /usr/lib/gcc/arm-none-eabi/6.2.0/../../../../arm-none-eabi/lib/armv6-m/libc_nano.a(lib_a-impure.o)
                0x000000002000006c                . = ALIGN (0x4)
                0x000000002000006c                _edata = .

.jcr            0x000000002000006c        0x0 load address 0x0000000008005210
 .jcr           0x000000002000006c        0x0 /usr/lib/gcc/arm-none-eabi/6.2.0/armv6-m/crtbegin.o

.igot.plt       0x000000002000006c        0x0 load address 0x0000000008005210
 .igot.plt      0x000000002000006c        0x0 /usr/lib/gcc/arm-none-eabi/6.2.0/armv6-m/crtbegin.o
                0x000000002000006c                . = ALIGN (0x4)

.bss            0x000000002000006c     0x109c load address 0x0000000008005210
                0x000000002000006c                _sbss = .
                0x000000002000006c                __bss_start__ = _sbss
 *(.bss)
 *(.bss*)
 .bss.completed.8507
                0x000000002000006c        0x1 /usr/lib/gcc/arm-none-eabi/6.2.0/armv6-m/crtbegin.o
 *fill*         0x000000002000006d        0x3 
 .bss.object.8512
                0x0000000020000070       0x18 /usr/lib/gcc/arm-none-eabi/6.2.0/armv6-m/crtbegin.o
 .bss.break_pattern
                0x0000000020000088        0x4 build/micromod.o
 .bss.c2_rate   0x000000002000008c        0x4 build/micromod.o
 .bss.channels  0x0000000020000090      0x300 build/micromod.o
 .bss.gain      0x0000000020000390        0x4 build/micromod.o
 .bss.instruments
                0x0000000020000394      0x200 build/micromod.o
 .bss.module_data
                0x0000000020000594        0x4 build/micromod.o
 .bss.next_row  0x0000000020000598        0x4 build/micromod.o
 .bss.num_channels
                0x000000002000059c        0x4 build/micromod.o
 .bss.pattern   0x00000000200005a0        0x4 build/micromod.o
 .bss.pattern_data
                0x00000000200005a4        0x4 build/micromod.o
 .bss.pl_channel
                0x00000000200005a8        0x4 build/micromod.o
 .bss.pl_count  0x00000000200005ac        0x4 build/micromod.o
 .bss.random_seed
                0x00000000200005b0        0x4 build/micromod.o
 .bss.row       0x00000000200005b4        0x4 build/micromod.o
 .bss.sample_rate
                0x00000000200005b8        0x4 build/micromod.o
 .bss.sequence  0x00000000200005bc        0x4 build/micromod.o
 .bss.song_length
                0x00000000200005c0        0x4 build/micromod.o
 .bss.speed     0x00000000200005c4        0x4 build/micromod.o
 .bss.tick      0x00000000200005c8        0x4 build/micromod.o
 .bss.tick_len  0x00000000200005cc        0x4 build/micromod.o
 .bss.tick_offset
                0x00000000200005d0        0x4 build/micromod.o
 .bss.__malloc_free_list
                0x00000000200005d4        0x4 /usr/lib/gcc/arm-none-eabi/6.2.0/../../../../arm-none-eabi/lib/armv6-m/libc_nano.a(lib_a-nano-mallocr.o)
                0x00000000200005d4                __malloc_free_list
 .bss.__malloc_sbrk_start
                0x00000000200005d8        0x4 /usr/lib/gcc/arm-none-eabi/6.2.0/../../../../arm-none-eabi/lib/armv6-m/libc_nano.a(lib_a-nano-mallocr.o)
                0x00000000200005d8                __malloc_sbrk_start
 .bss.heap_end.4092
                0x00000000200005dc        0x4 /usr/lib/gcc/arm-none-eabi/6.2.0/../../../../arm-none-eabi/lib/armv6-m/libnosys.a(sbrk.o)
 *(COMMON)
 COMMON         0x00000000200005e0      0xb20 build/main.o
                0x00000000200005e0                song_length
                0x00000000200005e4                hdma_dac_ch1
                0x0000000020000620                buffer2
                0x0000000020000820                huart1
                0x0000000020000890                hdac
                0x00000000200008a4                htim6
                0x00000000200008e0                decoded
                0x0000000020000ce0                buffer1
                0x0000000020000ee0                hpcd_USB_FS
 COMMON         0x0000000020001100        0x4 build/stm32f0xx_hal.o
                0x0000000020001100                uwTick
 COMMON         0x0000000020001104        0x4 /usr/lib/gcc/arm-none-eabi/6.2.0/../../../../arm-none-eabi/lib/armv6-m/libc_nano.a(lib_a-reent.o)
                0x0000000020001104                errno
                0x0000000020001108                . = ALIGN (0x4)
                0x0000000020001108                _ebss = .
                0x0000000020001108                __bss_end__ = _ebss

._user_heap_stack
                0x0000000020001108      0x600 load address 0x0000000008005210
                0x0000000020001108                . = ALIGN (0x8)
                0x0000000020001108                PROVIDE (end, .)
                [!provide]                        PROVIDE (_end, .)
                0x0000000020001308                . = (. + _Min_Heap_Size)
 *fill*         0x0000000020001108      0x200 
                0x0000000020001708                . = (. + _Min_Stack_Size)
 *fill*         0x0000000020001308      0x400 
                0x0000000020001708                . = ALIGN (0x8)

/DISCARD/
 libc.a(*)
 libm.a(*)
 libgcc.a(*)

.ARM.attributes
                0x0000000000000000       0x28
 *(.ARM.attributes)
 .ARM.attributes
                0x0000000000000000       0x1e /usr/lib/gcc/arm-none-eabi/6.2.0/armv6-m/crti.o
 .ARM.attributes
                0x000000000000001e       0x2c /usr/lib/gcc/arm-none-eabi/6.2.0/armv6-m/crtbegin.o
 .ARM.attributes
                0x000000000000004a       0x31 build/micromod.o
 .ARM.attributes
                0x000000000000007b       0x31 build/stm32f0xx_it.o
 .ARM.attributes
                0x00000000000000ac       0x31 build/stm32f0xx_hal_msp.o
 .ARM.attributes
                0x00000000000000dd       0x31 build/main.o
 .ARM.attributes
                0x000000000000010e       0x31 build/utils.o
 .ARM.attributes
                0x000000000000013f       0x31 build/stm32f0xx_hal_dac.o
 .ARM.attributes
                0x0000000000000170       0x31 build/stm32f0xx_hal_dac_ex.o
 .ARM.attributes
                0x00000000000001a1       0x31 build/stm32f0xx_hal_tim.o
 .ARM.attributes
                0x00000000000001d2       0x31 build/stm32f0xx_hal_tim_ex.o
 .ARM.attributes
                0x0000000000000203       0x31 build/stm32f0xx_hal_uart.o
 .ARM.attributes
                0x0000000000000234       0x31 build/stm32f0xx_hal_pcd.o
 .ARM.attributes
                0x0000000000000265       0x31 build/stm32f0xx_hal_rcc.o
 .ARM.attributes
                0x0000000000000296       0x31 build/stm32f0xx_hal_rcc_ex.o
 .ARM.attributes
                0x00000000000002c7       0x31 build/stm32f0xx_hal.o
 .ARM.attributes
                0x00000000000002f8       0x31 build/stm32f0xx_hal_gpio.o
 .ARM.attributes
                0x0000000000000329       0x31 build/stm32f0xx_hal_dma.o
 .ARM.attributes
                0x000000000000035a       0x31 build/stm32f0xx_hal_cortex.o
 .ARM.attributes
                0x000000000000038b       0x31 build/system_stm32f0xx.o
 .ARM.attributes
                0x00000000000003bc       0x21 build/startup_stm32f072xb.o
 .ARM.attributes
                0x00000000000003dd       0x2c /usr/lib/gcc/arm-none-eabi/6.2.0/../../../../arm-none-eabi/lib/armv6-m/libc_nano.a(lib_a-impure.o)
 .ARM.attributes
                0x0000000000000409       0x2c /usr/lib/gcc/arm-none-eabi/6.2.0/../../../../arm-none-eabi/lib/armv6-m/libc_nano.a(lib_a-init.o)
 .ARM.attributes
                0x0000000000000435       0x2c /usr/lib/gcc/arm-none-eabi/6.2.0/../../../../arm-none-eabi/lib/armv6-m/libc_nano.a(lib_a-memcpy-stub.o)
 .ARM.attributes
                0x0000000000000461       0x2c /usr/lib/gcc/arm-none-eabi/6.2.0/../../../../arm-none-eabi/lib/armv6-m/libc_nano.a(lib_a-vsprintf.o)
 .ARM.attributes
                0x000000000000048d       0x2c /usr/lib/gcc/arm-none-eabi/6.2.0/../../../../arm-none-eabi/lib/armv6-m/libc_nano.a(lib_a-nano-svfprintf.o)
 .ARM.attributes
                0x00000000000004b9       0x2c /usr/lib/gcc/arm-none-eabi/6.2.0/../../../../arm-none-eabi/lib/armv6-m/libc_nano.a(lib_a-nano-vfprintf_i.o)
 .ARM.attributes
                0x00000000000004e5       0x2c /usr/lib/gcc/arm-none-eabi/6.2.0/../../../../arm-none-eabi/lib/armv6-m/libc_nano.a(lib_a-memchr-stub.o)
 .ARM.attributes
                0x0000000000000511       0x2c /usr/lib/gcc/arm-none-eabi/6.2.0/../../../../arm-none-eabi/lib/armv6-m/libc_nano.a(lib_a-memmove.o)
 .ARM.attributes
                0x000000000000053d       0x2c /usr/lib/gcc/arm-none-eabi/6.2.0/../../../../arm-none-eabi/lib/armv6-m/libc_nano.a(lib_a-nano-freer.o)
 .ARM.attributes
                0x0000000000000569       0x2c /usr/lib/gcc/arm-none-eabi/6.2.0/../../../../arm-none-eabi/lib/armv6-m/libc_nano.a(lib_a-nano-mallocr.o)
 .ARM.attributes
                0x0000000000000595       0x2c /usr/lib/gcc/arm-none-eabi/6.2.0/../../../../arm-none-eabi/lib/armv6-m/libc_nano.a(lib_a-nano-reallocr.o)
 .ARM.attributes
                0x00000000000005c1       0x2c /usr/lib/gcc/arm-none-eabi/6.2.0/../../../../arm-none-eabi/lib/armv6-m/libc_nano.a(lib_a-sbrkr.o)
 .ARM.attributes
                0x00000000000005ed       0x2c /usr/lib/gcc/arm-none-eabi/6.2.0/../../../../arm-none-eabi/lib/armv6-m/libc_nano.a(lib_a-nano-msizer.o)
 .ARM.attributes
                0x0000000000000619       0x2c /usr/lib/gcc/arm-none-eabi/6.2.0/../../../../arm-none-eabi/lib/armv6-m/libc_nano.a(lib_a-reent.o)
 .ARM.attributes
                0x0000000000000645       0x2c /usr/lib/gcc/arm-none-eabi/6.2.0/../../../../arm-none-eabi/lib/armv6-m/libnosys.a(sbrk.o)
 .ARM.attributes
                0x0000000000000671       0x1e /usr/lib/gcc/arm-none-eabi/6.2.0/armv6-m/libgcc.a(_thumb1_case_sqi.o)
 .ARM.attributes
                0x000000000000068f       0x1e /usr/lib/gcc/arm-none-eabi/6.2.0/armv6-m/libgcc.a(_thumb1_case_uqi.o)
 .ARM.attributes
                0x00000000000006ad       0x1e /usr/lib/gcc/arm-none-eabi/6.2.0/armv6-m/libgcc.a(_thumb1_case_uhi.o)
 .ARM.attributes
                0x00000000000006cb       0x1e /usr/lib/gcc/arm-none-eabi/6.2.0/armv6-m/libgcc.a(_udivsi3.o)
 .ARM.attributes
                0x00000000000006e9       0x1e /usr/lib/gcc/arm-none-eabi/6.2.0/armv6-m/libgcc.a(_divsi3.o)
 .ARM.attributes
                0x0000000000000707       0x1e /usr/lib/gcc/arm-none-eabi/6.2.0/armv6-m/libgcc.a(_dvmd_tls.o)
 .ARM.attributes
                0x0000000000000725       0x1e /usr/lib/gcc/arm-none-eabi/6.2.0/armv6-m/crtn.o
OUTPUT(build/thumbinator-chipdisk-disco.elf elf32-littlearm)

.debug_info     0x0000000000000000    0x19907
 .debug_info    0x0000000000000000     0x105e build/micromod.o
 .debug_info    0x000000000000105e      0xca0 build/stm32f0xx_it.o
 .debug_info    0x0000000000001cfe     0x1e0f build/stm32f0xx_hal_msp.o
 .debug_info    0x0000000000003b0d     0x2484 build/main.o
 .debug_info    0x0000000000005f91     0x103a build/utils.o
 .debug_info    0x0000000000006fcb     0x11df build/stm32f0xx_hal_dac.o
 .debug_info    0x00000000000081aa     0x1382 build/stm32f0xx_hal_dac_ex.o
 .debug_info    0x000000000000952c     0x3cd2 build/stm32f0xx_hal_tim.o
 .debug_info    0x000000000000d1fe     0x1bc5 build/stm32f0xx_hal_tim_ex.o
 .debug_info    0x000000000000edc3     0x1dde build/stm32f0xx_hal_uart.o
 .debug_info    0x0000000000010ba1     0x1ce5 build/stm32f0xx_hal_pcd.o
 .debug_info    0x0000000000012886     0x1370 build/stm32f0xx_hal_rcc.o
 .debug_info    0x0000000000013bf6     0x1025 build/stm32f0xx_hal_rcc_ex.o
 .debug_info    0x0000000000014c1b      0xf98 build/stm32f0xx_hal.o
 .debug_info    0x0000000000015bb3      0xfa8 build/stm32f0xx_hal_gpio.o
 .debug_info    0x0000000000016b5b     0x1026 build/stm32f0xx_hal_dma.o
 .debug_info    0x0000000000017b81     0x116d build/stm32f0xx_hal_cortex.o
 .debug_info    0x0000000000018cee      0xb67 build/system_stm32f0xx.o
 .debug_info    0x0000000000019855       0xb2 build/startup_stm32f072xb.o

.debug_abbrev   0x0000000000000000     0x3571
 .debug_abbrev  0x0000000000000000      0x36f build/micromod.o
 .debug_abbrev  0x000000000000036f      0x229 build/stm32f0xx_it.o
 .debug_abbrev  0x0000000000000598      0x283 build/stm32f0xx_hal_msp.o
 .debug_abbrev  0x000000000000081b      0x326 build/main.o
 .debug_abbrev  0x0000000000000b41      0x239 build/utils.o
 .debug_abbrev  0x0000000000000d7a      0x28c build/stm32f0xx_hal_dac.o
 .debug_abbrev  0x0000000000001006      0x330 build/stm32f0xx_hal_dac_ex.o
 .debug_abbrev  0x0000000000001336      0x3e7 build/stm32f0xx_hal_tim.o
 .debug_abbrev  0x000000000000171d      0x33d build/stm32f0xx_hal_tim_ex.o
 .debug_abbrev  0x0000000000001a5a      0x36d build/stm32f0xx_hal_uart.o
 .debug_abbrev  0x0000000000001dc7      0x411 build/stm32f0xx_hal_pcd.o
 .debug_abbrev  0x00000000000021d8      0x319 build/stm32f0xx_hal_rcc.o
 .debug_abbrev  0x00000000000024f1      0x2fa build/stm32f0xx_hal_rcc_ex.o
 .debug_abbrev  0x00000000000027eb      0x2e6 build/stm32f0xx_hal.o
 .debug_abbrev  0x0000000000002ad1      0x2b1 build/stm32f0xx_hal_gpio.o
 .debug_abbrev  0x0000000000002d82      0x2cd build/stm32f0xx_hal_dma.o
 .debug_abbrev  0x000000000000304f      0x333 build/stm32f0xx_hal_cortex.o
 .debug_abbrev  0x0000000000003382      0x1dd build/system_stm32f0xx.o
 .debug_abbrev  0x000000000000355f       0x12 build/startup_stm32f072xb.o

.debug_loc      0x0000000000000000     0xb4b0
 .debug_loc     0x0000000000000000     0x1538 build/micromod.o
 .debug_loc     0x0000000000001538       0x40 build/stm32f0xx_it.o
 .debug_loc     0x0000000000001578      0x1c8 build/stm32f0xx_hal_msp.o
 .debug_loc     0x0000000000001740       0xfa build/main.o
 .debug_loc     0x000000000000183a       0x4c build/utils.o
 .debug_loc     0x0000000000001886      0x318 build/stm32f0xx_hal_dac.o
 .debug_loc     0x0000000000001b9e      0x7f1 build/stm32f0xx_hal_dac_ex.o
 .debug_loc     0x000000000000238f     0x3f5e build/stm32f0xx_hal_tim.o
 .debug_loc     0x00000000000062ed      0xed1 build/stm32f0xx_hal_tim_ex.o
 .debug_loc     0x00000000000071be     0x12c6 build/stm32f0xx_hal_uart.o
 .debug_loc     0x0000000000008484     0x1397 build/stm32f0xx_hal_pcd.o
 .debug_loc     0x000000000000981b      0x5af build/stm32f0xx_hal_rcc.o
 .debug_loc     0x0000000000009dca      0x621 build/stm32f0xx_hal_rcc_ex.o
 .debug_loc     0x000000000000a3eb       0xea build/stm32f0xx_hal.o
 .debug_loc     0x000000000000a4d5      0x3ba build/stm32f0xx_hal_gpio.o
 .debug_loc     0x000000000000a88f      0x70e build/stm32f0xx_hal_dma.o
 .debug_loc     0x000000000000af9d      0x40c build/stm32f0xx_hal_cortex.o
 .debug_loc     0x000000000000b3a9      0x107 build/system_stm32f0xx.o

.debug_aranges  0x0000000000000000      0xae8
 .debug_aranges
                0x0000000000000000       0x98 build/micromod.o
 .debug_aranges
                0x0000000000000098       0x38 build/stm32f0xx_it.o
 .debug_aranges
                0x00000000000000d0       0x60 build/stm32f0xx_hal_msp.o
 .debug_aranges
                0x0000000000000130       0x38 build/main.o
 .debug_aranges
                0x0000000000000168       0x20 build/utils.o
 .debug_aranges
                0x0000000000000188       0x78 build/stm32f0xx_hal_dac.o
 .debug_aranges
                0x0000000000000200       0x98 build/stm32f0xx_hal_dac_ex.o
 .debug_aranges
                0x0000000000000298      0x258 build/stm32f0xx_hal_tim.o
 .debug_aranges
                0x00000000000004f0       0xf8 build/stm32f0xx_hal_tim_ex.o
 .debug_aranges
                0x00000000000005e8      0x128 build/stm32f0xx_hal_uart.o
 .debug_aranges
                0x0000000000000710       0xd0 build/stm32f0xx_hal_pcd.o
 .debug_aranges
                0x00000000000007e0       0x80 build/stm32f0xx_hal_rcc.o
 .debug_aranges
                0x0000000000000860       0x68 build/stm32f0xx_hal_rcc_ex.o
 .debug_aranges
                0x00000000000008c8       0x98 build/stm32f0xx_hal.o
 .debug_aranges
                0x0000000000000960       0x58 build/stm32f0xx_hal_gpio.o
 .debug_aranges
                0x00000000000009b8       0x68 build/stm32f0xx_hal_dma.o
 .debug_aranges
                0x0000000000000a20       0x78 build/stm32f0xx_hal_cortex.o
 .debug_aranges
                0x0000000000000a98       0x28 build/system_stm32f0xx.o
 .debug_aranges
                0x0000000000000ac0       0x28 build/startup_stm32f072xb.o

.debug_ranges   0x0000000000000000     0x10e0
 .debug_ranges  0x0000000000000000      0x178 build/micromod.o
 .debug_ranges  0x0000000000000178       0x28 build/stm32f0xx_it.o
 .debug_ranges  0x00000000000001a0       0xb8 build/stm32f0xx_hal_msp.o
 .debug_ranges  0x0000000000000258       0xa0 build/main.o
 .debug_ranges  0x00000000000002f8       0x10 build/utils.o
 .debug_ranges  0x0000000000000308       0x68 build/stm32f0xx_hal_dac.o
 .debug_ranges  0x0000000000000370       0x88 build/stm32f0xx_hal_dac_ex.o
 .debug_ranges  0x00000000000003f8      0x430 build/stm32f0xx_hal_tim.o
 .debug_ranges  0x0000000000000828       0xe8 build/stm32f0xx_hal_tim_ex.o
 .debug_ranges  0x0000000000000910      0x118 build/stm32f0xx_hal_uart.o
 .debug_ranges  0x0000000000000a28      0x2d0 build/stm32f0xx_hal_pcd.o
 .debug_ranges  0x0000000000000cf8       0xa0 build/stm32f0xx_hal_rcc.o
 .debug_ranges  0x0000000000000d98       0x78 build/stm32f0xx_hal_rcc_ex.o
 .debug_ranges  0x0000000000000e10       0x88 build/stm32f0xx_hal.o
 .debug_ranges  0x0000000000000e98       0x68 build/stm32f0xx_hal_gpio.o
 .debug_ranges  0x0000000000000f00       0x88 build/stm32f0xx_hal_dma.o
 .debug_ranges  0x0000000000000f88      0x120 build/stm32f0xx_hal_cortex.o
 .debug_ranges  0x00000000000010a8       0x18 build/system_stm32f0xx.o
 .debug_ranges  0x00000000000010c0       0x20 build/startup_stm32f072xb.o

.debug_line     0x0000000000000000     0x5e2a
 .debug_line    0x0000000000000000      0x45f build/micromod.o
 .debug_line    0x000000000000045f      0x200 build/stm32f0xx_it.o
 .debug_line    0x000000000000065f      0x32b build/stm32f0xx_hal_msp.o
 .debug_line    0x000000000000098a      0x3ae build/main.o
 .debug_line    0x0000000000000d38      0x1f0 build/utils.o
 .debug_line    0x0000000000000f28      0x2e7 build/stm32f0xx_hal_dac.o
 .debug_line    0x000000000000120f      0x45e build/stm32f0xx_hal_dac_ex.o
 .debug_line    0x000000000000166d     0x1270 build/stm32f0xx_hal_tim.o
 .debug_line    0x00000000000028dd      0x732 build/stm32f0xx_hal_tim_ex.o
 .debug_line    0x000000000000300f      0xa79 build/stm32f0xx_hal_uart.o
 .debug_line    0x0000000000003a88      0x7ae build/stm32f0xx_hal_pcd.o
 .debug_line    0x0000000000004236      0x56d build/stm32f0xx_hal_rcc.o
 .debug_line    0x00000000000047a3      0x475 build/stm32f0xx_hal_rcc_ex.o
 .debug_line    0x0000000000004c18      0x332 build/stm32f0xx_hal.o
 .debug_line    0x0000000000004f4a      0x35c build/stm32f0xx_hal_gpio.o
 .debug_line    0x00000000000052a6      0x5c2 build/stm32f0xx_hal_dma.o
 .debug_line    0x0000000000005868      0x347 build/stm32f0xx_hal_cortex.o
 .debug_line    0x0000000000005baf      0x1cc build/system_stm32f0xx.o
 .debug_line    0x0000000000005d7b       0xaf build/startup_stm32f072xb.o

.debug_str      0x0000000000000000     0x426d
 .debug_str     0x0000000000000000      0x541 build/micromod.o
                                        0x60a (size before relaxing)
 .debug_str     0x0000000000000541      0x65f build/stm32f0xx_it.o
                                        0x7f1 (size before relaxing)
 .debug_str     0x0000000000000ba0      0xbaf build/stm32f0xx_hal_msp.o
                                       0x131e (size before relaxing)
 .debug_str     0x000000000000174f      0x4c9 build/main.o
                                       0x174e (size before relaxing)
 .debug_str     0x0000000000001c18       0x54 build/utils.o
                                        0xa40 (size before relaxing)
 .debug_str     0x0000000000001c6c      0x13f build/stm32f0xx_hal_dac.o
                                        0xa82 (size before relaxing)
 .debug_str     0x0000000000001dab      0x1bc build/stm32f0xx_hal_dac_ex.o
                                        0xb7d (size before relaxing)
 .debug_str     0x0000000000001f67      0xd00 build/stm32f0xx_hal_tim.o
                                       0x1701 (size before relaxing)
 .debug_str     0x0000000000002c67      0x492 build/stm32f0xx_hal_tim_ex.o
                                       0x1071 (size before relaxing)
 .debug_str     0x00000000000030f9      0x45f build/stm32f0xx_hal_uart.o
                                        0xf7a (size before relaxing)
 .debug_str     0x0000000000003558      0x3a9 build/stm32f0xx_hal_pcd.o
                                        0xc6b (size before relaxing)
 .debug_str     0x0000000000003901      0x1a4 build/stm32f0xx_hal_rcc.o
                                        0x9d6 (size before relaxing)
 .debug_str     0x0000000000003aa5      0x284 build/stm32f0xx_hal_rcc_ex.o
                                        0x9eb (size before relaxing)
 .debug_str     0x0000000000003d29      0x166 build/stm32f0xx_hal.o
                                        0x9ed (size before relaxing)
 .debug_str     0x0000000000003e8f       0xf2 build/stm32f0xx_hal_gpio.o
                                        0x7e4 (size before relaxing)
 .debug_str     0x0000000000003f81      0x108 build/stm32f0xx_hal_dma.o
                                        0x8fa (size before relaxing)
 .debug_str     0x0000000000004089      0x17d build/stm32f0xx_hal_cortex.o
                                        0xa21 (size before relaxing)
 .debug_str     0x0000000000004206       0x67 build/system_stm32f0xx.o
                                        0x639 (size before relaxing)

.comment        0x0000000000000000       0x1d
 .comment       0x0000000000000000       0x1d build/micromod.o
                                         0x1e (size before relaxing)
 .comment       0x000000000000001d       0x1e build/stm32f0xx_it.o
 .comment       0x000000000000001d       0x1e build/stm32f0xx_hal_msp.o
 .comment       0x000000000000001d       0x1e build/main.o
 .comment       0x000000000000001d       0x1e build/utils.o
 .comment       0x000000000000001d       0x1e build/stm32f0xx_hal_dac.o
 .comment       0x000000000000001d       0x1e build/stm32f0xx_hal_dac_ex.o
 .comment       0x000000000000001d       0x1e build/stm32f0xx_hal_tim.o
 .comment       0x000000000000001d       0x1e build/stm32f0xx_hal_tim_ex.o
 .comment       0x000000000000001d       0x1e build/stm32f0xx_hal_uart.o
 .comment       0x000000000000001d       0x1e build/stm32f0xx_hal_pcd.o
 .comment       0x000000000000001d       0x1e build/stm32f0xx_hal_rcc.o
 .comment       0x000000000000001d       0x1e build/stm32f0xx_hal_rcc_ex.o
 .comment       0x000000000000001d       0x1e build/stm32f0xx_hal.o
 .comment       0x000000000000001d       0x1e build/stm32f0xx_hal_gpio.o
 .comment       0x000000000000001d       0x1e build/stm32f0xx_hal_dma.o
 .comment       0x000000000000001d       0x1e build/stm32f0xx_hal_cortex.o
 .comment       0x000000000000001d       0x1e build/system_stm32f0xx.o

.debug_frame    0x0000000000000000     0x278c
 .debug_frame   0x0000000000000000      0x1e0 build/micromod.o
 .debug_frame   0x00000000000001e0       0x88 build/stm32f0xx_it.o
 .debug_frame   0x0000000000000268      0x100 build/stm32f0xx_hal_msp.o
 .debug_frame   0x0000000000000368       0x8c build/main.o
 .debug_frame   0x00000000000003f4       0x30 build/utils.o
 .debug_frame   0x0000000000000424      0x170 build/stm32f0xx_hal_dac.o
 .debug_frame   0x0000000000000594      0x1ec build/stm32f0xx_hal_dac_ex.o
 .debug_frame   0x0000000000000780      0xa30 build/stm32f0xx_hal_tim.o
 .debug_frame   0x00000000000011b0      0x428 build/stm32f0xx_hal_tim_ex.o
 .debug_frame   0x00000000000015d8      0x468 build/stm32f0xx_hal_uart.o
 .debug_frame   0x0000000000001a40      0x324 build/stm32f0xx_hal_pcd.o
 .debug_frame   0x0000000000001d64      0x154 build/stm32f0xx_hal_rcc.o
 .debug_frame   0x0000000000001eb8      0x124 build/stm32f0xx_hal_rcc_ex.o
 .debug_frame   0x0000000000001fdc      0x154 build/stm32f0xx_hal.o
 .debug_frame   0x0000000000002130       0xd0 build/stm32f0xx_hal_gpio.o
 .debug_frame   0x0000000000002200      0x13c build/stm32f0xx_hal_dma.o
 .debug_frame   0x000000000000233c       0xec build/stm32f0xx_hal_cortex.o
 .debug_frame   0x0000000000002428       0x40 build/system_stm32f0xx.o
 .debug_frame   0x0000000000002468       0x2c /usr/lib/gcc/arm-none-eabi/6.2.0/../../../../arm-none-eabi/lib/armv6-m/libc_nano.a(lib_a-init.o)
 .debug_frame   0x0000000000002494       0x28 /usr/lib/gcc/arm-none-eabi/6.2.0/../../../../arm-none-eabi/lib/armv6-m/libc_nano.a(lib_a-memcpy-stub.o)
 .debug_frame   0x00000000000024bc       0x44 /usr/lib/gcc/arm-none-eabi/6.2.0/../../../../arm-none-eabi/lib/armv6-m/libc_nano.a(lib_a-vsprintf.o)
 .debug_frame   0x0000000000002500       0x74 /usr/lib/gcc/arm-none-eabi/6.2.0/../../../../arm-none-eabi/lib/armv6-m/libc_nano.a(lib_a-nano-svfprintf.o)
 .debug_frame   0x0000000000002574       0x54 /usr/lib/gcc/arm-none-eabi/6.2.0/../../../../arm-none-eabi/lib/armv6-m/libc_nano.a(lib_a-nano-vfprintf_i.o)
 .debug_frame   0x00000000000025c8       0x20 /usr/lib/gcc/arm-none-eabi/6.2.0/../../../../arm-none-eabi/lib/armv6-m/libc_nano.a(lib_a-memchr-stub.o)
 .debug_frame   0x00000000000025e8       0x28 /usr/lib/gcc/arm-none-eabi/6.2.0/../../../../arm-none-eabi/lib/armv6-m/libc_nano.a(lib_a-memmove.o)
 .debug_frame   0x0000000000002610       0x2c /usr/lib/gcc/arm-none-eabi/6.2.0/../../../../arm-none-eabi/lib/armv6-m/libc_nano.a(lib_a-nano-freer.o)
 .debug_frame   0x000000000000263c       0x2c /usr/lib/gcc/arm-none-eabi/6.2.0/../../../../arm-none-eabi/lib/armv6-m/libc_nano.a(lib_a-nano-mallocr.o)
 .debug_frame   0x0000000000002668       0x30 /usr/lib/gcc/arm-none-eabi/6.2.0/../../../../arm-none-eabi/lib/armv6-m/libc_nano.a(lib_a-nano-reallocr.o)
 .debug_frame   0x0000000000002698       0x2c /usr/lib/gcc/arm-none-eabi/6.2.0/../../../../arm-none-eabi/lib/armv6-m/libc_nano.a(lib_a-sbrkr.o)
 .debug_frame   0x00000000000026c4       0x20 /usr/lib/gcc/arm-none-eabi/6.2.0/../../../../arm-none-eabi/lib/armv6-m/libc_nano.a(lib_a-nano-msizer.o)
 .debug_frame   0x00000000000026e4       0x48 /usr/lib/gcc/arm-none-eabi/6.2.0/../../../../arm-none-eabi/lib/armv6-m/libc_nano.a(lib_a-reent.o)
 .debug_frame   0x000000000000272c       0x20 /usr/lib/gcc/arm-none-eabi/6.2.0/../../../../arm-none-eabi/lib/armv6-m/libnosys.a(sbrk.o)
 .debug_frame   0x000000000000274c       0x20 /usr/lib/gcc/arm-none-eabi/6.2.0/armv6-m/libgcc.a(_udivsi3.o)
 .debug_frame   0x000000000000276c       0x20 /usr/lib/gcc/arm-none-eabi/6.2.0/armv6-m/libgcc.a(_divsi3.o)

Cross Reference Table

Symbol                                            File
ADC1_COMP_IRQHandler                              build/startup_stm32f072xb.o
AHBPrescTable                                     build/system_stm32f0xx.o
                                                  build/stm32f0xx_hal_rcc.o
APBPrescTable                                     build/system_stm32f0xx.o
                                                  build/stm32f0xx_hal_rcc.o
CEC_CAN_IRQHandler                                build/startup_stm32f072xb.o
DAC_DMAConvCpltCh2                                build/stm32f0xx_hal_dac_ex.o
DAC_DMAErrorCh2                                   build/stm32f0xx_hal_dac_ex.o
DAC_DMAHalfConvCpltCh2                            build/stm32f0xx_hal_dac_ex.o
DMA1_Channel1_IRQHandler                          build/startup_stm32f072xb.o
DMA1_Channel2_3_IRQHandler                        build/stm32f0xx_it.o
DMA1_Channel4_5_6_7_IRQHandler                    build/startup_stm32f072xb.o
Default_Handler                                   build/startup_stm32f072xb.o
EXTI0_1_IRQHandler                                build/startup_stm32f072xb.o
EXTI2_3_IRQHandler                                build/startup_stm32f072xb.o
EXTI4_15_IRQHandler                               build/startup_stm32f072xb.o
Error_Handler                                     build/main.o
                                                  build/stm32f0xx_hal_msp.o
FLASH_IRQHandler                                  build/startup_stm32f072xb.o
FLASH_PageErase                                   build/stm32f0xx_hal_flash_ex.o
                                                  build/stm32f0xx_hal_flash.o
FLASH_WaitForLastOperation                        build/stm32f0xx_hal_flash.o
                                                  build/stm32f0xx_hal_flash_ex.o
HAL_DACEx_ConvCpltCallbackCh2                     build/stm32f0xx_hal_dac_ex.o
HAL_DACEx_ConvHalfCpltCallbackCh2                 build/stm32f0xx_hal_dac_ex.o
HAL_DACEx_DMAUnderrunCallbackCh2                  build/stm32f0xx_hal_dac_ex.o
HAL_DACEx_DualGetValue                            build/stm32f0xx_hal_dac_ex.o
HAL_DACEx_DualSetValue                            build/stm32f0xx_hal_dac_ex.o
HAL_DACEx_ErrorCallbackCh2                        build/stm32f0xx_hal_dac_ex.o
HAL_DACEx_NoiseWaveGenerate                       build/stm32f0xx_hal_dac_ex.o
HAL_DACEx_TriangleWaveGenerate                    build/stm32f0xx_hal_dac_ex.o
HAL_DAC_ConfigChannel                             build/stm32f0xx_hal_dac_ex.o
                                                  build/stm32f0xx_hal_dac.o
                                                  build/main.o
HAL_DAC_ConvCpltCallbackCh1                       build/main.o
                                                  build/stm32f0xx_hal_dac_ex.o
HAL_DAC_ConvHalfCpltCallbackCh1                   build/stm32f0xx_hal_dac.o
                                                  build/stm32f0xx_hal_dac_ex.o
HAL_DAC_DMAUnderrunCallbackCh1                    build/stm32f0xx_hal_dac.o
                                                  build/stm32f0xx_hal_dac_ex.o
HAL_DAC_DeInit                                    build/stm32f0xx_hal_dac.o
HAL_DAC_ErrorCallbackCh1                          build/stm32f0xx_hal_dac.o
                                                  build/stm32f0xx_hal_dac_ex.o
HAL_DAC_GetError                                  build/stm32f0xx_hal_dac.o
HAL_DAC_GetState                                  build/stm32f0xx_hal_dac.o
HAL_DAC_GetValue                                  build/stm32f0xx_hal_dac_ex.o
                                                  build/stm32f0xx_hal_dac.o
HAL_DAC_IRQHandler                                build/stm32f0xx_hal_dac_ex.o
                                                  build/stm32f0xx_hal_dac.o
HAL_DAC_Init                                      build/stm32f0xx_hal_dac.o
                                                  build/main.o
HAL_DAC_MspDeInit                                 build/stm32f0xx_hal_msp.o
HAL_DAC_MspInit                                   build/stm32f0xx_hal_msp.o
HAL_DAC_SetValue                                  build/stm32f0xx_hal_dac.o
HAL_DAC_Start                                     build/stm32f0xx_hal_dac_ex.o
                                                  build/stm32f0xx_hal_dac.o
HAL_DAC_Start_DMA                                 build/stm32f0xx_hal_dac_ex.o
                                                  build/stm32f0xx_hal_dac.o
                                                  build/main.o
HAL_DAC_Stop                                      build/stm32f0xx_hal_dac.o
HAL_DAC_Stop_DMA                                  build/stm32f0xx_hal_dac.o
HAL_DBGMCU_DisableDBGStandbyMode                  build/stm32f0xx_hal.o
HAL_DBGMCU_DisableDBGStopMode                     build/stm32f0xx_hal.o
HAL_DBGMCU_EnableDBGStandbyMode                   build/stm32f0xx_hal.o
HAL_DBGMCU_EnableDBGStopMode                      build/stm32f0xx_hal.o
HAL_DMA_Abort                                     build/stm32f0xx_hal_dma.o
                                                  build/stm32f0xx_hal_uart.o
                                                  build/stm32f0xx_hal_tim.o
                                                  build/stm32f0xx_hal_dac.o
HAL_DMA_Abort_IT                                  build/stm32f0xx_hal_dma.o
                                                  build/stm32f0xx_hal_i2c.o
HAL_DMA_DeInit                                    build/stm32f0xx_hal_dma.o
                                                  build/stm32f0xx_hal_msp.o
HAL_DMA_GetError                                  build/stm32f0xx_hal_dma.o
HAL_DMA_GetState                                  build/stm32f0xx_hal_dma.o
HAL_DMA_IRQHandler                                build/stm32f0xx_hal_dma.o
                                                  build/stm32f0xx_it.o
HAL_DMA_Init                                      build/stm32f0xx_hal_dma.o
                                                  build/stm32f0xx_hal_msp.o
HAL_DMA_PollForTransfer                           build/stm32f0xx_hal_dma.o
HAL_DMA_Start                                     build/stm32f0xx_hal_dma.o
HAL_DMA_Start_IT                                  build/stm32f0xx_hal_dma.o
                                                  build/stm32f0xx_hal_i2c.o
                                                  build/stm32f0xx_hal_uart.o
                                                  build/stm32f0xx_hal_tim_ex.o
                                                  build/stm32f0xx_hal_tim.o
                                                  build/stm32f0xx_hal_dac_ex.o
HAL_DeInit                                        build/stm32f0xx_hal.o
HAL_Delay                                         build/stm32f0xx_hal.o
                                                  build/main.o
HAL_FLASHEx_Erase                                 build/stm32f0xx_hal_flash_ex.o
HAL_FLASHEx_Erase_IT                              build/stm32f0xx_hal_flash_ex.o
HAL_FLASHEx_OBErase                               build/stm32f0xx_hal_flash_ex.o
HAL_FLASHEx_OBGetConfig                           build/stm32f0xx_hal_flash_ex.o
HAL_FLASHEx_OBGetUserData                         build/stm32f0xx_hal_flash_ex.o
HAL_FLASHEx_OBProgram                             build/stm32f0xx_hal_flash_ex.o
HAL_FLASH_EndOfOperationCallback                  build/stm32f0xx_hal_flash.o
HAL_FLASH_GetError                                build/stm32f0xx_hal_flash.o
HAL_FLASH_IRQHandler                              build/stm32f0xx_hal_flash.o
HAL_FLASH_Lock                                    build/stm32f0xx_hal_flash.o
HAL_FLASH_OB_Launch                               build/stm32f0xx_hal_flash.o
HAL_FLASH_OB_Lock                                 build/stm32f0xx_hal_flash.o
HAL_FLASH_OB_Unlock                               build/stm32f0xx_hal_flash.o
HAL_FLASH_OperationErrorCallback                  build/stm32f0xx_hal_flash.o
HAL_FLASH_Program                                 build/stm32f0xx_hal_flash.o
HAL_FLASH_Program_IT                              build/stm32f0xx_hal_flash.o
HAL_FLASH_Unlock                                  build/stm32f0xx_hal_flash.o
HAL_GPIO_DeInit                                   build/stm32f0xx_hal_gpio.o
                                                  build/stm32f0xx_hal_msp.o
HAL_GPIO_EXTI_Callback                            build/stm32f0xx_hal_gpio.o
HAL_GPIO_EXTI_IRQHandler                          build/stm32f0xx_hal_gpio.o
HAL_GPIO_Init                                     build/stm32f0xx_hal_gpio.o
                                                  build/stm32f0xx_hal_rcc.o
                                                  build/main.o
                                                  build/stm32f0xx_hal_msp.o
HAL_GPIO_LockPin                                  build/stm32f0xx_hal_gpio.o
HAL_GPIO_ReadPin                                  build/stm32f0xx_hal_gpio.o
HAL_GPIO_TogglePin                                build/stm32f0xx_hal_gpio.o
                                                  build/main.o
HAL_GPIO_WritePin                                 build/stm32f0xx_hal_gpio.o
                                                  build/main.o
HAL_GetDEVID                                      build/stm32f0xx_hal.o
HAL_GetHalVersion                                 build/stm32f0xx_hal.o
HAL_GetREVID                                      build/stm32f0xx_hal.o
HAL_GetTick                                       build/stm32f0xx_hal.o
                                                  build/stm32f0xx_hal_flash.o
                                                  build/stm32f0xx_hal_dma.o
                                                  build/stm32f0xx_hal_i2c.o
                                                  build/stm32f0xx_hal_rcc_ex.o
                                                  build/stm32f0xx_hal_rcc.o
                                                  build/stm32f0xx_hal_uart.o
HAL_HalfDuplex_EnableReceiver                     build/stm32f0xx_hal_uart.o
HAL_HalfDuplex_EnableTransmitter                  build/stm32f0xx_hal_uart.o
HAL_HalfDuplex_Init                               build/stm32f0xx_hal_uart.o
HAL_I2CEx_ConfigAnalogFilter                      build/stm32f0xx_hal_i2c_ex.o
HAL_I2CEx_ConfigDigitalFilter                     build/stm32f0xx_hal_i2c_ex.o
HAL_I2CEx_DisableFastModePlus                     build/stm32f0xx_hal_i2c_ex.o
HAL_I2CEx_DisableWakeUp                           build/stm32f0xx_hal_i2c_ex.o
HAL_I2CEx_EnableFastModePlus                      build/stm32f0xx_hal_i2c_ex.o
HAL_I2CEx_EnableWakeUp                            build/stm32f0xx_hal_i2c_ex.o
HAL_I2C_AbortCpltCallback                         build/stm32f0xx_hal_i2c.o
HAL_I2C_AddrCallback                              build/stm32f0xx_hal_i2c.o
HAL_I2C_DeInit                                    build/stm32f0xx_hal_i2c.o
HAL_I2C_DisableListen_IT                          build/stm32f0xx_hal_i2c.o
HAL_I2C_ER_IRQHandler                             build/stm32f0xx_hal_i2c.o
HAL_I2C_EV_IRQHandler                             build/stm32f0xx_hal_i2c.o
HAL_I2C_EnableListen_IT                           build/stm32f0xx_hal_i2c.o
HAL_I2C_ErrorCallback                             build/stm32f0xx_hal_i2c.o
HAL_I2C_GetError                                  build/stm32f0xx_hal_i2c.o
HAL_I2C_GetMode                                   build/stm32f0xx_hal_i2c.o
HAL_I2C_GetState                                  build/stm32f0xx_hal_i2c.o
HAL_I2C_Init                                      build/stm32f0xx_hal_i2c.o
HAL_I2C_IsDeviceReady                             build/stm32f0xx_hal_i2c.o
HAL_I2C_ListenCpltCallback                        build/stm32f0xx_hal_i2c.o
HAL_I2C_MasterRxCpltCallback                      build/stm32f0xx_hal_i2c.o
HAL_I2C_MasterTxCpltCallback                      build/stm32f0xx_hal_i2c.o
HAL_I2C_Master_Abort_IT                           build/stm32f0xx_hal_i2c.o
HAL_I2C_Master_Receive                            build/stm32f0xx_hal_i2c.o
HAL_I2C_Master_Receive_DMA                        build/stm32f0xx_hal_i2c.o
HAL_I2C_Master_Receive_IT                         build/stm32f0xx_hal_i2c.o
HAL_I2C_Master_Sequential_Receive_IT              build/stm32f0xx_hal_i2c.o
HAL_I2C_Master_Sequential_Transmit_IT             build/stm32f0xx_hal_i2c.o
HAL_I2C_Master_Transmit                           build/stm32f0xx_hal_i2c.o
HAL_I2C_Master_Transmit_DMA                       build/stm32f0xx_hal_i2c.o
HAL_I2C_Master_Transmit_IT                        build/stm32f0xx_hal_i2c.o
HAL_I2C_MemRxCpltCallback                         build/stm32f0xx_hal_i2c.o
HAL_I2C_MemTxCpltCallback                         build/stm32f0xx_hal_i2c.o
HAL_I2C_Mem_Read                                  build/stm32f0xx_hal_i2c.o
HAL_I2C_Mem_Read_DMA                              build/stm32f0xx_hal_i2c.o
HAL_I2C_Mem_Read_IT                               build/stm32f0xx_hal_i2c.o
HAL_I2C_Mem_Write                                 build/stm32f0xx_hal_i2c.o
HAL_I2C_Mem_Write_DMA                             build/stm32f0xx_hal_i2c.o
HAL_I2C_Mem_Write_IT                              build/stm32f0xx_hal_i2c.o
HAL_I2C_MspDeInit                                 build/stm32f0xx_hal_i2c.o
HAL_I2C_MspInit                                   build/stm32f0xx_hal_i2c.o
HAL_I2C_SlaveRxCpltCallback                       build/stm32f0xx_hal_i2c.o
HAL_I2C_SlaveTxCpltCallback                       build/stm32f0xx_hal_i2c.o
HAL_I2C_Slave_Receive                             build/stm32f0xx_hal_i2c.o
HAL_I2C_Slave_Receive_DMA                         build/stm32f0xx_hal_i2c.o
HAL_I2C_Slave_Receive_IT                          build/stm32f0xx_hal_i2c.o
HAL_I2C_Slave_Sequential_Receive_IT               build/stm32f0xx_hal_i2c.o
HAL_I2C_Slave_Sequential_Transmit_IT              build/stm32f0xx_hal_i2c.o
HAL_I2C_Slave_Transmit                            build/stm32f0xx_hal_i2c.o
HAL_I2C_Slave_Transmit_DMA                        build/stm32f0xx_hal_i2c.o
HAL_I2C_Slave_Transmit_IT                         build/stm32f0xx_hal_i2c.o
HAL_IncTick                                       build/stm32f0xx_hal.o
                                                  build/stm32f0xx_it.o
HAL_Init                                          build/stm32f0xx_hal.o
                                                  build/main.o
HAL_InitTick                                      build/stm32f0xx_hal.o
                                                  build/stm32f0xx_hal_rcc.o
HAL_LIN_Init                                      build/stm32f0xx_hal_uart_ex.o
HAL_LIN_SendBreak                                 build/stm32f0xx_hal_uart_ex.o
HAL_MspDeInit                                     build/stm32f0xx_hal.o
HAL_MspInit                                       build/stm32f0xx_hal_msp.o
HAL_MultiProcessorEx_AddressLength_Set            build/stm32f0xx_hal_uart_ex.o
HAL_MultiProcessor_DisableMuteMode                build/stm32f0xx_hal_uart.o
HAL_MultiProcessor_EnableMuteMode                 build/stm32f0xx_hal_uart.o
HAL_MultiProcessor_EnterMuteMode                  build/stm32f0xx_hal_uart.o
HAL_MultiProcessor_Init                           build/stm32f0xx_hal_uart.o
HAL_NVIC_ClearPendingIRQ                          build/stm32f0xx_hal_cortex.o
HAL_NVIC_DisableIRQ                               build/stm32f0xx_hal_cortex.o
HAL_NVIC_EnableIRQ                                build/stm32f0xx_hal_cortex.o
                                                  build/main.o
HAL_NVIC_GetPendingIRQ                            build/stm32f0xx_hal_cortex.o
HAL_NVIC_GetPriority                              build/stm32f0xx_hal_cortex.o
HAL_NVIC_SetPendingIRQ                            build/stm32f0xx_hal_cortex.o
HAL_NVIC_SetPriority                              build/stm32f0xx_hal_cortex.o
                                                  build/stm32f0xx_hal.o
                                                  build/main.o
                                                  build/stm32f0xx_hal_msp.o
HAL_NVIC_SystemReset                              build/stm32f0xx_hal_cortex.o
HAL_PCDEx_PMAConfig                               build/stm32f0xx_hal_pcd_ex.o
HAL_PCD_ActivateRemoteWakeup                      build/stm32f0xx_hal_pcd.o
HAL_PCD_ConnectCallback                           build/stm32f0xx_hal_pcd.o
HAL_PCD_DataInStageCallback                       build/stm32f0xx_hal_pcd.o
HAL_PCD_DataOutStageCallback                      build/stm32f0xx_hal_pcd.o
HAL_PCD_DeActivateRemoteWakeup                    build/stm32f0xx_hal_pcd.o
HAL_PCD_DeInit                                    build/stm32f0xx_hal_pcd.o
HAL_PCD_DevConnect                                build/stm32f0xx_hal_pcd.o
HAL_PCD_DevDisconnect                             build/stm32f0xx_hal_pcd.o
HAL_PCD_DisconnectCallback                        build/stm32f0xx_hal_pcd.o
HAL_PCD_EP_Close                                  build/stm32f0xx_hal_pcd.o
HAL_PCD_EP_ClrStall                               build/stm32f0xx_hal_pcd.o
HAL_PCD_EP_Flush                                  build/stm32f0xx_hal_pcd.o
HAL_PCD_EP_GetRxCount                             build/stm32f0xx_hal_pcd.o
HAL_PCD_EP_Open                                   build/stm32f0xx_hal_pcd.o
HAL_PCD_EP_Receive                                build/stm32f0xx_hal_pcd.o
HAL_PCD_EP_SetStall                               build/stm32f0xx_hal_pcd.o
HAL_PCD_EP_Transmit                               build/stm32f0xx_hal_pcd.o
HAL_PCD_GetState                                  build/stm32f0xx_hal_pcd.o
HAL_PCD_IRQHandler                                build/stm32f0xx_hal_pcd.o
HAL_PCD_ISOINIncompleteCallback                   build/stm32f0xx_hal_pcd.o
HAL_PCD_ISOOUTIncompleteCallback                  build/stm32f0xx_hal_pcd.o
HAL_PCD_Init                                      build/stm32f0xx_hal_pcd.o
                                                  build/main.o
HAL_PCD_MspDeInit                                 build/stm32f0xx_hal_msp.o
HAL_PCD_MspInit                                   build/stm32f0xx_hal_msp.o
HAL_PCD_ResetCallback                             build/stm32f0xx_hal_pcd.o
HAL_PCD_ResumeCallback                            build/stm32f0xx_hal_pcd.o
HAL_PCD_SOFCallback                               build/stm32f0xx_hal_pcd.o
HAL_PCD_SetAddress                                build/stm32f0xx_hal_pcd.o
HAL_PCD_SetupStageCallback                        build/stm32f0xx_hal_pcd.o
HAL_PCD_Start                                     build/stm32f0xx_hal_pcd.o
HAL_PCD_Stop                                      build/stm32f0xx_hal_pcd.o
HAL_PCD_SuspendCallback                           build/stm32f0xx_hal_pcd.o
HAL_PWREx_DisableVddio2Monitor                    build/stm32f0xx_hal_pwr_ex.o
HAL_PWREx_EnableVddio2Monitor                     build/stm32f0xx_hal_pwr_ex.o
HAL_PWREx_Vddio2MonitorCallback                   build/stm32f0xx_hal_pwr_ex.o
HAL_PWREx_Vddio2Monitor_IRQHandler                build/stm32f0xx_hal_pwr_ex.o
HAL_PWR_ConfigPVD                                 build/stm32f0xx_hal_pwr_ex.o
HAL_PWR_DeInit                                    build/stm32f0xx_hal_pwr.o
HAL_PWR_DisableBkUpAccess                         build/stm32f0xx_hal_pwr.o
HAL_PWR_DisablePVD                                build/stm32f0xx_hal_pwr_ex.o
HAL_PWR_DisableSEVOnPend                          build/stm32f0xx_hal_pwr.o
HAL_PWR_DisableSleepOnExit                        build/stm32f0xx_hal_pwr.o
HAL_PWR_DisableWakeUpPin                          build/stm32f0xx_hal_pwr.o
HAL_PWR_EnableBkUpAccess                          build/stm32f0xx_hal_pwr.o
HAL_PWR_EnablePVD                                 build/stm32f0xx_hal_pwr_ex.o
HAL_PWR_EnableSEVOnPend                           build/stm32f0xx_hal_pwr.o
HAL_PWR_EnableSleepOnExit                         build/stm32f0xx_hal_pwr.o
HAL_PWR_EnableWakeUpPin                           build/stm32f0xx_hal_pwr.o
HAL_PWR_EnterSLEEPMode                            build/stm32f0xx_hal_pwr.o
HAL_PWR_EnterSTANDBYMode                          build/stm32f0xx_hal_pwr.o
HAL_PWR_EnterSTOPMode                             build/stm32f0xx_hal_pwr.o
HAL_PWR_PVDCallback                               build/stm32f0xx_hal_pwr_ex.o
HAL_PWR_PVD_IRQHandler                            build/stm32f0xx_hal_pwr_ex.o
HAL_RCCEx_CRSConfig                               build/stm32f0xx_hal_rcc_ex.o
HAL_RCCEx_CRSGetSynchronizationInfo               build/stm32f0xx_hal_rcc_ex.o
HAL_RCCEx_CRSSoftwareSynchronizationGenerate      build/stm32f0xx_hal_rcc_ex.o
HAL_RCCEx_CRSWaitSynchronization                  build/stm32f0xx_hal_rcc_ex.o
HAL_RCCEx_CRS_ErrorCallback                       build/stm32f0xx_hal_rcc_ex.o
HAL_RCCEx_CRS_ExpectedSyncCallback                build/stm32f0xx_hal_rcc_ex.o
HAL_RCCEx_CRS_IRQHandler                          build/stm32f0xx_hal_rcc_ex.o
HAL_RCCEx_CRS_SyncOkCallback                      build/stm32f0xx_hal_rcc_ex.o
HAL_RCCEx_CRS_SyncWarnCallback                    build/stm32f0xx_hal_rcc_ex.o
HAL_RCCEx_GetPeriphCLKConfig                      build/stm32f0xx_hal_rcc_ex.o
HAL_RCCEx_GetPeriphCLKFreq                        build/stm32f0xx_hal_rcc_ex.o
HAL_RCCEx_PeriphCLKConfig                         build/stm32f0xx_hal_rcc_ex.o
                                                  build/main.o
HAL_RCC_CSSCallback                               build/stm32f0xx_hal_rcc.o
HAL_RCC_ClockConfig                               build/stm32f0xx_hal_rcc.o
                                                  build/main.o
HAL_RCC_DeInit                                    build/stm32f0xx_hal_rcc.o
HAL_RCC_DisableCSS                                build/stm32f0xx_hal_rcc.o
HAL_RCC_EnableCSS                                 build/stm32f0xx_hal_rcc.o
HAL_RCC_GetClockConfig                            build/stm32f0xx_hal_rcc.o
HAL_RCC_GetHCLKFreq                               build/stm32f0xx_hal_rcc.o
                                                  build/stm32f0xx_hal.o
                                                  build/main.o
HAL_RCC_GetOscConfig                              build/stm32f0xx_hal_rcc.o
HAL_RCC_GetPCLK1Freq                              build/stm32f0xx_hal_rcc.o
                                                  build/stm32f0xx_hal_rcc_ex.o
                                                  build/stm32f0xx_hal_uart.o
HAL_RCC_GetSysClockFreq                           build/stm32f0xx_hal_rcc.o
                                                  build/stm32f0xx_hal_rcc_ex.o
                                                  build/stm32f0xx_hal_uart.o
HAL_RCC_MCOConfig                                 build/stm32f0xx_hal_rcc.o
HAL_RCC_NMI_IRQHandler                            build/stm32f0xx_hal_rcc.o
HAL_RCC_OscConfig                                 build/stm32f0xx_hal_rcc.o
                                                  build/main.o
HAL_RS485Ex_Init                                  build/stm32f0xx_hal_uart_ex.o
HAL_ResumeTick                                    build/stm32f0xx_hal.o
HAL_SYSTICK_CLKSourceConfig                       build/stm32f0xx_hal_cortex.o
                                                  build/main.o
HAL_SYSTICK_Callback                              build/stm32f0xx_hal_cortex.o
HAL_SYSTICK_Config                                build/stm32f0xx_hal_cortex.o
                                                  build/stm32f0xx_hal.o
                                                  build/main.o
HAL_SYSTICK_IRQHandler                            build/stm32f0xx_hal_cortex.o
                                                  build/stm32f0xx_it.o
HAL_SuspendTick                                   build/stm32f0xx_hal.o
HAL_TIMEx_BreakCallback                           build/stm32f0xx_hal_tim_ex.o
                                                  build/stm32f0xx_hal_tim.o
HAL_TIMEx_CommutationCallback                     build/stm32f0xx_hal_tim_ex.o
                                                  build/stm32f0xx_hal_tim.o
HAL_TIMEx_ConfigBreakDeadTime                     build/stm32f0xx_hal_tim_ex.o
HAL_TIMEx_ConfigCommutationEvent                  build/stm32f0xx_hal_tim_ex.o
HAL_TIMEx_ConfigCommutationEvent_DMA              build/stm32f0xx_hal_tim_ex.o
HAL_TIMEx_ConfigCommutationEvent_IT               build/stm32f0xx_hal_tim_ex.o
HAL_TIMEx_HallSensor_DeInit                       build/stm32f0xx_hal_tim_ex.o
HAL_TIMEx_HallSensor_GetState                     build/stm32f0xx_hal_tim_ex.o
HAL_TIMEx_HallSensor_Init                         build/stm32f0xx_hal_tim_ex.o
HAL_TIMEx_HallSensor_MspDeInit                    build/stm32f0xx_hal_tim_ex.o
HAL_TIMEx_HallSensor_MspInit                      build/stm32f0xx_hal_tim_ex.o
HAL_TIMEx_HallSensor_Start                        build/stm32f0xx_hal_tim_ex.o
HAL_TIMEx_HallSensor_Start_DMA                    build/stm32f0xx_hal_tim_ex.o
HAL_TIMEx_HallSensor_Start_IT                     build/stm32f0xx_hal_tim_ex.o
HAL_TIMEx_HallSensor_Stop                         build/stm32f0xx_hal_tim_ex.o
HAL_TIMEx_HallSensor_Stop_DMA                     build/stm32f0xx_hal_tim_ex.o
HAL_TIMEx_HallSensor_Stop_IT                      build/stm32f0xx_hal_tim_ex.o
HAL_TIMEx_MasterConfigSynchronization             build/stm32f0xx_hal_tim_ex.o
                                                  build/main.o
HAL_TIMEx_OCN_Start                               build/stm32f0xx_hal_tim_ex.o
HAL_TIMEx_OCN_Start_DMA                           build/stm32f0xx_hal_tim_ex.o
HAL_TIMEx_OCN_Start_IT                            build/stm32f0xx_hal_tim_ex.o
HAL_TIMEx_OCN_Stop                                build/stm32f0xx_hal_tim_ex.o
HAL_TIMEx_OCN_Stop_DMA                            build/stm32f0xx_hal_tim_ex.o
HAL_TIMEx_OCN_Stop_IT                             build/stm32f0xx_hal_tim_ex.o
HAL_TIMEx_OnePulseN_Start                         build/stm32f0xx_hal_tim_ex.o
HAL_TIMEx_OnePulseN_Start_IT                      build/stm32f0xx_hal_tim_ex.o
HAL_TIMEx_OnePulseN_Stop                          build/stm32f0xx_hal_tim_ex.o
HAL_TIMEx_OnePulseN_Stop_IT                       build/stm32f0xx_hal_tim_ex.o
HAL_TIMEx_PWMN_Start                              build/stm32f0xx_hal_tim_ex.o
HAL_TIMEx_PWMN_Start_DMA                          build/stm32f0xx_hal_tim_ex.o
HAL_TIMEx_PWMN_Start_IT                           build/stm32f0xx_hal_tim_ex.o
HAL_TIMEx_PWMN_Stop                               build/stm32f0xx_hal_tim_ex.o
HAL_TIMEx_PWMN_Stop_DMA                           build/stm32f0xx_hal_tim_ex.o
HAL_TIMEx_PWMN_Stop_IT                            build/stm32f0xx_hal_tim_ex.o
HAL_TIMEx_RemapConfig                             build/stm32f0xx_hal_tim_ex.o
HAL_TIM_Base_DeInit                               build/stm32f0xx_hal_tim.o
HAL_TIM_Base_GetState                             build/stm32f0xx_hal_tim.o
HAL_TIM_Base_Init                                 build/stm32f0xx_hal_tim.o
                                                  build/main.o
HAL_TIM_Base_MspDeInit                            build/stm32f0xx_hal_msp.o
HAL_TIM_Base_MspInit                              build/stm32f0xx_hal_msp.o
HAL_TIM_Base_Start                                build/stm32f0xx_hal_tim.o
HAL_TIM_Base_Start_DMA                            build/stm32f0xx_hal_tim.o
HAL_TIM_Base_Start_IT                             build/stm32f0xx_hal_tim.o
HAL_TIM_Base_Stop                                 build/stm32f0xx_hal_tim.o
HAL_TIM_Base_Stop_DMA                             build/stm32f0xx_hal_tim.o
HAL_TIM_Base_Stop_IT                              build/stm32f0xx_hal_tim.o
HAL_TIM_ConfigClockSource                         build/stm32f0xx_hal_tim.o
HAL_TIM_ConfigOCrefClear                          build/stm32f0xx_hal_tim_ex.o
                                                  build/stm32f0xx_hal_tim.o
HAL_TIM_ConfigTI1Input                            build/stm32f0xx_hal_tim.o
HAL_TIM_DMABurst_ReadStart                        build/stm32f0xx_hal_tim.o
HAL_TIM_DMABurst_ReadStop                         build/stm32f0xx_hal_tim.o
HAL_TIM_DMABurst_WriteStart                       build/stm32f0xx_hal_tim.o
HAL_TIM_DMABurst_WriteStop                        build/stm32f0xx_hal_tim.o
HAL_TIM_Encoder_DeInit                            build/stm32f0xx_hal_tim.o
HAL_TIM_Encoder_GetState                          build/stm32f0xx_hal_tim.o
HAL_TIM_Encoder_Init                              build/stm32f0xx_hal_tim.o
HAL_TIM_Encoder_MspDeInit                         build/stm32f0xx_hal_tim.o
HAL_TIM_Encoder_MspInit                           build/stm32f0xx_hal_tim.o
HAL_TIM_Encoder_Start                             build/stm32f0xx_hal_tim.o
HAL_TIM_Encoder_Start_DMA                         build/stm32f0xx_hal_tim.o
HAL_TIM_Encoder_Start_IT                          build/stm32f0xx_hal_tim.o
HAL_TIM_Encoder_Stop                              build/stm32f0xx_hal_tim.o
HAL_TIM_Encoder_Stop_DMA                          build/stm32f0xx_hal_tim.o
HAL_TIM_Encoder_Stop_IT                           build/stm32f0xx_hal_tim.o
HAL_TIM_ErrorCallback                             build/stm32f0xx_hal_tim.o
HAL_TIM_GenerateEvent                             build/stm32f0xx_hal_tim.o
HAL_TIM_IC_CaptureCallback                        build/stm32f0xx_hal_tim.o
HAL_TIM_IC_ConfigChannel                          build/stm32f0xx_hal_tim.o
HAL_TIM_IC_DeInit                                 build/stm32f0xx_hal_tim.o
HAL_TIM_IC_GetState                               build/stm32f0xx_hal_tim.o
HAL_TIM_IC_Init                                   build/stm32f0xx_hal_tim.o
HAL_TIM_IC_MspDeInit                              build/stm32f0xx_hal_tim.o
HAL_TIM_IC_MspInit                                build/stm32f0xx_hal_tim.o
HAL_TIM_IC_Start                                  build/stm32f0xx_hal_tim.o
HAL_TIM_IC_Start_DMA                              build/stm32f0xx_hal_tim.o
HAL_TIM_IC_Start_IT                               build/stm32f0xx_hal_tim.o
HAL_TIM_IC_Stop                                   build/stm32f0xx_hal_tim.o
HAL_TIM_IC_Stop_DMA                               build/stm32f0xx_hal_tim.o
HAL_TIM_IC_Stop_IT                                build/stm32f0xx_hal_tim.o
HAL_TIM_IRQHandler                                build/stm32f0xx_hal_tim.o
HAL_TIM_OC_ConfigChannel                          build/stm32f0xx_hal_tim.o
HAL_TIM_OC_DeInit                                 build/stm32f0xx_hal_tim.o
HAL_TIM_OC_DelayElapsedCallback                   build/stm32f0xx_hal_tim.o
HAL_TIM_OC_GetState                               build/stm32f0xx_hal_tim.o
HAL_TIM_OC_Init                                   build/stm32f0xx_hal_tim.o
HAL_TIM_OC_MspDeInit                              build/stm32f0xx_hal_tim.o
HAL_TIM_OC_MspInit                                build/stm32f0xx_hal_tim.o
HAL_TIM_OC_Start                                  build/stm32f0xx_hal_tim.o
HAL_TIM_OC_Start_DMA                              build/stm32f0xx_hal_tim.o
HAL_TIM_OC_Start_IT                               build/stm32f0xx_hal_tim.o
HAL_TIM_OC_Stop                                   build/stm32f0xx_hal_tim.o
HAL_TIM_OC_Stop_DMA                               build/stm32f0xx_hal_tim.o
HAL_TIM_OC_Stop_IT                                build/stm32f0xx_hal_tim.o
HAL_TIM_OnePulse_ConfigChannel                    build/stm32f0xx_hal_tim.o
HAL_TIM_OnePulse_DeInit                           build/stm32f0xx_hal_tim.o
HAL_TIM_OnePulse_GetState                         build/stm32f0xx_hal_tim.o
HAL_TIM_OnePulse_Init                             build/stm32f0xx_hal_tim.o
HAL_TIM_OnePulse_MspDeInit                        build/stm32f0xx_hal_tim.o
HAL_TIM_OnePulse_MspInit                          build/stm32f0xx_hal_tim.o
HAL_TIM_OnePulse_Start                            build/stm32f0xx_hal_tim.o
HAL_TIM_OnePulse_Start_IT                         build/stm32f0xx_hal_tim.o
HAL_TIM_OnePulse_Stop                             build/stm32f0xx_hal_tim.o
HAL_TIM_OnePulse_Stop_IT                          build/stm32f0xx_hal_tim.o
HAL_TIM_PWM_ConfigChannel                         build/stm32f0xx_hal_tim.o
HAL_TIM_PWM_DeInit                                build/stm32f0xx_hal_tim.o
HAL_TIM_PWM_GetState                              build/stm32f0xx_hal_tim.o
HAL_TIM_PWM_Init                                  build/stm32f0xx_hal_tim.o
HAL_TIM_PWM_MspDeInit                             build/stm32f0xx_hal_tim.o
HAL_TIM_PWM_MspInit                               build/stm32f0xx_hal_tim.o
HAL_TIM_PWM_PulseFinishedCallback                 build/stm32f0xx_hal_tim.o
HAL_TIM_PWM_Start                                 build/stm32f0xx_hal_tim.o
HAL_TIM_PWM_Start_DMA                             build/stm32f0xx_hal_tim.o
HAL_TIM_PWM_Start_IT                              build/stm32f0xx_hal_tim.o
HAL_TIM_PWM_Stop                                  build/stm32f0xx_hal_tim.o
HAL_TIM_PWM_Stop_DMA                              build/stm32f0xx_hal_tim.o
HAL_TIM_PWM_Stop_IT                               build/stm32f0xx_hal_tim.o
HAL_TIM_PeriodElapsedCallback                     build/stm32f0xx_hal_tim.o
HAL_TIM_ReadCapturedValue                         build/stm32f0xx_hal_tim.o
HAL_TIM_SlaveConfigSynchronization                build/stm32f0xx_hal_tim.o
HAL_TIM_SlaveConfigSynchronization_IT             build/stm32f0xx_hal_tim.o
HAL_TIM_TriggerCallback                           build/stm32f0xx_hal_tim.o
HAL_UARTEx_DisableStopMode                        build/stm32f0xx_hal_uart_ex.o
HAL_UARTEx_EnableStopMode                         build/stm32f0xx_hal_uart_ex.o
HAL_UARTEx_StopModeWakeUpSourceConfig             build/stm32f0xx_hal_uart_ex.o
HAL_UARTEx_WakeupCallback                         build/stm32f0xx_hal_uart_ex.o
                                                  build/stm32f0xx_hal_uart.o
HAL_UART_DMAPause                                 build/stm32f0xx_hal_uart.o
HAL_UART_DMAResume                                build/stm32f0xx_hal_uart.o
HAL_UART_DMAStop                                  build/stm32f0xx_hal_uart.o
HAL_UART_DeInit                                   build/stm32f0xx_hal_uart.o
HAL_UART_ErrorCallback                            build/stm32f0xx_hal_uart.o
HAL_UART_GetError                                 build/stm32f0xx_hal_uart.o
HAL_UART_GetState                                 build/stm32f0xx_hal_uart.o
HAL_UART_IRQHandler                               build/stm32f0xx_hal_uart.o
HAL_UART_Init                                     build/stm32f0xx_hal_uart.o
                                                  build/main.o
HAL_UART_MspDeInit                                build/stm32f0xx_hal_msp.o
HAL_UART_MspInit                                  build/stm32f0xx_hal_msp.o
                                                  build/stm32f0xx_hal_uart_ex.o
HAL_UART_Receive                                  build/stm32f0xx_hal_uart.o
HAL_UART_Receive_DMA                              build/stm32f0xx_hal_uart.o
HAL_UART_Receive_IT                               build/stm32f0xx_hal_uart.o
HAL_UART_RxCpltCallback                           build/stm32f0xx_hal_uart.o
HAL_UART_RxHalfCpltCallback                       build/stm32f0xx_hal_uart.o
HAL_UART_Transmit                                 build/stm32f0xx_hal_uart.o
                                                  build/utils.o
HAL_UART_Transmit_DMA                             build/stm32f0xx_hal_uart.o
HAL_UART_Transmit_IT                              build/stm32f0xx_hal_uart.o
HAL_UART_TxCpltCallback                           build/stm32f0xx_hal_uart.o
HAL_UART_TxHalfCpltCallback                       build/stm32f0xx_hal_uart.o
HardFault_Handler                                 build/stm32f0xx_it.o
I2C1_IRQHandler                                   build/startup_stm32f072xb.o
I2C2_IRQHandler                                   build/startup_stm32f072xb.o
NMI_Handler                                       build/stm32f0xx_it.o
PCD_ReadPMA                                       build/stm32f0xx_hal_pcd.o
PCD_WritePMA                                      build/stm32f0xx_hal_pcd.o
PVD_VDDIO2_IRQHandler                             build/startup_stm32f072xb.o
PendSV_Handler                                    build/stm32f0xx_it.o
RCC_CRS_IRQHandler                                build/startup_stm32f072xb.o
RTC_IRQHandler                                    build/startup_stm32f072xb.o
Reset_Handler                                     build/startup_stm32f072xb.o
SPI1_IRQHandler                                   build/startup_stm32f072xb.o
SPI2_IRQHandler                                   build/startup_stm32f072xb.o
SVC_Handler                                       build/stm32f0xx_it.o
SysTick_Handler                                   build/stm32f0xx_it.o
SystemClock_Config                                build/main.o
SystemCoreClock                                   build/system_stm32f0xx.o
                                                  build/stm32f0xx_hal_rcc.o
SystemCoreClockUpdate                             build/system_stm32f0xx.o
SystemInit                                        build/system_stm32f0xx.o
                                                  build/startup_stm32f072xb.o
TIM14_IRQHandler                                  build/startup_stm32f072xb.o
TIM15_IRQHandler                                  build/startup_stm32f072xb.o
TIM16_IRQHandler                                  build/startup_stm32f072xb.o
TIM17_IRQHandler                                  build/startup_stm32f072xb.o
TIM1_BRK_UP_TRG_COM_IRQHandler                    build/startup_stm32f072xb.o
TIM1_CC_IRQHandler                                build/startup_stm32f072xb.o
TIM2_IRQHandler                                   build/startup_stm32f072xb.o
TIM3_IRQHandler                                   build/startup_stm32f072xb.o
TIM6_DAC_IRQHandler                               build/startup_stm32f072xb.o
TIM7_IRQHandler                                   build/startup_stm32f072xb.o
TIMEx_DMACommutationCplt                          build/stm32f0xx_hal_tim_ex.o
                                                  build/stm32f0xx_hal_tim.o
TIM_Base_SetConfig                                build/stm32f0xx_hal_tim.o
                                                  build/stm32f0xx_hal_tim_ex.o
TIM_CCxChannelCmd                                 build/stm32f0xx_hal_tim.o
                                                  build/stm32f0xx_hal_tim_ex.o
TIM_DMACaptureCplt                                build/stm32f0xx_hal_tim.o
                                                  build/stm32f0xx_hal_tim_ex.o
TIM_DMADelayPulseCplt                             build/stm32f0xx_hal_tim.o
                                                  build/stm32f0xx_hal_tim_ex.o
TIM_DMAError                                      build/stm32f0xx_hal_tim.o
                                                  build/stm32f0xx_hal_tim_ex.o
TIM_ETR_SetConfig                                 build/stm32f0xx_hal_tim.o
                                                  build/stm32f0xx_hal_tim_ex.o
TIM_OC2_SetConfig                                 build/stm32f0xx_hal_tim.o
                                                  build/stm32f0xx_hal_tim_ex.o
TIM_TI1_SetConfig                                 build/stm32f0xx_hal_tim.o
                                                  build/stm32f0xx_hal_tim_ex.o
TSC_IRQHandler                                    build/startup_stm32f072xb.o
UART_AdvFeatureConfig                             build/stm32f0xx_hal_uart.o
                                                  build/stm32f0xx_hal_uart_ex.o
UART_CheckIdleState                               build/stm32f0xx_hal_uart.o
                                                  build/stm32f0xx_hal_uart_ex.o
UART_EndTransmit_IT                               build/stm32f0xx_hal_uart.o
UART_Receive_IT                                   build/stm32f0xx_hal_uart.o
UART_SetConfig                                    build/stm32f0xx_hal_uart.o
                                                  build/stm32f0xx_hal_uart_ex.o
UART_Transmit_IT                                  build/stm32f0xx_hal_uart.o
UART_WaitOnFlagUntilTimeout                       build/stm32f0xx_hal_uart.o